******************************************************************************
                  TI ARM Linker PC v5.0.1                      
******************************************************************************
>> Linked Mon Jan 13 13:58:20 2014

OUTPUT FILE NAME:   <int_timer.out>
ENTRY POINT SYMBOL: "_c_int00"  address: 0000092d


MEMORY CONFIGURATION

         name            origin    length      used     unused   attr    fill
----------------------  --------  ---------  --------  --------  ----  --------
  FLASH                 00000000   00040000  00000c46  0003f3ba  R  X
  SRAM                  20000000   00008000  00000114  00007eec  RW X


SEGMENT ALLOCATION MAP

run origin  load origin   length   init length attrs members
----------  ----------- ---------- ----------- ----- -------
00000000    00000000    00000c48   00000c48    r-x
  00000000    00000000    0000026c   0000026c    r-- .intvecs
  0000026c    0000026c    0000089e   0000089e    r-x .text
  00000b0c    00000b0c    0000011c   0000011c    r-- .const
  00000c28    00000c28    00000020   00000020    r-- .cinit
20000000    20000000    00000100   00000000    rw-
  20000000    20000000    00000100   00000000    rw- .stack
20000100    20000100    00000014   00000014    rw-
  20000100    20000100    00000014   00000014    rw- .data


SECTION ALLOCATION MAP

 output                                  attributes/
section   page    origin      length       input sections
--------  ----  ----------  ----------   ----------------
.intvecs   0    00000000    0000026c     
                  00000000    0000026c     startup_ccs.obj (.intvecs)

.text      0    0000026c    0000089e     
                  0000026c    000001d8     driverlib-cm4f.lib : sysctl.obj (.text:SysCtlClockGet)
                  00000444    0000013c                        : sysctl.obj (.text:SysCtlClockSet)
                  00000580    000000c8                        : gpio.obj (.text:GPIOPadConfigSet)
                  00000648    0000009c     rtsv7M4_T_le_v4SPD16_eabi.lib : memcpy_t2.obj (.text)
                  000006e4    00000098     main.obj (.text)
                  0000077c    00000094     rtsv7M4_T_le_v4SPD16_eabi.lib : auto_init.obj (.text)
                  00000810    00000064     driverlib-cm4f.lib : interrupt.obj (.text:IntEnable)
                  00000874    0000005e     rtsv7M4_T_le_v4SPD16_eabi.lib : copy_decompress_rle.obj (.text)
                  000008d2    00000002     --HOLE-- [fill = 0]
                  000008d4    00000058     driverlib-cm4f.lib : sysctl.obj (.text:SysCtlPeripheralEnable)
                  0000092c    00000048     rtsv7M4_T_le_v4SPD16_eabi.lib : boot.obj (.text)
                  00000974    00000044                                   : cpy_tbl.obj (.text)
                  000009b8    00000040                                   : exit.obj (.text)
                  000009f8    0000002e     driverlib-cm4f.lib : gpio.obj (.text:GPIODirModeSet)
                  00000a26    00000002     --HOLE-- [fill = 0]
                  00000a28    00000028                        : timer.obj (.text:TimerConfigure)
                  00000a50    00000018     rtsv7M4_T_le_v4SPD16_eabi.lib : args_main.obj (.text)
                  00000a68    00000014                                   : _lock.obj (.text)
                  00000a7c    00000012     driverlib-cm4f.lib : gpio.obj (.text:GPIOPinTypeGPIOOutput)
                  00000a8e    00000012                        : timer.obj (.text:TimerLoadSet)
                  00000aa0    0000000e                        : timer.obj (.text:TimerEnable)
                  00000aae    0000000e     rtsv7M4_T_le_v4SPD16_eabi.lib : copy_decompress_none.obj (.text:decompress:none)
                  00000abc    0000000c     driverlib-cm4f.lib : cpu.obj (.text:CPUcpsie)
                  00000ac8    0000000c     startup_ccs.obj (.text)
                  00000ad4    0000000a     driverlib-cm4f.lib : gpio.obj (.text:GPIOPinRead)
                  00000ade    0000000a                        : gpio.obj (.text:GPIOPinWrite)
                  00000ae8    0000000a                        : interrupt.obj (.text:IntMasterEnable)
                  00000af2    00000008                        : timer.obj (.text:TimerIntEnable)
                  00000afa    00000006                        : sysctl.obj (.text:SysCtlDelay)
                  00000b00    00000006     rtsv7M4_T_le_v4SPD16_eabi.lib : copy_decompress_rle.obj (.text:decompress:rle24)
                  00000b06    00000004     driverlib-cm4f.lib : timer.obj (.text:TimerIntClear)

.const     0    00000b0c    0000011c     
                  00000b0c    00000070     driverlib-cm4f.lib : interrupt.obj (.const)
                  00000b7c    0000006c                        : sysctl.obj (.const:g_pulXtals)
                  00000be8    00000040                        : sysctl.obj (.const)

.cinit     0    00000c28    00000020     
                  00000c28    0000000f     (.cinit..data.load) [load image, compression = rle]
                  00000c37    00000001     --HOLE-- [fill = 0]
                  00000c38    00000008     (__TI_handler_table)
                  00000c40    00000008     (__TI_cinit_table)

.stack     0    20000000    00000100     UNINITIALIZED
                  20000000    00000100     --HOLE--

.data      0    20000100    00000014     
                  20000100    00000008     rtsv7M4_T_le_v4SPD16_eabi.lib : _lock.obj (.data)
                  20000108    00000008                                   : exit.obj (.data)
                  20000110    00000004                                   : stkdepth_vars.obj (.data)


LINKER GENERATED COPY TABLES

__TI_cinit_table @ 00000c40 records: 1, size/record: 8, table size: 8
	.data: load addr=00000c28, load size=0000000f bytes, run addr=20000100, run size=00000014 bytes, compression=rle


LINKER GENERATED HANDLER TABLE

__TI_handler_table @ 00000c38 records: 2, size/record: 4, table size: 8
	index: 0, handler: __TI_decompress_rle24
	index: 1, handler: __TI_decompress_none


GLOBAL SYMBOLS: SORTED ALPHABETICALLY BY Name 

address    name
--------   ----
000009b9   C$$EXIT
00000abd   CPUcpsie
000009f9   GPIODirModeSet
00000581   GPIOPadConfigSet
00000ad5   GPIOPinRead
00000a7d   GPIOPinTypeGPIOOutput
00000adf   GPIOPinWrite
00000811   IntEnable
00000ae9   IntMasterEnable
00000ac9   ResetISR
UNDEFED    SHT$$INIT_ARRAY$$Base
UNDEFED    SHT$$INIT_ARRAY$$Limit
0000026d   SysCtlClockGet
00000445   SysCtlClockSet
00000afb   SysCtlDelay
000008d5   SysCtlPeripheralEnable
0000073d   Timer0IntHandler
00000a29   TimerConfigure
00000aa1   TimerEnable
00000b07   TimerIntClear
00000af3   TimerIntEnable
00000a8f   TimerLoadSet
20000100   __STACK_END
00000100   __STACK_SIZE
20000100   __STACK_TOP
00000c40   __TI_CINIT_Base
00000c48   __TI_CINIT_Limit
00000c38   __TI_Handler_Table_Base
00000c40   __TI_Handler_Table_Limit
00000001   __TI_args_main
0000077d   __TI_auto_init
00000aaf   __TI_decompress_none
00000b01   __TI_decompress_rle24
00000000   __TI_static_base__
00000649   __aeabi_memcpy
00000649   __aeabi_memcpy4
00000649   __aeabi_memcpy8
ffffffff   __binit__
ffffffff   __c_args__
20000000   __stack
00000a51   _args_main
0000092d   _c_int00
20000108   _cleanup_ptr
2000010c   _dtors_ptr
20000100   _lock
00000a77   _nop
00000a6f   _register_lock
00000a69   _register_unlock
20000104   _unlock
000009bd   abort
ffffffff   binit
00000975   copy_in
000009c5   exit
00000000   g_pfnVectors
000006e5   main
20000110   main_func_sp
00000649   memcpy


GLOBAL SYMBOLS: SORTED BY Symbol Address 

address    name
--------   ----
00000000   __TI_static_base__
00000000   g_pfnVectors
00000001   __TI_args_main
00000100   __STACK_SIZE
0000026d   SysCtlClockGet
00000445   SysCtlClockSet
00000581   GPIOPadConfigSet
00000649   __aeabi_memcpy
00000649   __aeabi_memcpy4
00000649   __aeabi_memcpy8
00000649   memcpy
000006e5   main
0000073d   Timer0IntHandler
0000077d   __TI_auto_init
00000811   IntEnable
000008d5   SysCtlPeripheralEnable
0000092d   _c_int00
00000975   copy_in
000009b9   C$$EXIT
000009bd   abort
000009c5   exit
000009f9   GPIODirModeSet
00000a29   TimerConfigure
00000a51   _args_main
00000a69   _register_unlock
00000a6f   _register_lock
00000a77   _nop
00000a7d   GPIOPinTypeGPIOOutput
00000a8f   TimerLoadSet
00000aa1   TimerEnable
00000aaf   __TI_decompress_none
00000abd   CPUcpsie
00000ac9   ResetISR
00000ad5   GPIOPinRead
00000adf   GPIOPinWrite
00000ae9   IntMasterEnable
00000af3   TimerIntEnable
00000afb   SysCtlDelay
00000b01   __TI_decompress_rle24
00000b07   TimerIntClear
00000c38   __TI_Handler_Table_Base
00000c40   __TI_CINIT_Base
00000c40   __TI_Handler_Table_Limit
00000c48   __TI_CINIT_Limit
20000000   __stack
20000100   __STACK_END
20000100   __STACK_TOP
20000100   _lock
20000104   _unlock
20000108   _cleanup_ptr
2000010c   _dtors_ptr
20000110   main_func_sp
ffffffff   __binit__
ffffffff   __c_args__
ffffffff   binit
UNDEFED    SHT$$INIT_ARRAY$$Base
UNDEFED    SHT$$INIT_ARRAY$$Limit

[57 symbols]
