******************************************************************************
                  TI ARM Linker PC v5.0.1                      
******************************************************************************
>> Linked Thu Aug 22 13:45:20 2013

OUTPUT FILE NAME:   <configurando_up501.out>
ENTRY POINT SYMBOL: "_c_int00"  address: 000006f9


MEMORY CONFIGURATION

         name            origin    length      used     unused   attr    fill
----------------------  --------  ---------  --------  --------  ----  --------
  FLASH                 00000000   00040000  00000a72  0003f58e  R  X
  SRAM                  20000000   00008000  00000154  00007eac  RW X


SEGMENT ALLOCATION MAP

run origin  load origin   length   init length attrs members
----------  ----------- ---------- ----------- ----- -------
00000000    00000000    00000a78   00000a78    r-x
  00000000    00000000    000008e6   000008e6    r-x .text
  000008e8    000008e8    00000124   00000124    r-- .const
  00000a10    00000a10    00000068   00000068    r-- .cinit
20000000    20000000    00000100   00000000    rw-
  20000000    20000000    00000100   00000000    rw- .stack
20000100    20000100    00000054   00000048    rw-
  20000100    20000100    00000048   00000048    rw- .data
  20000148    20000148    0000000c   00000000    rw- .bss


SECTION ALLOCATION MAP

 output                                  attributes/
section   page    origin      length       input sections
--------  ----  ----------  ----------   ----------------
.text      0    00000000    000008e6     
                  00000000    000001d8     driverlib-cm4f.lib : sysctl.obj (.text:SysCtlClockGet)
                  000001d8    0000013c                        : sysctl.obj (.text:SysCtlClockSet)
                  00000314    000000ec     main.obj (.text)
                  00000400    000000c8     driverlib-cm4f.lib : gpio.obj (.text:GPIOPadConfigSet)
                  000004c8    0000009c     rtsv7M4_T_le_v4SPD16_eabi.lib : memcpy_t2.obj (.text)
                  00000564    00000094                                   : auto_init.obj (.text)
                  000005f8    0000005e                                   : copy_decompress_rle.obj (.text)
                  00000656    00000002     --HOLE-- [fill = 0]
                  00000658    00000058     driverlib-cm4f.lib : sysctl.obj (.text:SysCtlPeripheralEnable)
                  000006b0    00000048                        : gpio.obj (.text:GPIOPinConfigure)
                  000006f8    00000048     rtsv7M4_T_le_v4SPD16_eabi.lib : boot.obj (.text)
                  00000740    00000044                                   : cpy_tbl.obj (.text)
                  00000784    00000042     driverlib-cm4f.lib : uart.obj (.text:UARTConfigSetExpClk)
                  000007c6    00000002     --HOLE-- [fill = 0]
                  000007c8    00000040     rtsv7M4_T_le_v4SPD16_eabi.lib : exit.obj (.text)
                  00000808    0000002e     driverlib-cm4f.lib : gpio.obj (.text:GPIODirModeSet)
                  00000836    00000002     --HOLE-- [fill = 0]
                  00000838    0000001c                        : uart.obj (.text:UARTDisable)
                  00000854    00000018     rtsv7M4_T_le_v4SPD16_eabi.lib : args_main.obj (.text)
                  0000086c    00000014     driverlib-cm4f.lib : uart.obj (.text:UARTEnable)
                  00000880    00000014     rtsv7M4_T_le_v4SPD16_eabi.lib : _lock.obj (.text)
                  00000894    00000012     driverlib-cm4f.lib : gpio.obj (.text:GPIOPinTypeUART)
                  000008a6    00000012     rtsv7M4_T_le_v4SPD16_eabi.lib : copy_zero_init.obj (.text:decompress:ZI)
                  000008b8    0000000e                                   : copy_decompress_none.obj (.text:decompress:none)
                  000008c6    0000000a     driverlib-cm4f.lib : uart.obj (.text:UARTCharGet)
                  000008d0    0000000a                        : uart.obj (.text:UARTCharPut)
                  000008da    00000006                        : sysctl.obj (.text:SysCtlDelay)
                  000008e0    00000006     rtsv7M4_T_le_v4SPD16_eabi.lib : copy_decompress_rle.obj (.text:decompress:rle24)

.const     0    000008e8    00000124     
                  000008e8    00000078     driverlib-cm4f.lib : gpio.obj (.const:g_pulGPIOBaseAddrs)
                  00000960    0000006c                        : sysctl.obj (.const:g_pulXtals)
                  000009cc    00000040                        : sysctl.obj (.const)

.cinit     0    00000a10    00000068     
                  00000a10    00000043     (.cinit..data.load) [load image, compression = rle]
                  00000a53    00000001     --HOLE-- [fill = 0]
                  00000a54    0000000c     (__TI_handler_table)
                  00000a60    00000008     (.cinit..bss.load) [load image, compression = zero_init]
                  00000a68    00000010     (__TI_cinit_table)

.stack     0    20000000    00000100     UNINITIALIZED
                  20000000    00000100     --HOLE--

.data      0    20000100    00000048     
                  20000100    00000033     main.obj (.data:buferA)
                  20000133    00000001     --HOLE--
                  20000134    00000008     rtsv7M4_T_le_v4SPD16_eabi.lib : _lock.obj (.data)
                  2000013c    00000008                                   : exit.obj (.data)
                  20000144    00000004                                   : stkdepth_vars.obj (.data)

.bss       0    20000148    0000000c     UNINITIALIZED
                  20000148    0000000c     main.obj (.bss)


LINKER GENERATED COPY TABLES

__TI_cinit_table @ 00000a68 records: 2, size/record: 8, table size: 16
	.data: load addr=00000a10, load size=00000043 bytes, run addr=20000100, run size=00000048 bytes, compression=rle
	.bss: load addr=00000a60, load size=00000008 bytes, run addr=20000148, run size=0000000c bytes, compression=zero_init


LINKER GENERATED HANDLER TABLE

__TI_handler_table @ 00000a54 records: 3, size/record: 4, table size: 12
	index: 0, handler: __TI_decompress_rle24
	index: 1, handler: __TI_decompress_none
	index: 2, handler: __TI_zero_init


GLOBAL SYMBOLS: SORTED ALPHABETICALLY BY Name 

address    name
--------   ----
000007c9   C$$EXIT
00000809   GPIODirModeSet
00000401   GPIOPadConfigSet
000006b1   GPIOPinConfigure
00000895   GPIOPinTypeUART
UNDEFED    SHT$$INIT_ARRAY$$Base
UNDEFED    SHT$$INIT_ARRAY$$Limit
00000001   SysCtlClockGet
000001d9   SysCtlClockSet
000008db   SysCtlDelay
00000659   SysCtlPeripheralEnable
000008c7   UARTCharGet
000008d1   UARTCharPut
00000785   UARTConfigSetExpClk
00000839   UARTDisable
0000086d   UARTEnable
20000100   __STACK_END
00000100   __STACK_SIZE
20000100   __STACK_TOP
00000a68   __TI_CINIT_Base
00000a78   __TI_CINIT_Limit
00000a54   __TI_Handler_Table_Base
00000a60   __TI_Handler_Table_Limit
00000001   __TI_args_main
00000565   __TI_auto_init
000008b9   __TI_decompress_none
000008e1   __TI_decompress_rle24
00000000   __TI_static_base__
000008a7   __TI_zero_init
000004c9   __aeabi_memcpy
000004c9   __aeabi_memcpy4
000004c9   __aeabi_memcpy8
ffffffff   __binit__
ffffffff   __c_args__
20000000   __stack
00000855   _args_main
000006f9   _c_int00
2000013c   _cleanup_ptr
20000140   _dtors_ptr
20000134   _lock
0000088f   _nop
00000887   _register_lock
00000881   _register_unlock
20000138   _unlock
000007cd   abort
ffffffff   binit
20000100   buferA
00000741   copy_in
000007d5   exit
20000148   i
2000014c   j
20000150   k
00000315   main
20000144   main_func_sp
000004c9   memcpy


GLOBAL SYMBOLS: SORTED BY Symbol Address 

address    name
--------   ----
00000000   __TI_static_base__
00000001   SysCtlClockGet
00000001   __TI_args_main
00000100   __STACK_SIZE
000001d9   SysCtlClockSet
00000315   main
00000401   GPIOPadConfigSet
000004c9   __aeabi_memcpy
000004c9   __aeabi_memcpy4
000004c9   __aeabi_memcpy8
000004c9   memcpy
00000565   __TI_auto_init
00000659   SysCtlPeripheralEnable
000006b1   GPIOPinConfigure
000006f9   _c_int00
00000741   copy_in
00000785   UARTConfigSetExpClk
000007c9   C$$EXIT
000007cd   abort
000007d5   exit
00000809   GPIODirModeSet
00000839   UARTDisable
00000855   _args_main
0000086d   UARTEnable
00000881   _register_unlock
00000887   _register_lock
0000088f   _nop
00000895   GPIOPinTypeUART
000008a7   __TI_zero_init
000008b9   __TI_decompress_none
000008c7   UARTCharGet
000008d1   UARTCharPut
000008db   SysCtlDelay
000008e1   __TI_decompress_rle24
00000a54   __TI_Handler_Table_Base
00000a60   __TI_Handler_Table_Limit
00000a68   __TI_CINIT_Base
00000a78   __TI_CINIT_Limit
20000000   __stack
20000100   __STACK_END
20000100   __STACK_TOP
20000100   buferA
20000134   _lock
20000138   _unlock
2000013c   _cleanup_ptr
20000140   _dtors_ptr
20000144   main_func_sp
20000148   i
2000014c   j
20000150   k
ffffffff   __binit__
ffffffff   __c_args__
ffffffff   binit
UNDEFED    SHT$$INIT_ARRAY$$Base
UNDEFED    SHT$$INIT_ARRAY$$Limit

[55 symbols]
