******************************************************************************
                  TI ARM Linker PC v5.0.1                      
******************************************************************************
>> Linked Sun Apr 21 14:51:06 2013

OUTPUT FILE NAME:   <ejemplo_uart.out>
ENTRY POINT SYMBOL: "_c_int00"  address: 00000695


MEMORY CONFIGURATION

         name            origin    length      used     unused   attr    fill
----------------------  --------  ---------  --------  --------  ----  --------
  FLASH                 00000000   00040000  000009b4  0003f64c  R  X
  SRAM                  20000000   00008000  00000114  00007eec  RW X


SEGMENT ALLOCATION MAP

run origin  load origin   length   init length attrs members
----------  ----------- ---------- ----------- ----- -------
00000000    00000000    000009b8   000009b8    r-x
  00000000    00000000    00000870   00000870    r-x .text
  00000870    00000870    00000124   00000124    r-- .const
  00000998    00000998    00000020   00000020    r-- .cinit
20000000    20000000    00000100   00000000    rw-
  20000000    20000000    00000100   00000000    rw- .stack
20000100    20000100    00000014   00000014    rw-
  20000100    20000100    00000014   00000014    rw- .data


SECTION ALLOCATION MAP

 output                                  attributes/
section   page    origin      length       input sections
--------  ----  ----------  ----------   ----------------
.text      0    00000000    00000870     
                  00000000    000001d8     driverlib-cm4f.lib : sysctl.obj (.text:SysCtlClockGet)
                  000001d8    0000013c                        : sysctl.obj (.text:SysCtlClockSet)
                  00000314    000000c8                        : gpio.obj (.text:GPIOPadConfigSet)
                  000003dc    0000009c     rtsv7M4_T_le_v4SPD16_eabi.lib : memcpy_t2.obj (.text)
                  00000478    00000094                                   : auto_init.obj (.text)
                  0000050c    00000088     main.obj (.text)
                  00000594    0000005e     rtsv7M4_T_le_v4SPD16_eabi.lib : copy_decompress_rle.obj (.text)
                  000005f2    00000002     --HOLE-- [fill = 0]
                  000005f4    00000058     driverlib-cm4f.lib : sysctl.obj (.text:SysCtlPeripheralEnable)
                  0000064c    00000048                        : gpio.obj (.text:GPIOPinConfigure)
                  00000694    00000048     rtsv7M4_T_le_v4SPD16_eabi.lib : boot.obj (.text)
                  000006dc    00000044                                   : cpy_tbl.obj (.text)
                  00000720    00000042     driverlib-cm4f.lib : uart.obj (.text:UARTConfigSetExpClk)
                  00000762    00000002     --HOLE-- [fill = 0]
                  00000764    00000040     rtsv7M4_T_le_v4SPD16_eabi.lib : exit.obj (.text)
                  000007a4    0000002e     driverlib-cm4f.lib : gpio.obj (.text:GPIODirModeSet)
                  000007d2    00000002     --HOLE-- [fill = 0]
                  000007d4    0000001c                        : uart.obj (.text:UARTDisable)
                  000007f0    00000018     rtsv7M4_T_le_v4SPD16_eabi.lib : args_main.obj (.text)
                  00000808    00000014     driverlib-cm4f.lib : uart.obj (.text:UARTEnable)
                  0000081c    00000014     rtsv7M4_T_le_v4SPD16_eabi.lib : _lock.obj (.text)
                  00000830    00000012     driverlib-cm4f.lib : gpio.obj (.text:GPIOPinTypeUART)
                  00000842    0000000e     rtsv7M4_T_le_v4SPD16_eabi.lib : copy_decompress_none.obj (.text:decompress:none)
                  00000850    0000000a     driverlib-cm4f.lib : uart.obj (.text:UARTCharGet)
                  0000085a    0000000a                        : uart.obj (.text:UARTCharPut)
                  00000864    00000006                        : sysctl.obj (.text:SysCtlDelay)
                  0000086a    00000006     rtsv7M4_T_le_v4SPD16_eabi.lib : copy_decompress_rle.obj (.text:decompress:rle24)

.const     0    00000870    00000124     
                  00000870    00000078     driverlib-cm4f.lib : gpio.obj (.const:g_pulGPIOBaseAddrs)
                  000008e8    0000006c                        : sysctl.obj (.const:g_pulXtals)
                  00000954    00000040                        : sysctl.obj (.const)

.cinit     0    00000998    00000020     
                  00000998    0000000f     (.cinit..data.load) [load image, compression = rle]
                  000009a7    00000001     --HOLE-- [fill = 0]
                  000009a8    00000008     (__TI_handler_table)
                  000009b0    00000008     (__TI_cinit_table)

.stack     0    20000000    00000100     UNINITIALIZED
                  20000000    00000100     --HOLE--

.data      0    20000100    00000014     
                  20000100    00000008     rtsv7M4_T_le_v4SPD16_eabi.lib : _lock.obj (.data)
                  20000108    00000008                                   : exit.obj (.data)
                  20000110    00000004                                   : stkdepth_vars.obj (.data)


LINKER GENERATED COPY TABLES

__TI_cinit_table @ 000009b0 records: 1, size/record: 8, table size: 8
	.data: load addr=00000998, load size=0000000f bytes, run addr=20000100, run size=00000014 bytes, compression=rle


LINKER GENERATED HANDLER TABLE

__TI_handler_table @ 000009a8 records: 2, size/record: 4, table size: 8
	index: 0, handler: __TI_decompress_rle24
	index: 1, handler: __TI_decompress_none


GLOBAL SYMBOLS: SORTED ALPHABETICALLY BY Name 

address    name
--------   ----
00000765   C$$EXIT
000007a5   GPIODirModeSet
00000315   GPIOPadConfigSet
0000064d   GPIOPinConfigure
00000831   GPIOPinTypeUART
UNDEFED    SHT$$INIT_ARRAY$$Base
UNDEFED    SHT$$INIT_ARRAY$$Limit
00000001   SysCtlClockGet
000001d9   SysCtlClockSet
00000865   SysCtlDelay
000005f5   SysCtlPeripheralEnable
00000851   UARTCharGet
0000085b   UARTCharPut
00000721   UARTConfigSetExpClk
000007d5   UARTDisable
00000809   UARTEnable
20000100   __STACK_END
00000100   __STACK_SIZE
20000100   __STACK_TOP
000009b0   __TI_CINIT_Base
000009b8   __TI_CINIT_Limit
000009a8   __TI_Handler_Table_Base
000009b0   __TI_Handler_Table_Limit
00000001   __TI_args_main
00000479   __TI_auto_init
00000843   __TI_decompress_none
0000086b   __TI_decompress_rle24
00000000   __TI_static_base__
000003dd   __aeabi_memcpy
000003dd   __aeabi_memcpy4
000003dd   __aeabi_memcpy8
ffffffff   __binit__
ffffffff   __c_args__
20000000   __stack
000007f1   _args_main
00000695   _c_int00
20000108   _cleanup_ptr
2000010c   _dtors_ptr
20000100   _lock
0000082b   _nop
00000823   _register_lock
0000081d   _register_unlock
20000104   _unlock
00000769   abort
ffffffff   binit
000006dd   copy_in
00000771   exit
0000050d   main
20000110   main_func_sp
000003dd   memcpy


GLOBAL SYMBOLS: SORTED BY Symbol Address 

address    name
--------   ----
00000000   __TI_static_base__
00000001   SysCtlClockGet
00000001   __TI_args_main
00000100   __STACK_SIZE
000001d9   SysCtlClockSet
00000315   GPIOPadConfigSet
000003dd   __aeabi_memcpy
000003dd   __aeabi_memcpy4
000003dd   __aeabi_memcpy8
000003dd   memcpy
00000479   __TI_auto_init
0000050d   main
000005f5   SysCtlPeripheralEnable
0000064d   GPIOPinConfigure
00000695   _c_int00
000006dd   copy_in
00000721   UARTConfigSetExpClk
00000765   C$$EXIT
00000769   abort
00000771   exit
000007a5   GPIODirModeSet
000007d5   UARTDisable
000007f1   _args_main
00000809   UARTEnable
0000081d   _register_unlock
00000823   _register_lock
0000082b   _nop
00000831   GPIOPinTypeUART
00000843   __TI_decompress_none
00000851   UARTCharGet
0000085b   UARTCharPut
00000865   SysCtlDelay
0000086b   __TI_decompress_rle24
000009a8   __TI_Handler_Table_Base
000009b0   __TI_CINIT_Base
000009b0   __TI_Handler_Table_Limit
000009b8   __TI_CINIT_Limit
20000000   __stack
20000100   __STACK_END
20000100   __STACK_TOP
20000100   _lock
20000104   _unlock
20000108   _cleanup_ptr
2000010c   _dtors_ptr
20000110   main_func_sp
ffffffff   __binit__
ffffffff   __c_args__
ffffffff   binit
UNDEFED    SHT$$INIT_ARRAY$$Base
UNDEFED    SHT$$INIT_ARRAY$$Limit

[50 symbols]
