******************************************************************************
                  TI ARM Linker PC v5.0.1                      
******************************************************************************
>> Linked Thu Sep 19 17:33:52 2013

OUTPUT FILE NAME:   <encoder.out>
ENTRY POINT SYMBOL: "_c_int00"  address: 00010f75


MEMORY CONFIGURATION

         name            origin    length      used     unused   attr    fill
----------------------  --------  ---------  --------  --------  ----  --------
  FLASH                 00000000   00040000  000120b6  0002df4a  R  X
  SRAM                  20000000   00008000  000040a2  00003f5e  RW X


SEGMENT ALLOCATION MAP

run origin  load origin   length   init length attrs members
----------  ----------- ---------- ----------- ----- -------
00000000    00000000    000120b8   000120b8    r-x
  00000000    00000000    00011496   00011496    r-x .text
  00011498    00011498    00000b10   00000b10    r-- .const
  00011fa8    00011fa8    00000110   00000110    r-- .cinit
20000000    20000000    00003ce8   00000000    rw-
  20000000    20000000    000032c8   00000000    rw- .sysmem
  200032c8    200032c8    00000638   00000000    rw- .bss
  20003900    20003900    000003e8   00000000    rw- .stack
20003ce8    20003ce8    000003ba   000003ba    rw-
  20003ce8    20003ce8    000003ba   000003ba    rw- .data


SECTION ALLOCATION MAP

 output                                  attributes/
section   page    origin      length       input sections
--------  ----  ----------  ----------   ----------------
.text      0    00000000    00011496     
                  00000000    00002964     ff.obj (.text)
                  00002964    000021e0     kiss_fft.obj (.text)
                  00004b44    00002180     celt.obj (.text)
                  00006cc4    00001638     bands.obj (.text)
                  000082fc    00000e9e     rtsv7M4_T_le_v4SPD16_eabi.lib : _printfi.obj (.text)
                  0000919a    00000002     --HOLE-- [fill = 0]
                  0000919c    00000e58     modes.obj (.text)
                  00009ff4    00000bac     cwrs.obj (.text)
                  0000aba0    000009dc     diskio.obj (.text)
                  0000b57c    000008ec     vq.obj (.text)
                  0000be68    00000818     mdct.obj (.text)
                  0000c680    000006f8     quant_bands.obj (.text)
                  0000cd78    000005f4     rate.obj (.text)
                  0000d36c    000003d8     rtsv7M4_T_le_v4SPD16_eabi.lib : memory.obj (.text)
                  0000d744    000003be     rangeenc.obj (.text)
                  0000db02    00000002     --HOLE-- [fill = 0]
                  0000db04    00000378     rtsv7M4_T_le_v4SPD16_eabi.lib : lowlev.obj (.text)
                  0000de7c    0000030c                                   : xlog.obj (.text)
                  0000e188    000002e4                                   : trgdrv.obj (.text)
                  0000e46c    000002b4                                   : xsin.obj (.text)
                  0000e720    00000290     main.obj (.text)
                  0000e9b0    0000022a     header.obj (.text)
                  0000ebda    00000002     --HOLE-- [fill = 0]
                  0000ebdc    00000208     rtsv7M4_T_le_v4SPD16_eabi.lib : xexp.obj (.text)
                  0000ede4    000001f4                                   : ull_div_t2.obj (.text)
                  0000efd8    000001d8     driverlib-cm4f.lib : sysctl.obj (.text:SysCtlClockGet)
                  0000f1b0    000001ce     entenc.obj (.text)
                  0000f37e    00000002     --HOLE-- [fill = 0]
                  0000f380    000001c0     rtsv7M4_T_le_v4SPD16_eabi.lib : fopen.obj (.text)
                  0000f540    000001b6                                   : fd_add_t2.obj (.text)
                  0000f6f6    00000002     --HOLE-- [fill = 0]
                  0000f6f8    00000194                                   : xatan.obj (.text)
                  0000f88c    00000168                                   : fmod.obj (.text)
                  0000f9f4    00000154                                   : sqrt.obj (.text)
                  0000fb48    0000013c     driverlib-cm4f.lib : sysctl.obj (.text:SysCtlClockSet)
                  0000fc84    00000136     rtsv7M4_T_le_v4SPD16_eabi.lib : fd_div_t2.obj (.text)
                  0000fdba    00000002     --HOLE-- [fill = 0]
                  0000fdbc    00000130                                   : fputs.obj (.text)
                  0000feec    00000118                                   : atan2.obj (.text)
                  00010004    00000116     laplace.obj (.text)
                  0001011a    00000002     --HOLE-- [fill = 0]
                  0001011c    00000104     rtsv7M4_T_le_v4SPD16_eabi.lib : xdscale.obj (.text)
                  00010220    000000fc                                   : fd_mul_t2.obj (.text)
                  0001031c    000000ee     entcode.obj (.text)
                  0001040a    00000002     --HOLE-- [fill = 0]
                  0001040c    000000cc     rtsv7M4_T_le_v4SPD16_eabi.lib : setvbuf.obj (.text)
                  000104d8    000000c8     driverlib-cm4f.lib : gpio.obj (.text:GPIOPadConfigSet)
                  000105a0    000000c4     rtsv7M4_T_le_v4SPD16_eabi.lib : floor.obj (.text)
                  00010664    000000be                                   : xdnorm.obj (.text)
                  00010722    000000ac                                   : _io_perm.obj (.text)
                  000107ce    00000002     --HOLE-- [fill = 0]
                  000107d0    000000a8                                   : fflush.obj (.text)
                  00010878    0000009c                                   : fputc.obj (.text)
                  00010914    0000009c                                   : memcpy_t2.obj (.text)
                  000109b0    00000094                                   : auto_init.obj (.text)
                  00010a44    00000084                                   : fclose.obj (.text)
                  00010ac8    0000007e                                   : fd_cmp_t2.obj (.text)
                  00010b46    00000002     --HOLE-- [fill = 0]
                  00010b48    00000078                                   : exp.obj (.text)
                  00010bc0    00000078                                   : memset_t2.obj (.text)
                  00010c38    0000006c                                   : fprintf.obj (.text)
                  00010ca4    00000064                                   : fseek.obj (.text)
                  00010d08    00000064                                   : xdunscal.obj (.text)
                  00010d6c    00000060                                   : trgmsg.obj (.text)
                  00010dcc    0000005e                                   : copy_decompress_rle.obj (.text)
                  00010e2a    00000002     --HOLE-- [fill = 0]
                  00010e2c    00000058     driverlib-cm4f.lib : sysctl.obj (.text:SysCtlPeripheralEnable)
                  00010e84    00000056     rtsv7M4_T_le_v4SPD16_eabi.lib : ltoa.obj (.text)
                  00010eda    00000002     --HOLE-- [fill = 0]
                  00010edc    0000004c                                   : atoi.obj (.text)
                  00010f28    0000004a                                   : fd_tos_t2.obj (.text)
                  00010f72    00000002     --HOLE-- [fill = 0]
                  00010f74    00000048                                   : boot.obj (.text)
                  00010fbc    00000048                                   : fd_toi_t2.obj (.text)
                  00011004    00000048                                   : vsprintf.obj (.text)
                  0001104c    00000044     driverlib-cm4f.lib : ssi.obj (.text:SSIConfigSetExpClk)
                  00011090    00000044     rtsv7M4_T_le_v4SPD16_eabi.lib : cpy_tbl.obj (.text)
                  000110d4    00000044                                   : xdtest.obj (.text)
                  00011118    00000040                                   : exit.obj (.text)
                  00011158    00000040                                   : signal.obj (.text)
                  00011198    00000038                                   : fs_tod_t2.obj (.text)
                  000111d0    00000030                                   : feraiseexcept.obj (.text)
                  00011200    00000030                                   : strncpy.obj (.text)
                  00011230    00000030                                   : xferaise.obj (.text)
                  00011260    0000002e     driverlib-cm4f.lib : gpio.obj (.text:GPIODirModeSet)
                  0001128e    0000002e     rtsv7M4_T_le_v4SPD16_eabi.lib : i_tofd_t2.obj (.text)
                  000112bc    0000002e                                   : raise.obj (.text)
                  000112ea    0000001c                                   : memccpy.obj (.text)
                  00011306    0000001a                                   : cos.obj (.text)
                  00011320    0000001a                                   : log.obj (.text)
                  0001133a    0000001a                                   : sin.obj (.text)
                  00011354    00000018                                   : args_main.obj (.text)
                  0001136c    00000018                                   : ll_mul_t2.obj (.text)
                  00011384    00000018                                   : strcmp.obj (.text)
                  0001139c    00000016                                   : memchr.obj (.text)
                  000113b2    00000016                                   : strchr.obj (.text)
                  000113c8    00000014                                   : _lock.obj (.text)
                  000113dc    00000014                                   : strlen.obj (.text)
                  000113f0    00000012     driverlib-cm4f.lib : gpio.obj (.text:GPIOPinTypeGPIOOutput)
                  00011402    00000012                        : gpio.obj (.text:GPIOPinTypeSSI)
                  00011414    00000012     rtsv7M4_T_le_v4SPD16_eabi.lib : copy_zero_init.obj (.text:decompress:ZI)
                  00011426    00000012                                   : xdclass.obj (.text)
                  00011438    00000010                                   : strcpy.obj (.text)
                  00011448    0000000e                                   : copy_decompress_none.obj (.text:decompress:none)
                  00011456    0000000c     driverlib-cm4f.lib : ssi.obj (.text:SSIDataGet)
                  00011462    0000000a                        : gpio.obj (.text:GPIOPinWrite)
                  0001146c    0000000a                        : ssi.obj (.text:SSIDataPut)
                  00011476    0000000a                        : ssi.obj (.text:SSIDisable)
                  00011480    0000000a                        : ssi.obj (.text:SSIEnable)
                  0001148a    00000006                        : sysctl.obj (.text:SysCtlDelay)
                  00011490    00000006     rtsv7M4_T_le_v4SPD16_eabi.lib : copy_decompress_rle.obj (.text:decompress:rle24)

.const     0    00011498    00000b10     
                  00011498    000004b0     modes.obj (.const:band_allocation)
                  00011948    00000101     rtsv7M4_T_le_v4SPD16_eabi.lib : ctype.obj (.const:.string:_ctypes_)
                  00011a49    00000003     --HOLE-- [fill = 0]
                  00011a4c    00000100     cwrs.obj (.const:INV_TABLE)
                  00011b4c    00000092     celt.obj (.const:.string)
                  00011bde    00000002     --HOLE-- [fill = 0]
                  00011be0    00000088     rtsv7M4_T_le_v4SPD16_eabi.lib : xatan.obj (.const)
                  00011c68    00000080     ff.obj (.const:.string:excvt$1)
                  00011ce8    00000080     rtsv7M4_T_le_v4SPD16_eabi.lib : xsin.obj (.const)
                  00011d68    0000006c     driverlib-cm4f.lib : sysctl.obj (.const:g_pulXtals)
                  00011dd4    00000004     --HOLE-- [fill = 0]
                  00011dd8    00000048     rtsv7M4_T_le_v4SPD16_eabi.lib : xexp.obj (.const)
                  00011e20    00000044     celt.obj (.const)
                  00011e64    00000040     driverlib-cm4f.lib : sysctl.obj (.const)
                  00011ea4    00000040     celt.obj (.const:transientWindow)
                  00011ee4    0000003c     cwrs.obj (.const)
                  00011f20    00000038     rtsv7M4_T_le_v4SPD16_eabi.lib : xlog.obj (.const:p)
                  00011f58    00000034     modes.obj (.const:bark_freq)
                  00011f8c    0000001c     quant_bands.obj (.const)

.cinit     0    00011fa8    00000110     
                  00011fa8    000000ec     (.cinit..data.load) [load image, compression = rle]
                  00012094    0000000c     (__TI_handler_table)
                  000120a0    00000008     (.cinit..bss.load) [load image, compression = zero_init]
                  000120a8    00000010     (__TI_cinit_table)

.sysmem    0    20000000    000032c8     UNINITIALIZED
                  20000000    00000008     rtsv7M4_T_le_v4SPD16_eabi.lib : memory.obj (.sysmem)
                  20000008    000032c0     --HOLE--

.bss       0    200032c8    00000638     UNINITIALIZED
                  200032c8    00000234     main.obj (.bss:Fatfs)
                  200034fc    00000224     main.obj (.bss:Fil)
                  20003720    00000120     rtsv7M4_T_le_v4SPD16_eabi.lib : trgmsg.obj (.bss:__CIOBUF_)
                  20003840    000000a0                                   : defs.obj (.bss:_tmpnams)
                  200038e0    00000009     diskio.obj (.bss)
                  200038e9    00000008     rtsv7M4_T_le_v4SPD16_eabi.lib : trgdrv.obj (.bss)
                  200038f1    00000003     --HOLE--
                  200038f4    00000006     ff.obj (.bss)
                  200038fa    00000002     --HOLE--
                  200038fc    00000004     main.obj (.bss)

.stack     0    20003900    000003e8     UNINITIALIZED
                  20003900    000003e8     --HOLE--

.data      0    20003ce8    000003ba     
                  20003ce8    000000f0     rtsv7M4_T_le_v4SPD16_eabi.lib : defs.obj (.data:_ftable)
                  20003dd8    000000cc                                   : lowlev.obj (.data)
                  20003ea4    000000b0                                   : signal.obj (.data:sigtable)
                  20003f54    00000004                                   : errno.obj (.data)
                  20003f58    00000080                                   : xvalues.obj (.data)
                  20003fd8    00000068                                   : xfvalues.obj (.data)
                  20004040    00000024     celt.obj (.data)
                  20004064    00000010     rtsv7M4_T_le_v4SPD16_eabi.lib : defs.obj (.data)
                  20004074    0000000c                                   : memory.obj (.data)
                  20004080    00000008                                   : _lock.obj (.data)
                  20004088    00000008                                   : exit.obj (.data)
                  20004090    00000008                                   : feraiseexcept.obj (.data)
                  20004098    00000004                                   : fopen.obj (.data)
                  2000409c    00000004                                   : stkdepth_vars.obj (.data)
                  200040a0    00000002     diskio.obj (.data)


LINKER GENERATED COPY TABLES

__TI_cinit_table @ 000120a8 records: 2, size/record: 8, table size: 16
	.data: load addr=00011fa8, load size=000000ec bytes, run addr=20003ce8, run size=000003ba bytes, compression=rle
	.bss: load addr=000120a0, load size=00000008 bytes, run addr=200032c8, run size=00000638 bytes, compression=zero_init


LINKER GENERATED HANDLER TABLE

__TI_handler_table @ 00012094 records: 3, size/record: 4, table size: 12
	index: 0, handler: __TI_decompress_rle24
	index: 1, handler: __TI_decompress_none
	index: 2, handler: __TI_zero_init


GLOBAL SYMBOLS: SORTED ALPHABETICALLY BY Name 

address    name
--------   ----
00011119   C$$EXIT
00010d97   C$$IO$$
200032c8   Fatfs
200034fc   Fil
00011261   GPIODirModeSet
000104d9   GPIOPadConfigSet
000113f1   GPIOPinTypeGPIOOutput
00011403   GPIOPinTypeSSI
00011463   GPIOPinWrite
0000e41f   HOSTclock
0000e3e5   HOSTclose
0000e3a7   HOSTgetenv
0000e34b   HOSTlseek
0000e2fb   HOSTopen
0000e2ad   HOSTread
0000e24d   HOSTrename
0000e211   HOSTtime
0000e1d7   HOSTunlink
0000e189   HOSTwrite
0000aba1   SELECT
UNDEFED    SHT$$INIT_ARRAY$$Base
UNDEFED    SHT$$INIT_ARRAY$$Limit
0001104d   SSIConfigSetExpClk
00011457   SSIDataGet
0001146d   SSIDataPut
00011477   SSIDisable
00011481   SSIEnable
0000efd9   SysCtlClockGet
0000fb49   SysCtlClockSet
0001148b   SysCtlDelay
00010e2d   SysCtlPeripheralEnable
0000f6f9   _Atan
00011427   _Dclass
20003f58   _Denorm
00010665   _Dnorm
0001011d   _Dscale
000110d5   _Dtest
00010d09   _Dunscale
20003f68   _Eps
20003f54   _Errno
0000ebdd   _Exp
20003fd8   _FDenorm
20003fe8   _FEps
20003ff8   _FInf
20004008   _FNan
20004028   _FRteps
20004018   _FSnan
20004038   _FXbig
2000403c   _FZero
20004090   _Fenv
00011231   _Feraise
20003f78   _Hugeval
20003f88   _Inf
0000de7d   _Log
20003f98   _Nan
20003fb8   _Rteps
0000e46d   _Sin
20003fa8   _Snan
20004094   _Tls_setup__Fenv
20003fc8   _Xbig
20003fd0   _Zero
20003720   __CIOBUF_
20003ce8   __STACK_END
000003e8   __STACK_SIZE
20003a00   __STACK_TOP
000032c8   __SYSMEM_SIZE
000120a8   __TI_CINIT_Base
000120b8   __TI_CINIT_Limit
00012094   __TI_Handler_Table_Base
000120a0   __TI_Handler_Table_Limit
00000001   __TI_args_main
000109b1   __TI_auto_init
00011449   __TI_decompress_none
00011491   __TI_decompress_rle24
00000000   __TI_static_base__
00011415   __TI_zero_init
00010ac9   __aeabi_cdcmpeq
00010ac9   __aeabi_cdcmple
00010f29   __aeabi_d2f
00010fbd   __aeabi_d2iz
0000f54b   __aeabi_dadd
0000fc85   __aeabi_ddiv
00010221   __aeabi_dmul
0000f541   __aeabi_dsub
00011199   __aeabi_f2d
0001128f   __aeabi_i2d
0001136d   __aeabi_lmul
00010bc1   __aeabi_memclr
00010bc1   __aeabi_memclr4
00010bc1   __aeabi_memclr8
00010915   __aeabi_memcpy
00010915   __aeabi_memcpy4
00010915   __aeabi_memcpy8
00010bc3   __aeabi_memset
00010bc3   __aeabi_memset4
00010bc3   __aeabi_memset8
20004070   __aeabi_stderr
20004068   __aeabi_stdin
2000406c   __aeabi_stdout
0000ede5   __aeabi_uldivmod
ffffffff   __binit__
ffffffff   __c_args__
20003900   __stack
00011355   _args_main
00010f75   _c_int00
00005009   _celt_autocorr
00004c71   _celt_lpc
0000f449   _cleanup
20004088   _cleanup_ptr
00010a45   _closefile
00011948   _ctypes_
000107d1   _doflush
2000408c   _dtors_ptr
20004064   _ft_end
20003ce8   _ftable
20004080   _lock
000113d7   _nop
00008e93   _printfi
00010785   _rd_ok
000113cf   _register_lock
000113c9   _register_unlock
20000000   _sys_memory
20003840   _tmpnams
20004084   _unlock
00010723   _wrt_ok
0001111d   abort
0000dde9   add_device
0000b825   alg_quant
000074a3   apply_pitch
0000feed   atan2
00010edd   atoi
ffffffff   binit
200038fc   bw
0000d705   calloc
0000694d   celt_encode
00005e15   celt_encode_float
000051ed   celt_encoder_create
00006a79   celt_encoder_ctl
00005533   celt_encoder_destroy
000053e5   celt_encoder_print
0000eafb   celt_header_from_packet
0000e9c1   celt_header_init
0000ea3f   celt_header_to_packet
00009661   celt_mode_create
00009ceb   celt_mode_destroy
000091fd   celt_mode_info
00009aa1   celt_mode_print
00006c81   celt_strerror
00009ebb   check_mode
0000dd95   close
0000c2a9   clt_mdct_backward
0000bf39   clt_mdct_clear
0000bf61   clt_mdct_forward
0000be83   clt_mdct_init
00000297   clust2sect
0000cdb7   compute_alloc_cache
0000d191   compute_allocation
00006df9   compute_band_energies
000071a9   compute_pitch_gain
00011091   copy_in
00011307   cos
00007049   denormalise_bands
0000af69   disk_initialize
0000b321   disk_ioctl
0000b17d   disk_read
0000b15b   disk_status
0000b529   disk_timerproc
0000b239   disk_write
00011f8c   eMeans
0000f1eb   ec_byte_shrink
0000f20b   ec_byte_write1
0000f241   ec_byte_write_at_end
0000f1bf   ec_byte_writeinit_buffer
0000f26d   ec_enc_bits
0000da27   ec_enc_done
0000d7f7   ec_enc_init
0000d991   ec_enc_tell
0000f2c9   ec_enc_uint
0000d837   ec_encode
0000d899   ec_encode_bin
0000d901   ec_encode_raw
0001031d   ec_ilog
000100f7   ec_laplace_encode
00010031   ec_laplace_encode_start
00010005   ec_laplace_get_start_freq
0000aafb   encode_pulses
00011125   exit
00010b49   exp
000026f7   f_chmod
00001db7   f_close
000021af   f_getfree
00001dd7   f_lseek
0000250d   f_mkdir
00001551   f_mount
000015a5   f_open
00002025   f_opendir
000017bd   f_read
000020d5   f_readdir
0000280d   f_rename
0000215f   f_stat
00001cb7   f_sync
00002311   f_truncate
0000240d   f_unlink
00002787   f_utime
00001a13   f_write
00010a9f   fclose
000111d1   feraiseexcept
0001081d   fflush
00004e95   fir
0000a547   fits_in32
000105a1   floor
0000f88d   fmod
00007729   folding_decision
0000f49f   fopen
00010c41   fprintf
00010879   fputc
0000fdbd   fputs
0000d45b   free
0000f475   freopen
00010ca5   fseek
000002c7   get_fat
0000b56d   get_fattime
0000a9af   get_required_bits
20004040   global_stack
0000a687   icwrs
00004f55   iir
0000c6cb   intra_decision
0000be27   intra_fold
0000450f   kf_work_celt_single
00004653   ki_work_celt_single
00004813   kiss_fft_alloc_celt_single
00004a3f   kiss_fft_celt_single
00004975   kiss_fft_stride_celt_single
00004add   kiss_ifft_celt_single
00004a55   kiss_ifft_stride_celt_single
00011321   log
0000a489   log2_frac
0000dd47   lseek
00010e85   ltoa
0000e721   main
2000409c   main_func_sp
0000d3f9   malloc
0000d62f   memalign
000112eb   memccpy
0001139d   memchr
00010915   memcpy
00010bc9   memset
0000d36d   minit
00006ed5   normalise_bands
0000dcbb   open
000003eb   put_fat
000108ff   putc
00010903   putchar
0000fec5   puts
00007a69   quant_bands
00007cd5   quant_bands_stereo
0000c81d   quant_coarse_energy
0000cc05   quant_energy_finalise
0000ca49   quant_fine_energy
0000c749   quant_prob_alloc
0000c807   quant_prob_free
000112bd   raise
0000dc43   read
00010d9b   readmsg
0000d525   realloc
0000dbbb   remove
0000dc1b   remove_device
0000dbdf   rename
00006fbd   renormalise_bands
0000bcd7   renormalise_vector
0001040d   setvbuf
00011159   signal
0001133b   sin
0000f9f5   sqrt
000113b3   strchr
00011385   strcmp
00011439   strcpy
000113dd   strlen
00011201   strncpy
0000dbbb   unlink
00011005   vsprintf
0000db05   write
00010d6d   writemsg


GLOBAL SYMBOLS: SORTED BY Symbol Address 

address    name
--------   ----
00000000   __TI_static_base__
00000001   __TI_args_main
00000297   clust2sect
000002c7   get_fat
000003e8   __STACK_SIZE
000003eb   put_fat
00001551   f_mount
000015a5   f_open
000017bd   f_read
00001a13   f_write
00001cb7   f_sync
00001db7   f_close
00001dd7   f_lseek
00002025   f_opendir
000020d5   f_readdir
0000215f   f_stat
000021af   f_getfree
00002311   f_truncate
0000240d   f_unlink
0000250d   f_mkdir
000026f7   f_chmod
00002787   f_utime
0000280d   f_rename
000032c8   __SYSMEM_SIZE
0000450f   kf_work_celt_single
00004653   ki_work_celt_single
00004813   kiss_fft_alloc_celt_single
00004975   kiss_fft_stride_celt_single
00004a3f   kiss_fft_celt_single
00004a55   kiss_ifft_stride_celt_single
00004add   kiss_ifft_celt_single
00004c71   _celt_lpc
00004e95   fir
00004f55   iir
00005009   _celt_autocorr
000051ed   celt_encoder_create
000053e5   celt_encoder_print
00005533   celt_encoder_destroy
00005e15   celt_encode_float
0000694d   celt_encode
00006a79   celt_encoder_ctl
00006c81   celt_strerror
00006df9   compute_band_energies
00006ed5   normalise_bands
00006fbd   renormalise_bands
00007049   denormalise_bands
000071a9   compute_pitch_gain
000074a3   apply_pitch
00007729   folding_decision
00007a69   quant_bands
00007cd5   quant_bands_stereo
00008e93   _printfi
000091fd   celt_mode_info
00009661   celt_mode_create
00009aa1   celt_mode_print
00009ceb   celt_mode_destroy
00009ebb   check_mode
0000a489   log2_frac
0000a547   fits_in32
0000a687   icwrs
0000a9af   get_required_bits
0000aafb   encode_pulses
0000aba1   SELECT
0000af69   disk_initialize
0000b15b   disk_status
0000b17d   disk_read
0000b239   disk_write
0000b321   disk_ioctl
0000b529   disk_timerproc
0000b56d   get_fattime
0000b825   alg_quant
0000bcd7   renormalise_vector
0000be27   intra_fold
0000be83   clt_mdct_init
0000bf39   clt_mdct_clear
0000bf61   clt_mdct_forward
0000c2a9   clt_mdct_backward
0000c6cb   intra_decision
0000c749   quant_prob_alloc
0000c807   quant_prob_free
0000c81d   quant_coarse_energy
0000ca49   quant_fine_energy
0000cc05   quant_energy_finalise
0000cdb7   compute_alloc_cache
0000d191   compute_allocation
0000d36d   minit
0000d3f9   malloc
0000d45b   free
0000d525   realloc
0000d62f   memalign
0000d705   calloc
0000d7f7   ec_enc_init
0000d837   ec_encode
0000d899   ec_encode_bin
0000d901   ec_encode_raw
0000d991   ec_enc_tell
0000da27   ec_enc_done
0000db05   write
0000dbbb   remove
0000dbbb   unlink
0000dbdf   rename
0000dc1b   remove_device
0000dc43   read
0000dcbb   open
0000dd47   lseek
0000dd95   close
0000dde9   add_device
0000de7d   _Log
0000e189   HOSTwrite
0000e1d7   HOSTunlink
0000e211   HOSTtime
0000e24d   HOSTrename
0000e2ad   HOSTread
0000e2fb   HOSTopen
0000e34b   HOSTlseek
0000e3a7   HOSTgetenv
0000e3e5   HOSTclose
0000e41f   HOSTclock
0000e46d   _Sin
0000e721   main
0000e9c1   celt_header_init
0000ea3f   celt_header_to_packet
0000eafb   celt_header_from_packet
0000ebdd   _Exp
0000ede5   __aeabi_uldivmod
0000efd9   SysCtlClockGet
0000f1bf   ec_byte_writeinit_buffer
0000f1eb   ec_byte_shrink
0000f20b   ec_byte_write1
0000f241   ec_byte_write_at_end
0000f26d   ec_enc_bits
0000f2c9   ec_enc_uint
0000f449   _cleanup
0000f475   freopen
0000f49f   fopen
0000f541   __aeabi_dsub
0000f54b   __aeabi_dadd
0000f6f9   _Atan
0000f88d   fmod
0000f9f5   sqrt
0000fb49   SysCtlClockSet
0000fc85   __aeabi_ddiv
0000fdbd   fputs
0000fec5   puts
0000feed   atan2
00010005   ec_laplace_get_start_freq
00010031   ec_laplace_encode_start
000100f7   ec_laplace_encode
0001011d   _Dscale
00010221   __aeabi_dmul
0001031d   ec_ilog
0001040d   setvbuf
000104d9   GPIOPadConfigSet
000105a1   floor
00010665   _Dnorm
00010723   _wrt_ok
00010785   _rd_ok
000107d1   _doflush
0001081d   fflush
00010879   fputc
000108ff   putc
00010903   putchar
00010915   __aeabi_memcpy
00010915   __aeabi_memcpy4
00010915   __aeabi_memcpy8
00010915   memcpy
000109b1   __TI_auto_init
00010a45   _closefile
00010a9f   fclose
00010ac9   __aeabi_cdcmpeq
00010ac9   __aeabi_cdcmple
00010b49   exp
00010bc1   __aeabi_memclr
00010bc1   __aeabi_memclr4
00010bc1   __aeabi_memclr8
00010bc3   __aeabi_memset
00010bc3   __aeabi_memset4
00010bc3   __aeabi_memset8
00010bc9   memset
00010c41   fprintf
00010ca5   fseek
00010d09   _Dunscale
00010d6d   writemsg
00010d97   C$$IO$$
00010d9b   readmsg
00010e2d   SysCtlPeripheralEnable
00010e85   ltoa
00010edd   atoi
00010f29   __aeabi_d2f
00010f75   _c_int00
00010fbd   __aeabi_d2iz
00011005   vsprintf
0001104d   SSIConfigSetExpClk
00011091   copy_in
000110d5   _Dtest
00011119   C$$EXIT
0001111d   abort
00011125   exit
00011159   signal
00011199   __aeabi_f2d
000111d1   feraiseexcept
00011201   strncpy
00011231   _Feraise
00011261   GPIODirModeSet
0001128f   __aeabi_i2d
000112bd   raise
000112eb   memccpy
00011307   cos
00011321   log
0001133b   sin
00011355   _args_main
0001136d   __aeabi_lmul
00011385   strcmp
0001139d   memchr
000113b3   strchr
000113c9   _register_unlock
000113cf   _register_lock
000113d7   _nop
000113dd   strlen
000113f1   GPIOPinTypeGPIOOutput
00011403   GPIOPinTypeSSI
00011415   __TI_zero_init
00011427   _Dclass
00011439   strcpy
00011449   __TI_decompress_none
00011457   SSIDataGet
00011463   GPIOPinWrite
0001146d   SSIDataPut
00011477   SSIDisable
00011481   SSIEnable
0001148b   SysCtlDelay
00011491   __TI_decompress_rle24
00011948   _ctypes_
00011f8c   eMeans
00012094   __TI_Handler_Table_Base
000120a0   __TI_Handler_Table_Limit
000120a8   __TI_CINIT_Base
000120b8   __TI_CINIT_Limit
20000000   _sys_memory
200032c8   Fatfs
200034fc   Fil
20003720   __CIOBUF_
20003840   _tmpnams
200038fc   bw
20003900   __stack
20003a00   __STACK_TOP
20003ce8   __STACK_END
20003ce8   _ftable
20003f54   _Errno
20003f58   _Denorm
20003f68   _Eps
20003f78   _Hugeval
20003f88   _Inf
20003f98   _Nan
20003fa8   _Snan
20003fb8   _Rteps
20003fc8   _Xbig
20003fd0   _Zero
20003fd8   _FDenorm
20003fe8   _FEps
20003ff8   _FInf
20004008   _FNan
20004018   _FSnan
20004028   _FRteps
20004038   _FXbig
2000403c   _FZero
20004040   global_stack
20004064   _ft_end
20004068   __aeabi_stdin
2000406c   __aeabi_stdout
20004070   __aeabi_stderr
20004080   _lock
20004084   _unlock
20004088   _cleanup_ptr
2000408c   _dtors_ptr
20004090   _Fenv
20004094   _Tls_setup__Fenv
2000409c   main_func_sp
ffffffff   __binit__
ffffffff   __c_args__
ffffffff   binit
UNDEFED    SHT$$INIT_ARRAY$$Base
UNDEFED    SHT$$INIT_ARRAY$$Limit

[283 symbols]
