******************************************************************************
                  TMS470 Linker Unix v4.9.5                    
******************************************************************************
>> Linked Mon Jan 26 17:10:40 2015

OUTPUT FILE NAME:   <Prueba_SD.out>
ENTRY POINT SYMBOL: "_c_int00"  address: 00003c7d


MEMORY CONFIGURATION

         name            origin    length      used     unused   attr    fill
----------------------  --------  ---------  --------  --------  ----  --------
  FLASH                 00000000   00040000  00004018  0003bfe8  R  X
  SRAM                  20000000   00008000  0000035c  00007ca4  RW X


SEGMENT ALLOCATION MAP

run origin  load origin   length   init length attrs members
----------  ----------- ---------- ----------- ----- -------
00000000    00000000    00004018   00004018    r-x
  00000000    00000000    0000026c   0000026c    r-- .intvecs
  0000026c    0000026c    00003bd0   00003bd0    r-x .text
  00003e3c    00003e3c    000001a4   000001a4    r-- .const
  00003fe0    00003fe0    00000038   00000038    r-- .cinit
20000000    20000000    00000348   00000000    rw-
  20000000    20000000    00000246   00000000    rw- .bss
  20000248    20000248    00000100   00000000    rw- .stack
20000348    20000348    00000016   00000016    rw-
  20000348    20000348    00000016   00000016    rw- .data


SECTION ALLOCATION MAP

 output                                  attributes/
section   page    origin      length       input sections
--------  ----  ----------  ----------   ----------------
.intvecs   0    00000000    0000026c     
                  00000000    0000026c     startup_ccs.obj (.intvecs)

.text      0    0000026c    00003bd0     
                  0000026c    00002964     ff.obj (.text)
                  00002bd0    000009d4     diskio.obj (.text)
                  000035a4    000001d8     driverlib-cm4f.lib : sysctl.obj (.text:SysCtlClockGet)
                  0000377c    0000013c                        : sysctl.obj (.text:SysCtlClockSet)
                  000038b8    000000c8                        : gpio.obj (.text:GPIOPadConfigSet)
                  00003980    0000009c     rtsv7M4_T_le_v4SPD16_eabi.lib : memcpy_t2.obj (.text)
                  00003a1c    00000094                                   : auto_init.obj (.text)
                  00003ab0    00000080     main.obj (.text)
                  00003b30    0000005e     rtsv7M4_T_le_v4SPD16_eabi.lib : copy_decompress_rle.obj (.text)
                  00003b8e    00000002     --HOLE-- [fill = 0]
                  00003b90    00000058     driverlib-cm4f.lib : sysctl.obj (.text:SysCtlPeripheralEnable)
                  00003be8    0000004c     rtsv7M4_T_le_v4SPD16_eabi.lib : cpy_tbl.obj (.text)
                  00003c34    00000048     driverlib-cm4f.lib : gpio.obj (.text:GPIOPinConfigure)
                  00003c7c    00000048     rtsv7M4_T_le_v4SPD16_eabi.lib : boot.obj (.text)
                  00003cc4    00000044     driverlib-cm4f.lib : ssi.obj (.text:SSIConfigSetExpClk)
                  00003d08    00000044     rtsv7M4_T_le_v4SPD16_eabi.lib : exit.obj (.text)
                  00003d4c    0000002e     driverlib-cm4f.lib : gpio.obj (.text:GPIODirModeSet)
                  00003d7a    00000002     --HOLE-- [fill = 0]
                  00003d7c    00000018     rtsv7M4_T_le_v4SPD16_eabi.lib : _lock.obj (.text)
                  00003d94    00000018                                   : args_main.obj (.text)
                  00003dac    00000012     driverlib-cm4f.lib : gpio.obj (.text:GPIOPinTypeGPIOOutput)
                  00003dbe    00000012                        : gpio.obj (.text:GPIOPinTypeSSI)
                  00003dd0    00000012     rtsv7M4_T_le_v4SPD16_eabi.lib : copy_zero_init.obj (.text:decompress:ZI)
                  00003de2    0000000e                                   : copy_decompress_none.obj (.text:decompress:none)
                  00003df0    0000000c     driverlib-cm4f.lib : ssi.obj (.text:SSIDataGet)
                  00003dfc    0000000c     startup_ccs.obj (.text)
                  00003e08    0000000a     driverlib-cm4f.lib : gpio.obj (.text:GPIOPinWrite)
                  00003e12    0000000a                        : ssi.obj (.text:SSIDataPut)
                  00003e1c    0000000a                        : ssi.obj (.text:SSIDisable)
                  00003e26    0000000a                        : ssi.obj (.text:SSIEnable)
                  00003e30    00000006                        : sysctl.obj (.text:SysCtlDelay)
                  00003e36    00000006     rtsv7M4_T_le_v4SPD16_eabi.lib : copy_decompress_rle.obj (.text:decompress:rle24)

.const     0    00003e3c    000001a4     
                  00003e3c    00000080     ff.obj (.const:excvt$1)
                  00003ebc    00000078     driverlib-cm4f.lib : gpio.obj (.const:g_pulGPIOBaseAddrs)
                  00003f34    0000006c                        : sysctl.obj (.const:g_pulXtals)
                  00003fa0    00000040                        : sysctl.obj (.const)

.cinit     0    00003fe0    00000038     
                  00003fe0    00000011     (.cinit..data.load) [load image, compression = rle]
                  00003ff1    00000003     --HOLE-- [fill = 0]
                  00003ff4    0000000c     (__TI_handler_table)
                  00004000    00000008     (.cinit..bss.load) [load image, compression = zero_init]
                  00004008    00000010     (__TI_cinit_table)

.bss       0    20000000    00000246     UNINITIALIZED
                  20000000    00000234     main.obj (.bss:Fatfs)
                  20000234    00000009     diskio.obj (.bss)
                  2000023d    00000003     --HOLE--
                  20000240    00000006     ff.obj (.bss)

.stack     0    20000248    00000100     UNINITIALIZED
                  20000248    00000100     --HOLE--

.data      0    20000348    00000016     
                  20000348    00000008     rtsv7M4_T_le_v4SPD16_eabi.lib : _lock.obj (.data)
                  20000350    00000008                                   : exit.obj (.data)
                  20000358    00000004                                   : stkdepth_vars.obj (.data)
                  2000035c    00000002     diskio.obj (.data)


LINKER GENERATED COPY TABLES

__TI_cinit_table @ 00004008 records: 2, size/record: 8, table size: 16
	.data: load addr=00003fe0, load size=00000011 bytes, run addr=20000348, run size=00000016 bytes, compression=rle
	.bss: load addr=00004000, load size=00000008 bytes, run addr=20000000, run size=00000246 bytes, compression=zero_init


LINKER GENERATED HANDLER TABLE

__TI_handler_table @ 00003ff4 records: 3, size/record: 4, table size: 12
	index: 0, handler: __TI_decompress_rle24
	index: 1, handler: __TI_decompress_none
	index: 2, handler: __TI_zero_init


GLOBAL SYMBOLS: SORTED ALPHABETICALLY BY Name 

address    name
--------   ----
00003d09   C$$EXIT
20000000   Fatfs
00003d4d   GPIODirModeSet
000038b9   GPIOPadConfigSet
00003c35   GPIOPinConfigure
00003dad   GPIOPinTypeGPIOOutput
00003dbf   GPIOPinTypeSSI
00003e09   GPIOPinWrite
00003dfd   ResetISR
00002bd1   SELECT
UNDEFED    SHT$$INIT_ARRAY$$Base
UNDEFED    SHT$$INIT_ARRAY$$Limit
00003cc5   SSIConfigSetExpClk
00003df1   SSIDataGet
00003e13   SSIDataPut
00003e1d   SSIDisable
00003e27   SSIEnable
000035a5   SysCtlClockGet
0000377d   SysCtlClockSet
00003e31   SysCtlDelay
00003b91   SysCtlPeripheralEnable
20000348   __STACK_END
00000100   __STACK_SIZE
20000348   __STACK_TOP
00004008   __TI_CINIT_Base
00004018   __TI_CINIT_Limit
00003ff4   __TI_Handler_Table_Base
00004000   __TI_Handler_Table_Limit
00000001   __TI_args_main
00003a1d   __TI_auto_init
00003de3   __TI_decompress_none
00003e37   __TI_decompress_rle24
00000000   __TI_static_base__
00003dd1   __TI_zero_init
00003981   __aeabi_memcpy
00003981   __aeabi_memcpy4
00003981   __aeabi_memcpy8
ffffffff   __binit__
ffffffff   __c_args__
20000248   __stack
00003d95   _args_main
00003c7d   _c_int00
20000350   _cleanup_ptr
20000354   _dtors_ptr
20000348   _lock
00003d89   _nop
00003d83   _register_lock
00003d7d   _register_unlock
2000034c   _unlock
00003d0d   abort
ffffffff   binit
00000503   clust2sect
00003be9   copy_in
00002f91   disk_initialize
00003349   disk_ioctl
000031a5   disk_read
00003183   disk_status
00003551   disk_timerproc
00003261   disk_write
00003d15   exit
00002963   f_chmod
00002023   f_close
0000241b   f_getfree
00002043   f_lseek
00002779   f_mkdir
000017bd   f_mount
00001811   f_open
00002291   f_opendir
00001a29   f_read
00002341   f_readdir
00002a79   f_rename
000023cb   f_stat
00001f23   f_sync
0000257d   f_truncate
00002679   f_unlink
000029f3   f_utime
00001c7f   f_write
00000000   g_pfnVectors
00000533   get_fat
00003595   get_fattime
00003ab1   main
20000358   main_func_sp
00003981   memcpy
00000657   put_fat


GLOBAL SYMBOLS: SORTED BY Symbol Address 

address    name
--------   ----
00000000   __TI_static_base__
00000000   g_pfnVectors
00000001   __TI_args_main
00000100   __STACK_SIZE
00000503   clust2sect
00000533   get_fat
00000657   put_fat
000017bd   f_mount
00001811   f_open
00001a29   f_read
00001c7f   f_write
00001f23   f_sync
00002023   f_close
00002043   f_lseek
00002291   f_opendir
00002341   f_readdir
000023cb   f_stat
0000241b   f_getfree
0000257d   f_truncate
00002679   f_unlink
00002779   f_mkdir
00002963   f_chmod
000029f3   f_utime
00002a79   f_rename
00002bd1   SELECT
00002f91   disk_initialize
00003183   disk_status
000031a5   disk_read
00003261   disk_write
00003349   disk_ioctl
00003551   disk_timerproc
00003595   get_fattime
000035a5   SysCtlClockGet
0000377d   SysCtlClockSet
000038b9   GPIOPadConfigSet
00003981   __aeabi_memcpy
00003981   __aeabi_memcpy4
00003981   __aeabi_memcpy8
00003981   memcpy
00003a1d   __TI_auto_init
00003ab1   main
00003b91   SysCtlPeripheralEnable
00003be9   copy_in
00003c35   GPIOPinConfigure
00003c7d   _c_int00
00003cc5   SSIConfigSetExpClk
00003d09   C$$EXIT
00003d0d   abort
00003d15   exit
00003d4d   GPIODirModeSet
00003d7d   _register_unlock
00003d83   _register_lock
00003d89   _nop
00003d95   _args_main
00003dad   GPIOPinTypeGPIOOutput
00003dbf   GPIOPinTypeSSI
00003dd1   __TI_zero_init
00003de3   __TI_decompress_none
00003df1   SSIDataGet
00003dfd   ResetISR
00003e09   GPIOPinWrite
00003e13   SSIDataPut
00003e1d   SSIDisable
00003e27   SSIEnable
00003e31   SysCtlDelay
00003e37   __TI_decompress_rle24
00003ff4   __TI_Handler_Table_Base
00004000   __TI_Handler_Table_Limit
00004008   __TI_CINIT_Base
00004018   __TI_CINIT_Limit
20000000   Fatfs
20000248   __stack
20000348   __STACK_END
20000348   __STACK_TOP
20000348   _lock
2000034c   _unlock
20000350   _cleanup_ptr
20000354   _dtors_ptr
20000358   main_func_sp
ffffffff   __binit__
ffffffff   __c_args__
ffffffff   binit
UNDEFED    SHT$$INIT_ARRAY$$Base
UNDEFED    SHT$$INIT_ARRAY$$Limit

[84 symbols]
