******************************************************************************
                  TMS470 Linker Unix v4.9.5                    
******************************************************************************
>> Linked Wed May 28 14:31:01 2014

OUTPUT FILE NAME:   <IMU_10hz.out>
ENTRY POINT SYMBOL: "_c_int00"  address: 00003eb5


MEMORY CONFIGURATION

         name            origin    length      used     unused   attr    fill
----------------------  --------  ---------  --------  --------  ----  --------
  FLASH                 00000000   00040000  000044c0  0003bb40  R  X
  SRAM                  20000000   00008000  00000e90  00007170  RW X


SEGMENT ALLOCATION MAP

run origin  load origin   length   init length attrs members
----------  ----------- ---------- ----------- ----- -------
00000000    00000000    000044c0   000044c0    r-x
  00000000    00000000    0000026c   0000026c    r-- .intvecs
  0000026c    0000026c    00003f5c   00003f5c    r-x .text
  000041c8    000041c8    000002b0   000002b0    r-- .const
  00004478    00004478    00000048   00000048    r-- .cinit
20000000    20000000    00000e6a   00000000    rw-
  20000000    20000000    00000800   00000000    rw- .stack
  20000800    20000800    0000066a   00000000    rw- .bss
20000e6c    20000e6c    00000026   00000026    rw-
  20000e6c    20000e6c    00000026   00000026    rw- .data


SECTION ALLOCATION MAP

 output                                  attributes/
section   page    origin      length       input sections
--------  ----  ----------  ----------   ----------------
.intvecs   0    00000000    0000026c     
                  00000000    0000026c     startup_ccs.obj (.intvecs)

.text      0    0000026c    00003f5c     
                  0000026c    00002964     ff.obj (.text)
                  00002bd0    000009d4     diskio.obj (.text)
                  000035a4    00000254     main.obj (.text)
                  000037f8    000001d8     driverlib-cm4f.lib : sysctl.obj (.text:SysCtlClockGet)
                  000039d0    0000013c                        : sysctl.obj (.text:SysCtlClockSet)
                  00003b0c    000000c8                        : gpio.obj (.text:GPIOPadConfigSet)
                  00003bd4    0000009c     rtsv7M4_T_le_v4SPD16_eabi.lib : memcpy_t2.obj (.text)
                  00003c70    00000094                                   : auto_init.obj (.text)
                  00003d04    00000064     driverlib-cm4f.lib : interrupt.obj (.text:IntEnable)
                  00003d68    0000005e     rtsv7M4_T_le_v4SPD16_eabi.lib : copy_decompress_rle.obj (.text)
                  00003dc6    00000002     --HOLE-- [fill = 0]
                  00003dc8    00000058     driverlib-cm4f.lib : sysctl.obj (.text:SysCtlPeripheralEnable)
                  00003e20    0000004c     rtsv7M4_T_le_v4SPD16_eabi.lib : cpy_tbl.obj (.text)
                  00003e6c    00000048     driverlib-cm4f.lib : gpio.obj (.text:GPIOPinConfigure)
                  00003eb4    00000048     rtsv7M4_T_le_v4SPD16_eabi.lib : boot.obj (.text)
                  00003efc    00000044     driverlib-cm4f.lib : ssi.obj (.text:SSIConfigSetExpClk)
                  00003f40    00000044     rtsv7M4_T_le_v4SPD16_eabi.lib : exit.obj (.text)
                  00003f84    00000042     driverlib-cm4f.lib : uart.obj (.text:UARTConfigSetExpClk)
                  00003fc6    0000002e                        : gpio.obj (.text:GPIODirModeSet)
                  00003ff4    00000028                        : timer.obj (.text:TimerConfigure)
                  0000401c    00000024                        : interrupt.obj (.text:IntPrioritySet)
                  00004040    0000001c                        : uart.obj (.text:UARTDisable)
                  0000405c    00000018     rtsv7M4_T_le_v4SPD16_eabi.lib : _lock.obj (.text)
                  00004074    00000018                                   : args_main.obj (.text)
                  0000408c    00000014     driverlib-cm4f.lib : fpu.obj (.text:FPUStackingEnable)
                  000040a0    00000014                        : uart.obj (.text:UARTEnable)
                  000040b4    00000012                        : gpio.obj (.text:GPIOPinTypeGPIOOutput)
                  000040c6    00000012                        : gpio.obj (.text:GPIOPinTypeSSI)
                  000040d8    00000012                        : gpio.obj (.text:GPIOPinTypeUART)
                  000040ea    00000012                        : timer.obj (.text:TimerLoadSet)
                  000040fc    00000012     rtsv7M4_T_le_v4SPD16_eabi.lib : copy_zero_init.obj (.text:decompress:ZI)
                  0000410e    00000002     --HOLE-- [fill = 0]
                  00004110    00000010     driverlib-cm4f.lib : fpu.obj (.text:FPUEnable)
                  00004120    0000000e                        : timer.obj (.text:TimerEnable)
                  0000412e    0000000e     rtsv7M4_T_le_v4SPD16_eabi.lib : copy_decompress_none.obj (.text:decompress:none)
                  0000413c    0000000c     driverlib-cm4f.lib : cpu.obj (.text:CPUcpsie)
                  00004148    0000000c                        : ssi.obj (.text:SSIDataGet)
                  00004154    0000000c     startup_ccs.obj (.text)
                  00004160    0000000a     driverlib-cm4f.lib : gpio.obj (.text:GPIOPinRead)
                  0000416a    0000000a                        : gpio.obj (.text:GPIOPinWrite)
                  00004174    0000000a                        : interrupt.obj (.text:IntMasterEnable)
                  0000417e    0000000a                        : ssi.obj (.text:SSIDataPut)
                  00004188    0000000a                        : ssi.obj (.text:SSIDisable)
                  00004192    0000000a                        : ssi.obj (.text:SSIEnable)
                  0000419c    0000000a                        : uart.obj (.text:UARTCharGet)
                  000041a6    0000000a                        : uart.obj (.text:UARTCharPut)
                  000041b0    00000008                        : timer.obj (.text:TimerIntEnable)
                  000041b8    00000006                        : sysctl.obj (.text:SysCtlDelay)
                  000041be    00000006     rtsv7M4_T_le_v4SPD16_eabi.lib : copy_decompress_rle.obj (.text:decompress:rle24)
                  000041c4    00000004     driverlib-cm4f.lib : timer.obj (.text:TimerIntClear)

.const     0    000041c8    000002b0     
                  000041c8    0000009c     driverlib-cm4f.lib : interrupt.obj (.const:g_pulRegs)
                  00004264    00000080     ff.obj (.const:excvt$1)
                  000042e4    00000078     driverlib-cm4f.lib : gpio.obj (.const:g_pulGPIOBaseAddrs)
                  0000435c    00000070                        : interrupt.obj (.const)
                  000043cc    0000006c                        : sysctl.obj (.const:g_pulXtals)
                  00004438    00000040                        : sysctl.obj (.const)

.cinit     0    00004478    00000048     
                  00004478    00000021     (.cinit..data.load) [load image, compression = rle]
                  00004499    00000003     --HOLE-- [fill = 0]
                  0000449c    0000000c     (__TI_handler_table)
                  000044a8    00000008     (.cinit..bss.load) [load image, compression = zero_init]
                  000044b0    00000010     (__TI_cinit_table)

.stack     0    20000000    00000800     UNINITIALIZED
                  20000000    00000800     --HOLE--

.bss       0    20000800    0000066a     UNINITIALIZED
                  20000800    00000230     main.obj (.bss:Fatfs)
                  20000a30    00000224     main.obj (.bss:Fil)
                  20000c54    000001f4     main.obj (.bss:BuffYEI)
                  20000e48    00000010     main.obj (.bss)
                  20000e58    00000009     diskio.obj (.bss)
                  20000e61    00000003     --HOLE--
                  20000e64    00000006     ff.obj (.bss)

.data      0    20000e6c    00000026     
                  20000e6c    00000010     main.obj (.data)
                  20000e7c    00000008     rtsv7M4_T_le_v4SPD16_eabi.lib : _lock.obj (.data)
                  20000e84    00000008                                   : exit.obj (.data)
                  20000e8c    00000004                                   : stkdepth_vars.obj (.data)
                  20000e90    00000002     diskio.obj (.data)


LINKER GENERATED COPY TABLES

__TI_cinit_table @ 000044b0 records: 2, size/record: 8, table size: 16
	.data: load addr=00004478, load size=00000021 bytes, run addr=20000e6c, run size=00000026 bytes, compression=rle
	.bss: load addr=000044a8, load size=00000008 bytes, run addr=20000800, run size=0000066a bytes, compression=zero_init


LINKER GENERATED HANDLER TABLE

__TI_handler_table @ 0000449c records: 3, size/record: 4, table size: 12
	index: 0, handler: __TI_decompress_rle24
	index: 1, handler: __TI_decompress_none
	index: 2, handler: __TI_zero_init


GLOBAL SYMBOLS: SORTED ALPHABETICALLY BY Name 

address    name
--------   ----
20000c54   BuffYEI
00003f41   C$$EXIT
0000413d   CPUcpsie
00004111   FPUEnable
0000408d   FPUStackingEnable
20000800   Fatfs
20000a30   Fil
00003fc7   GPIODirModeSet
00003b0d   GPIOPadConfigSet
00003e6d   GPIOPinConfigure
00004161   GPIOPinRead
000040b5   GPIOPinTypeGPIOOutput
000040c7   GPIOPinTypeSSI
000040d9   GPIOPinTypeUART
0000416b   GPIOPinWrite
00003d05   IntEnable
00004175   IntMasterEnable
0000401d   IntPrioritySet
00004155   ResetISR
00002bd1   SELECT
UNDEFED    SHT$$INIT_ARRAY$$Base
UNDEFED    SHT$$INIT_ARRAY$$Limit
00003efd   SSIConfigSetExpClk
00004149   SSIDataGet
0000417f   SSIDataPut
00004189   SSIDisable
00004193   SSIEnable
000037f9   SysCtlClockGet
000039d1   SysCtlClockSet
000041b9   SysCtlDelay
00003dc9   SysCtlPeripheralEnable
0000369f   Timer0IntHandler
00003ff5   TimerConfigure
00004121   TimerEnable
000041c5   TimerIntClear
000041b1   TimerIntEnable
000040eb   TimerLoadSet
0000419d   UARTCharGet
000041a7   UARTCharPut
00003f85   UARTConfigSetExpClk
00004041   UARTDisable
000040a1   UARTEnable
20000800   __STACK_END
00000800   __STACK_SIZE
20000100   __STACK_TOP
000044b0   __TI_CINIT_Base
000044c0   __TI_CINIT_Limit
0000449c   __TI_Handler_Table_Base
000044a8   __TI_Handler_Table_Limit
00000001   __TI_args_main
00003c71   __TI_auto_init
0000412f   __TI_decompress_none
000041bf   __TI_decompress_rle24
00000000   __TI_static_base__
000040fd   __TI_zero_init
00003bd5   __aeabi_memcpy
00003bd5   __aeabi_memcpy4
00003bd5   __aeabi_memcpy8
ffffffff   __binit__
ffffffff   __c_args__
20000000   __stack
00004075   _args_main
00003eb5   _c_int00
20000e84   _cleanup_ptr
20000e88   _dtors_ptr
20000e7c   _lock
00004069   _nop
00004063   _register_lock
0000405d   _register_unlock
20000e80   _unlock
00003f45   abort
ffffffff   binit
20000e48   bw
20000e4c   bwYEI
20000e51   cThisChar
00000503   clust2sect
00003e21   copy_in
00002f91   disk_initialize
00003349   disk_ioctl
000031a5   disk_read
00003183   disk_status
00003551   disk_timerproc
00003261   disk_write
00003f4d   exit
00002963   f_chmod
00002023   f_close
0000241b   f_getfree
00002043   f_lseek
00002779   f_mkdir
000017bd   f_mount
00001811   f_open
00002291   f_opendir
00001a29   f_read
00002341   f_readdir
00002a79   f_rename
000023cb   f_stat
00001f23   f_sync
0000257d   f_truncate
00002679   f_unlink
000029f3   f_utime
00001c7f   f_write
00000000   g_pfnVectors
00000533   get_fat
00003595   get_fattime
000035a5   main
20000e8c   main_func_sp
00003bd5   memcpy
20000e6c   nuevo_registro
00000657   put_fat
20000e50   rc
20000e54   valor_timer


GLOBAL SYMBOLS: SORTED BY Symbol Address 

address    name
--------   ----
00000000   __TI_static_base__
00000000   g_pfnVectors
00000001   __TI_args_main
00000503   clust2sect
00000533   get_fat
00000657   put_fat
00000800   __STACK_SIZE
000017bd   f_mount
00001811   f_open
00001a29   f_read
00001c7f   f_write
00001f23   f_sync
00002023   f_close
00002043   f_lseek
00002291   f_opendir
00002341   f_readdir
000023cb   f_stat
0000241b   f_getfree
0000257d   f_truncate
00002679   f_unlink
00002779   f_mkdir
00002963   f_chmod
000029f3   f_utime
00002a79   f_rename
00002bd1   SELECT
00002f91   disk_initialize
00003183   disk_status
000031a5   disk_read
00003261   disk_write
00003349   disk_ioctl
00003551   disk_timerproc
00003595   get_fattime
000035a5   main
0000369f   Timer0IntHandler
000037f9   SysCtlClockGet
000039d1   SysCtlClockSet
00003b0d   GPIOPadConfigSet
00003bd5   __aeabi_memcpy
00003bd5   __aeabi_memcpy4
00003bd5   __aeabi_memcpy8
00003bd5   memcpy
00003c71   __TI_auto_init
00003d05   IntEnable
00003dc9   SysCtlPeripheralEnable
00003e21   copy_in
00003e6d   GPIOPinConfigure
00003eb5   _c_int00
00003efd   SSIConfigSetExpClk
00003f41   C$$EXIT
00003f45   abort
00003f4d   exit
00003f85   UARTConfigSetExpClk
00003fc7   GPIODirModeSet
00003ff5   TimerConfigure
0000401d   IntPrioritySet
00004041   UARTDisable
0000405d   _register_unlock
00004063   _register_lock
00004069   _nop
00004075   _args_main
0000408d   FPUStackingEnable
000040a1   UARTEnable
000040b5   GPIOPinTypeGPIOOutput
000040c7   GPIOPinTypeSSI
000040d9   GPIOPinTypeUART
000040eb   TimerLoadSet
000040fd   __TI_zero_init
00004111   FPUEnable
00004121   TimerEnable
0000412f   __TI_decompress_none
0000413d   CPUcpsie
00004149   SSIDataGet
00004155   ResetISR
00004161   GPIOPinRead
0000416b   GPIOPinWrite
00004175   IntMasterEnable
0000417f   SSIDataPut
00004189   SSIDisable
00004193   SSIEnable
0000419d   UARTCharGet
000041a7   UARTCharPut
000041b1   TimerIntEnable
000041b9   SysCtlDelay
000041bf   __TI_decompress_rle24
000041c5   TimerIntClear
0000449c   __TI_Handler_Table_Base
000044a8   __TI_Handler_Table_Limit
000044b0   __TI_CINIT_Base
000044c0   __TI_CINIT_Limit
20000000   __stack
20000100   __STACK_TOP
20000800   Fatfs
20000800   __STACK_END
20000a30   Fil
20000c54   BuffYEI
20000e48   bw
20000e4c   bwYEI
20000e50   rc
20000e51   cThisChar
20000e54   valor_timer
20000e6c   nuevo_registro
20000e7c   _lock
20000e80   _unlock
20000e84   _cleanup_ptr
20000e88   _dtors_ptr
20000e8c   main_func_sp
ffffffff   __binit__
ffffffff   __c_args__
ffffffff   binit
UNDEFED    SHT$$INIT_ARRAY$$Base
UNDEFED    SHT$$INIT_ARRAY$$Limit

[111 symbols]
