******************************************************************************
                  TMS470 Linker Unix v4.9.5                    
******************************************************************************
>> Linked Thu May 22 14:29:26 2014

OUTPUT FILE NAME:   <IMU_100HZ.out>
ENTRY POINT SYMBOL: "_c_int00"  address: 00004039


MEMORY CONFIGURATION

         name            origin    length      used     unused   attr    fill
----------------------  --------  ---------  --------  --------  ----  --------
  FLASH                 00000000   00040000  000046d0  0003b930  R  X
  SRAM                  20000000   00008000  00000eae  00007152  RW X


SEGMENT ALLOCATION MAP

run origin  load origin   length   init length attrs members
----------  ----------- ---------- ----------- ----- -------
00000000    00000000    000046d0   000046d0    r-x
  00000000    00000000    0000026c   0000026c    r-- .intvecs
  0000026c    0000026c    00004174   00004174    r-x .text
  000043e0    000043e0    000002b0   000002b0    r-- .const
  00004690    00004690    00000040   00000040    r-- .cinit
20000000    20000000    00000e94   00000000    rw-
  20000000    20000000    00000800   00000000    rw- .stack
  20000800    20000800    00000694   00000000    rw- .bss
20000e94    20000e94    0000001a   0000001a    rw-
  20000e94    20000e94    0000001a   0000001a    rw- .data


SECTION ALLOCATION MAP

 output                                  attributes/
section   page    origin      length       input sections
--------  ----  ----------  ----------   ----------------
.intvecs   0    00000000    0000026c     
                  00000000    0000026c     startup_ccs.obj (.intvecs)

.text      0    0000026c    00004174     
                  0000026c    00002964     ff.obj (.text)
                  00002bd0    000009d4     diskio.obj (.text)
                  000035a4    00000284     main.obj (.text)
                  00003828    000001d8     driverlib-cm4f.lib : sysctl.obj (.text:SysCtlClockGet)
                  00003a00    0000013c                        : sysctl.obj (.text:SysCtlClockSet)
                  00003b3c    00000108     buttons.obj (.text)
                  00003c44    000000c8     driverlib-cm4f.lib : gpio.obj (.text:GPIOPadConfigSet)
                  00003d0c    0000009c     rtsv7M4_T_le_v4SPD16_eabi.lib : memcpy_t2.obj (.text)
                  00003da8    00000094                                   : auto_init.obj (.text)
                  00003e3c    00000064     driverlib-cm4f.lib : interrupt.obj (.text:IntEnable)
                  00003ea0    0000005e     rtsv7M4_T_le_v4SPD16_eabi.lib : copy_decompress_rle.obj (.text)
                  00003efe    00000002     --HOLE-- [fill = 0]
                  00003f00    00000058     driverlib-cm4f.lib : sysctl.obj (.text:SysCtlPeripheralEnable)
                  00003f58    0000004c                        : hibernate.obj (.text:HibernateEnableExpClk)
                  00003fa4    0000004c     rtsv7M4_T_le_v4SPD16_eabi.lib : cpy_tbl.obj (.text)
                  00003ff0    00000048     driverlib-cm4f.lib : gpio.obj (.text:GPIOPinConfigure)
                  00004038    00000048     rtsv7M4_T_le_v4SPD16_eabi.lib : boot.obj (.text)
                  00004080    00000044     driverlib-cm4f.lib : ssi.obj (.text:SSIConfigSetExpClk)
                  000040c4    00000044     rtsv7M4_T_le_v4SPD16_eabi.lib : exit.obj (.text)
                  00004108    00000042     driverlib-cm4f.lib : uart.obj (.text:UARTConfigSetExpClk)
                  0000414a    00000002     --HOLE-- [fill = 0]
                  0000414c    00000038                        : hibernate.obj (.text:HibernateWriteComplete)
                  00004184    0000002e                        : gpio.obj (.text:GPIODirModeSet)
                  000041b2    00000002     --HOLE-- [fill = 0]
                  000041b4    00000028                        : timer.obj (.text:TimerConfigure)
                  000041dc    00000024                        : interrupt.obj (.text:IntPrioritySet)
                  00004200    0000001c                        : uart.obj (.text:UARTDisable)
                  0000421c    00000018     rtsv7M4_T_le_v4SPD16_eabi.lib : _lock.obj (.text)
                  00004234    00000018                                   : args_main.obj (.text)
                  0000424c    00000014     driverlib-cm4f.lib : fpu.obj (.text:FPUStackingEnable)
                  00004260    00000014                        : sysctl.obj (.text:SysCtlResetCauseClear)
                  00004274    00000014                        : systick.obj (.text:SysTickEnable)
                  00004288    00000014                        : systick.obj (.text:SysTickIntEnable)
                  0000429c    00000014                        : uart.obj (.text:UARTEnable)
                  000042b0    00000012                        : gpio.obj (.text:GPIOPinTypeGPIOOutput)
                  000042c2    00000012                        : gpio.obj (.text:GPIOPinTypeSSI)
                  000042d4    00000012                        : gpio.obj (.text:GPIOPinTypeUART)
                  000042e6    00000012                        : timer.obj (.text:TimerLoadSet)
                  000042f8    00000012     rtsv7M4_T_le_v4SPD16_eabi.lib : copy_zero_init.obj (.text:decompress:ZI)
                  0000430a    00000002     --HOLE-- [fill = 0]
                  0000430c    00000010     driverlib-cm4f.lib : fpu.obj (.text:FPUEnable)
                  0000431c    00000010                        : systick.obj (.text:SysTickPeriodSet)
                  0000432c    0000000e                        : timer.obj (.text:TimerEnable)
                  0000433a    0000000e     rtsv7M4_T_le_v4SPD16_eabi.lib : copy_decompress_none.obj (.text:decompress:none)
                  00004348    0000000c     driverlib-cm4f.lib : cpu.obj (.text:CPUcpsie)
                  00004354    0000000c                        : ssi.obj (.text:SSIDataGet)
                  00004360    0000000c                        : sysctl.obj (.text:SysCtlResetCauseGet)
                  0000436c    0000000c     startup_ccs.obj (.text)
                  00004378    0000000a     driverlib-cm4f.lib : gpio.obj (.text:GPIOPinRead)
                  00004382    0000000a                        : gpio.obj (.text:GPIOPinWrite)
                  0000438c    0000000a                        : interrupt.obj (.text:IntMasterEnable)
                  00004396    0000000a                        : ssi.obj (.text:SSIDataPut)
                  000043a0    0000000a                        : ssi.obj (.text:SSIDisable)
                  000043aa    0000000a                        : ssi.obj (.text:SSIEnable)
                  000043b4    0000000a                        : uart.obj (.text:UARTCharGet)
                  000043be    0000000a                        : uart.obj (.text:UARTCharPut)
                  000043c8    00000008                        : timer.obj (.text:TimerIntEnable)
                  000043d0    00000006                        : sysctl.obj (.text:SysCtlDelay)
                  000043d6    00000006     rtsv7M4_T_le_v4SPD16_eabi.lib : copy_decompress_rle.obj (.text:decompress:rle24)
                  000043dc    00000004     driverlib-cm4f.lib : timer.obj (.text:TimerIntClear)

.const     0    000043e0    000002b0     
                  000043e0    0000009c     driverlib-cm4f.lib : interrupt.obj (.const:g_pulRegs)
                  0000447c    00000080     ff.obj (.const:excvt$1)
                  000044fc    00000078     driverlib-cm4f.lib : gpio.obj (.const:g_pulGPIOBaseAddrs)
                  00004574    00000070                        : interrupt.obj (.const)
                  000045e4    0000006c                        : sysctl.obj (.const:g_pulXtals)
                  00004650    00000040                        : sysctl.obj (.const)

.cinit     0    00004690    00000040     
                  00004690    00000015     (.cinit..data.load) [load image, compression = rle]
                  000046a5    00000003     --HOLE-- [fill = 0]
                  000046a8    0000000c     (__TI_handler_table)
                  000046b4    00000004     --HOLE-- [fill = 0]
                  000046b8    00000008     (.cinit..bss.load) [load image, compression = zero_init]
                  000046c0    00000010     (__TI_cinit_table)

.stack     0    20000000    00000800     UNINITIALIZED
                  20000000    00000800     --HOLE--

.bss       0    20000800    00000694     UNINITIALIZED
                  20000800    00000230     main.obj (.bss:Fatfs)
                  20000a30    00000224     main.obj (.bss:Fil)
                  20000c54    000001f4     main.obj (.bss:BuffYEI)
                  20000e48    00000024     main.obj (.bss:g_sAppState)
                  20000e6c    00000010     main.obj (.bss)
                  20000e7c    00000009     diskio.obj (.bss)
                  20000e85    00000003     --HOLE--
                  20000e88    00000006     ff.obj (.bss)
                  20000e8e    00000002     --HOLE--
                  20000e90    00000004     driverlib-cm4f.lib : hibernate.obj (.bss)

.data      0    20000e94    0000001a     
                  20000e94    00000008     rtsv7M4_T_le_v4SPD16_eabi.lib : _lock.obj (.data)
                  20000e9c    00000008                                   : exit.obj (.data)
                  20000ea4    00000004                                   : stkdepth_vars.obj (.data)
                  20000ea8    00000003     buttons.obj (.data)
                  20000eab    00000001     --HOLE--
                  20000eac    00000002     diskio.obj (.data)


LINKER GENERATED COPY TABLES

__TI_cinit_table @ 000046c0 records: 2, size/record: 8, table size: 16
	.data: load addr=00004690, load size=00000015 bytes, run addr=20000e94, run size=0000001a bytes, compression=rle
	.bss: load addr=000046b8, load size=00000008 bytes, run addr=20000800, run size=00000694 bytes, compression=zero_init


LINKER GENERATED HANDLER TABLE

__TI_handler_table @ 000046a8 records: 3, size/record: 4, table size: 12
	index: 0, handler: __TI_decompress_rle24
	index: 1, handler: __TI_decompress_none
	index: 2, handler: __TI_zero_init


GLOBAL SYMBOLS: SORTED ALPHABETICALLY BY Name 

address    name
--------   ----
00003691   AppButtonHandler
20000c54   BuffYEI
00003be1   ButtonsInit
00003b3d   ButtonsPoll
000040c5   C$$EXIT
00004349   CPUcpsie
0000430d   FPUEnable
0000424d   FPUStackingEnable
20000800   Fatfs
20000a30   Fil
00004185   GPIODirModeSet
00003c45   GPIOPadConfigSet
00003ff1   GPIOPinConfigure
00004379   GPIOPinRead
000042b1   GPIOPinTypeGPIOOutput
000042c3   GPIOPinTypeSSI
000042d5   GPIOPinTypeUART
00004383   GPIOPinWrite
00003f59   HibernateEnableExpClk
0000414d   HibernateWriteComplete
00003e3d   IntEnable
0000438d   IntMasterEnable
000041dd   IntPrioritySet
0000436d   ResetISR
00002bd1   SELECT
UNDEFED    SHT$$INIT_ARRAY$$Base
UNDEFED    SHT$$INIT_ARRAY$$Limit
00004081   SSIConfigSetExpClk
00004355   SSIDataGet
00004397   SSIDataPut
000043a1   SSIDisable
000043ab   SSIEnable
00003829   SysCtlClockGet
00003a01   SysCtlClockSet
000043d1   SysCtlDelay
00003f01   SysCtlPeripheralEnable
00004261   SysCtlResetCauseClear
00004361   SysCtlResetCauseGet
00004275   SysTickEnable
00004289   SysTickIntEnable
000036bb   SysTickIntHandler
0000431d   SysTickPeriodSet
000036cf   Timer0IntHandler
000041b5   TimerConfigure
0000432d   TimerEnable
000043dd   TimerIntClear
000043c9   TimerIntEnable
000042e7   TimerLoadSet
000043b5   UARTCharGet
000043bf   UARTCharPut
00004109   UARTConfigSetExpClk
00004201   UARTDisable
0000429d   UARTEnable
20000800   __STACK_END
00000800   __STACK_SIZE
20000100   __STACK_TOP
000046c0   __TI_CINIT_Base
000046d0   __TI_CINIT_Limit
000046a8   __TI_Handler_Table_Base
000046b4   __TI_Handler_Table_Limit
00000001   __TI_args_main
00003da9   __TI_auto_init
0000433b   __TI_decompress_none
000043d7   __TI_decompress_rle24
00000000   __TI_static_base__
000042f9   __TI_zero_init
00003d0d   __aeabi_memcpy
00003d0d   __aeabi_memcpy4
00003d0d   __aeabi_memcpy8
ffffffff   __binit__
ffffffff   __c_args__
20000000   __stack
00004235   _args_main
00004039   _c_int00
20000e9c   _cleanup_ptr
20000ea0   _dtors_ptr
20000e94   _lock
00004229   _nop
00004223   _register_lock
0000421d   _register_unlock
20000e98   _unlock
000040c9   abort
ffffffff   binit
20000e6c   bw
20000e70   bwYEI
20000e75   cThisChar
00000503   clust2sect
00003fa5   copy_in
00002f91   disk_initialize
00003349   disk_ioctl
000031a5   disk_read
00003183   disk_status
00003551   disk_timerproc
00003261   disk_write
000040d1   exit
00002963   f_chmod
00002023   f_close
0000241b   f_getfree
00002043   f_lseek
00002779   f_mkdir
000017bd   f_mount
00001811   f_open
00002291   f_opendir
00001a29   f_read
00002341   f_readdir
00002a79   f_rename
000023cb   f_stat
00001f23   f_sync
0000257d   f_truncate
00002679   f_unlink
000029f3   f_utime
00001c7f   f_write
00000000   g_pfnVectors
20000e48   g_sAppState
00000533   get_fat
00003595   get_fattime
000035a5   main
20000ea4   main_func_sp
00003d0d   memcpy
00000657   put_fat
20000e74   rc
20000e78   valor_timer


GLOBAL SYMBOLS: SORTED BY Symbol Address 

address    name
--------   ----
00000000   __TI_static_base__
00000000   g_pfnVectors
00000001   __TI_args_main
00000503   clust2sect
00000533   get_fat
00000657   put_fat
00000800   __STACK_SIZE
000017bd   f_mount
00001811   f_open
00001a29   f_read
00001c7f   f_write
00001f23   f_sync
00002023   f_close
00002043   f_lseek
00002291   f_opendir
00002341   f_readdir
000023cb   f_stat
0000241b   f_getfree
0000257d   f_truncate
00002679   f_unlink
00002779   f_mkdir
00002963   f_chmod
000029f3   f_utime
00002a79   f_rename
00002bd1   SELECT
00002f91   disk_initialize
00003183   disk_status
000031a5   disk_read
00003261   disk_write
00003349   disk_ioctl
00003551   disk_timerproc
00003595   get_fattime
000035a5   main
00003691   AppButtonHandler
000036bb   SysTickIntHandler
000036cf   Timer0IntHandler
00003829   SysCtlClockGet
00003a01   SysCtlClockSet
00003b3d   ButtonsPoll
00003be1   ButtonsInit
00003c45   GPIOPadConfigSet
00003d0d   __aeabi_memcpy
00003d0d   __aeabi_memcpy4
00003d0d   __aeabi_memcpy8
00003d0d   memcpy
00003da9   __TI_auto_init
00003e3d   IntEnable
00003f01   SysCtlPeripheralEnable
00003f59   HibernateEnableExpClk
00003fa5   copy_in
00003ff1   GPIOPinConfigure
00004039   _c_int00
00004081   SSIConfigSetExpClk
000040c5   C$$EXIT
000040c9   abort
000040d1   exit
00004109   UARTConfigSetExpClk
0000414d   HibernateWriteComplete
00004185   GPIODirModeSet
000041b5   TimerConfigure
000041dd   IntPrioritySet
00004201   UARTDisable
0000421d   _register_unlock
00004223   _register_lock
00004229   _nop
00004235   _args_main
0000424d   FPUStackingEnable
00004261   SysCtlResetCauseClear
00004275   SysTickEnable
00004289   SysTickIntEnable
0000429d   UARTEnable
000042b1   GPIOPinTypeGPIOOutput
000042c3   GPIOPinTypeSSI
000042d5   GPIOPinTypeUART
000042e7   TimerLoadSet
000042f9   __TI_zero_init
0000430d   FPUEnable
0000431d   SysTickPeriodSet
0000432d   TimerEnable
0000433b   __TI_decompress_none
00004349   CPUcpsie
00004355   SSIDataGet
00004361   SysCtlResetCauseGet
0000436d   ResetISR
00004379   GPIOPinRead
00004383   GPIOPinWrite
0000438d   IntMasterEnable
00004397   SSIDataPut
000043a1   SSIDisable
000043ab   SSIEnable
000043b5   UARTCharGet
000043bf   UARTCharPut
000043c9   TimerIntEnable
000043d1   SysCtlDelay
000043d7   __TI_decompress_rle24
000043dd   TimerIntClear
000046a8   __TI_Handler_Table_Base
000046b4   __TI_Handler_Table_Limit
000046c0   __TI_CINIT_Base
000046d0   __TI_CINIT_Limit
20000000   __stack
20000100   __STACK_TOP
20000800   Fatfs
20000800   __STACK_END
20000a30   Fil
20000c54   BuffYEI
20000e48   g_sAppState
20000e6c   bw
20000e70   bwYEI
20000e74   rc
20000e75   cThisChar
20000e78   valor_timer
20000e94   _lock
20000e98   _unlock
20000e9c   _cleanup_ptr
20000ea0   _dtors_ptr
20000ea4   main_func_sp
ffffffff   __binit__
ffffffff   __c_args__
ffffffff   binit
UNDEFED    SHT$$INIT_ARRAY$$Base
UNDEFED    SHT$$INIT_ARRAY$$Limit

[122 symbols]
