******************************************************************************
                  TI ARM Linker PC v5.0.1                      
******************************************************************************
>> Linked Mon Sep 16 17:03:46 2013

OUTPUT FILE NAME:   <Utilizacion_FATfs_3.out>
ENTRY POINT SYMBOL: "_c_int00"  address: 00003989


MEMORY CONFIGURATION

         name            origin    length      used     unused   attr    fill
----------------------  --------  ---------  --------  --------  ----  --------
  FLASH                 00000000   00040000  00003ce2  0003c31e  R  X
  SRAM                  20000000   00008000  00000582  00007a7e  RW X


SEGMENT ALLOCATION MAP

run origin  load origin   length   init length attrs members
----------  ----------- ---------- ----------- ----- -------
00000000    00000000    00003ce8   00003ce8    r-x
  00000000    00000000    00003b7e   00003b7e    r-x .text
  00003b80    00003b80    0000012c   0000012c    r-- .const
  00003cb0    00003cb0    00000038   00000038    r-- .cinit
20000000    20000000    0000056c   00000000    rw-
  20000000    20000000    0000046c   00000000    rw- .bss
  2000046c    2000046c    00000100   00000000    rw- .stack
2000056c    2000056c    00000016   00000016    rw-
  2000056c    2000056c    00000016   00000016    rw- .data


SECTION ALLOCATION MAP

 output                                  attributes/
section   page    origin      length       input sections
--------  ----  ----------  ----------   ----------------
.text      0    00000000    00003b7e     
                  00000000    00002964     ff.obj (.text)
                  00002964    000009d4     diskio.obj (.text)
                  00003338    000001d8     driverlib-cm4f.lib : sysctl.obj (.text:SysCtlClockGet)
                  00003510    0000013c                        : sysctl.obj (.text:SysCtlClockSet)
                  0000364c    000000c8                        : gpio.obj (.text:GPIOPadConfigSet)
                  00003714    0000009c     rtsv7M4_T_le_v4SPD16_eabi.lib : memcpy_t2.obj (.text)
                  000037b0    00000094                                   : auto_init.obj (.text)
                  00003844    0000008c     main.obj (.text)
                  000038d0    0000005e     rtsv7M4_T_le_v4SPD16_eabi.lib : copy_decompress_rle.obj (.text)
                  0000392e    00000002     --HOLE-- [fill = 0]
                  00003930    00000058     driverlib-cm4f.lib : sysctl.obj (.text:SysCtlPeripheralEnable)
                  00003988    00000048     rtsv7M4_T_le_v4SPD16_eabi.lib : boot.obj (.text)
                  000039d0    00000044     driverlib-cm4f.lib : ssi.obj (.text:SSIConfigSetExpClk)
                  00003a14    00000044     rtsv7M4_T_le_v4SPD16_eabi.lib : cpy_tbl.obj (.text)
                  00003a58    00000040                                   : exit.obj (.text)
                  00003a98    0000002e     driverlib-cm4f.lib : gpio.obj (.text:GPIODirModeSet)
                  00003ac6    00000002     --HOLE-- [fill = 0]
                  00003ac8    00000018     rtsv7M4_T_le_v4SPD16_eabi.lib : args_main.obj (.text)
                  00003ae0    00000014                                   : _lock.obj (.text)
                  00003af4    00000012     driverlib-cm4f.lib : gpio.obj (.text:GPIOPinTypeGPIOOutput)
                  00003b06    00000012                        : gpio.obj (.text:GPIOPinTypeSSI)
                  00003b18    00000012     rtsv7M4_T_le_v4SPD16_eabi.lib : copy_zero_init.obj (.text:decompress:ZI)
                  00003b2a    0000000e                                   : copy_decompress_none.obj (.text:decompress:none)
                  00003b38    0000000c     driverlib-cm4f.lib : ssi.obj (.text:SSIDataGet)
                  00003b44    0000000a                        : gpio.obj (.text:GPIOPinWrite)
                  00003b4e    0000000a                        : ssi.obj (.text:SSIDataPut)
                  00003b58    0000000a                        : ssi.obj (.text:SSIDisable)
                  00003b62    0000000a                        : ssi.obj (.text:SSIEnable)
                  00003b6c    00000006                        : ssi.obj (.text:SSIClockSourceGet)
                  00003b72    00000006                        : sysctl.obj (.text:SysCtlDelay)
                  00003b78    00000006     rtsv7M4_T_le_v4SPD16_eabi.lib : copy_decompress_rle.obj (.text:decompress:rle24)

.const     0    00003b80    0000012c     
                  00003b80    00000080     ff.obj (.const:.string:excvt$1)
                  00003c00    0000006c     driverlib-cm4f.lib : sysctl.obj (.const:g_pulXtals)
                  00003c6c    00000040                        : sysctl.obj (.const)

.cinit     0    00003cb0    00000038     
                  00003cb0    00000011     (.cinit..data.load) [load image, compression = rle]
                  00003cc1    00000003     --HOLE-- [fill = 0]
                  00003cc4    0000000c     (__TI_handler_table)
                  00003cd0    00000008     (.cinit..bss.load) [load image, compression = zero_init]
                  00003cd8    00000010     (__TI_cinit_table)

.bss       0    20000000    0000046c     UNINITIALIZED
                  20000000    00000230     main.obj (.bss:Fatfs)
                  20000230    00000224     main.obj (.bss:Fil)
                  20000454    00000009     diskio.obj (.bss)
                  2000045d    00000003     --HOLE--
                  20000460    00000006     ff.obj (.bss)
                  20000466    00000002     --HOLE--
                  20000468    00000004     main.obj (.bss)

.stack     0    2000046c    00000100     UNINITIALIZED
                  2000046c    00000100     --HOLE--

.data      0    2000056c    00000016     
                  2000056c    00000008     rtsv7M4_T_le_v4SPD16_eabi.lib : _lock.obj (.data)
                  20000574    00000008                                   : exit.obj (.data)
                  2000057c    00000004                                   : stkdepth_vars.obj (.data)
                  20000580    00000002     diskio.obj (.data)


LINKER GENERATED COPY TABLES

__TI_cinit_table @ 00003cd8 records: 2, size/record: 8, table size: 16
	.data: load addr=00003cb0, load size=00000011 bytes, run addr=2000056c, run size=00000016 bytes, compression=rle
	.bss: load addr=00003cd0, load size=00000008 bytes, run addr=20000000, run size=0000046c bytes, compression=zero_init


LINKER GENERATED HANDLER TABLE

__TI_handler_table @ 00003cc4 records: 3, size/record: 4, table size: 12
	index: 0, handler: __TI_decompress_rle24
	index: 1, handler: __TI_decompress_none
	index: 2, handler: __TI_zero_init


GLOBAL SYMBOLS: SORTED ALPHABETICALLY BY Name 

address    name
--------   ----
00003a59   C$$EXIT
20000000   Fatfs
20000230   Fil
00003a99   GPIODirModeSet
0000364d   GPIOPadConfigSet
00003af5   GPIOPinTypeGPIOOutput
00003b07   GPIOPinTypeSSI
00003b45   GPIOPinWrite
00002965   SELECT
UNDEFED    SHT$$INIT_ARRAY$$Base
UNDEFED    SHT$$INIT_ARRAY$$Limit
00003b6d   SSIClockSourceGet
000039d1   SSIConfigSetExpClk
00003b39   SSIDataGet
00003b4f   SSIDataPut
00003b59   SSIDisable
00003b63   SSIEnable
00003339   SysCtlClockGet
00003511   SysCtlClockSet
00003b73   SysCtlDelay
00003931   SysCtlPeripheralEnable
2000056c   __STACK_END
00000100   __STACK_SIZE
2000056c   __STACK_TOP
00003cd8   __TI_CINIT_Base
00003ce8   __TI_CINIT_Limit
00003cc4   __TI_Handler_Table_Base
00003cd0   __TI_Handler_Table_Limit
00000001   __TI_args_main
000037b1   __TI_auto_init
00003b2b   __TI_decompress_none
00003b79   __TI_decompress_rle24
00000000   __TI_static_base__
00003b19   __TI_zero_init
00003715   __aeabi_memcpy
00003715   __aeabi_memcpy4
00003715   __aeabi_memcpy8
ffffffff   __binit__
ffffffff   __c_args__
2000046c   __stack
00003ac9   _args_main
00003989   _c_int00
20000574   _cleanup_ptr
20000578   _dtors_ptr
2000056c   _lock
00003aef   _nop
00003ae7   _register_lock
00003ae1   _register_unlock
20000570   _unlock
00003a5d   abort
ffffffff   binit
20000468   bw
00000297   clust2sect
00003a15   copy_in
00002d25   disk_initialize
000030dd   disk_ioctl
00002f39   disk_read
00002f17   disk_status
000032e5   disk_timerproc
00002ff5   disk_write
00003a65   exit
000026f7   f_chmod
00001db7   f_close
000021af   f_getfree
00001dd7   f_lseek
0000250d   f_mkdir
00001551   f_mount
000015a5   f_open
00002025   f_opendir
000017bd   f_read
000020d5   f_readdir
0000280d   f_rename
0000215f   f_stat
00001cb7   f_sync
00002311   f_truncate
0000240d   f_unlink
00002787   f_utime
00001a13   f_write
000002c7   get_fat
00003329   get_fattime
00003845   main
2000057c   main_func_sp
00003715   memcpy
000003eb   put_fat


GLOBAL SYMBOLS: SORTED BY Symbol Address 

address    name
--------   ----
00000000   __TI_static_base__
00000001   __TI_args_main
00000100   __STACK_SIZE
00000297   clust2sect
000002c7   get_fat
000003eb   put_fat
00001551   f_mount
000015a5   f_open
000017bd   f_read
00001a13   f_write
00001cb7   f_sync
00001db7   f_close
00001dd7   f_lseek
00002025   f_opendir
000020d5   f_readdir
0000215f   f_stat
000021af   f_getfree
00002311   f_truncate
0000240d   f_unlink
0000250d   f_mkdir
000026f7   f_chmod
00002787   f_utime
0000280d   f_rename
00002965   SELECT
00002d25   disk_initialize
00002f17   disk_status
00002f39   disk_read
00002ff5   disk_write
000030dd   disk_ioctl
000032e5   disk_timerproc
00003329   get_fattime
00003339   SysCtlClockGet
00003511   SysCtlClockSet
0000364d   GPIOPadConfigSet
00003715   __aeabi_memcpy
00003715   __aeabi_memcpy4
00003715   __aeabi_memcpy8
00003715   memcpy
000037b1   __TI_auto_init
00003845   main
00003931   SysCtlPeripheralEnable
00003989   _c_int00
000039d1   SSIConfigSetExpClk
00003a15   copy_in
00003a59   C$$EXIT
00003a5d   abort
00003a65   exit
00003a99   GPIODirModeSet
00003ac9   _args_main
00003ae1   _register_unlock
00003ae7   _register_lock
00003aef   _nop
00003af5   GPIOPinTypeGPIOOutput
00003b07   GPIOPinTypeSSI
00003b19   __TI_zero_init
00003b2b   __TI_decompress_none
00003b39   SSIDataGet
00003b45   GPIOPinWrite
00003b4f   SSIDataPut
00003b59   SSIDisable
00003b63   SSIEnable
00003b6d   SSIClockSourceGet
00003b73   SysCtlDelay
00003b79   __TI_decompress_rle24
00003cc4   __TI_Handler_Table_Base
00003cd0   __TI_Handler_Table_Limit
00003cd8   __TI_CINIT_Base
00003ce8   __TI_CINIT_Limit
20000000   Fatfs
20000230   Fil
20000468   bw
2000046c   __stack
2000056c   __STACK_END
2000056c   __STACK_TOP
2000056c   _lock
20000570   _unlock
20000574   _cleanup_ptr
20000578   _dtors_ptr
2000057c   main_func_sp
ffffffff   __binit__
ffffffff   __c_args__
ffffffff   binit
UNDEFED    SHT$$INIT_ARRAY$$Base
UNDEFED    SHT$$INIT_ARRAY$$Limit

[84 symbols]
