******************************************************************************
                  TI ARM Linker PC v5.0.1                      
******************************************************************************
>> Linked Sun Jul 14 19:11:53 2013

OUTPUT FILE NAME:   <ejemplo_interrupcion.out>
ENTRY POINT SYMBOL: "_c_int00"  address: 00000a01


MEMORY CONFIGURATION

         name            origin    length      used     unused   attr    fill
----------------------  --------  ---------  --------  --------  ----  --------
  FLASH                 00000000   00040000  00000dea  0003f216  R  X
  SRAM                  20000000   00008000  00000114  00007eec  RW X


SEGMENT ALLOCATION MAP

run origin  load origin   length   init length attrs members
----------  ----------- ---------- ----------- ----- -------
00000000    00000000    00000df0   00000df0    r-x
  00000000    00000000    0000026c   0000026c    r-- .intvecs
  0000026c    0000026c    000009ca   000009ca    r-x .text
  00000c38    00000c38    00000194   00000194    r-- .const
  00000dd0    00000dd0    00000020   00000020    r-- .cinit
20000000    20000000    00000100   00000000    rw-
  20000000    20000000    00000100   00000000    rw- .stack
20000100    20000100    00000014   00000014    rw-
  20000100    20000100    00000014   00000014    rw- .data


SECTION ALLOCATION MAP

 output                                  attributes/
section   page    origin      length       input sections
--------  ----  ----------  ----------   ----------------
.intvecs   0    00000000    0000026c     
                  00000000    0000026c     startup_ccs.obj (.intvecs)

.text      0    0000026c    000009ca     
                  0000026c    000001d8     driverlib-cm4f.lib : sysctl.obj (.text:SysCtlClockGet)
                  00000444    0000013c                        : sysctl.obj (.text:SysCtlClockSet)
                  00000580    00000124     main.obj (.text)
                  000006a4    000000c8     driverlib-cm4f.lib : gpio.obj (.text:GPIOPadConfigSet)
                  0000076c    0000009c     rtsv7M4_T_le_v4SPD16_eabi.lib : memcpy_t2.obj (.text)
                  00000808    00000094                                   : auto_init.obj (.text)
                  0000089c    00000064     driverlib-cm4f.lib : interrupt.obj (.text:IntEnable)
                  00000900    0000005e     rtsv7M4_T_le_v4SPD16_eabi.lib : copy_decompress_rle.obj (.text)
                  0000095e    00000002     --HOLE-- [fill = 0]
                  00000960    00000058     driverlib-cm4f.lib : sysctl.obj (.text:SysCtlPeripheralEnable)
                  000009b8    00000048                        : gpio.obj (.text:GPIOPinConfigure)
                  00000a00    00000048     rtsv7M4_T_le_v4SPD16_eabi.lib : boot.obj (.text)
                  00000a48    00000044                                   : cpy_tbl.obj (.text)
                  00000a8c    00000042     driverlib-cm4f.lib : uart.obj (.text:UARTConfigSetExpClk)
                  00000ace    00000002     --HOLE-- [fill = 0]
                  00000ad0    00000040     rtsv7M4_T_le_v4SPD16_eabi.lib : exit.obj (.text)
                  00000b10    0000002e     driverlib-cm4f.lib : gpio.obj (.text:GPIODirModeSet)
                  00000b3e    00000002     --HOLE-- [fill = 0]
                  00000b40    0000001c                        : uart.obj (.text:UARTDisable)
                  00000b5c    00000018     rtsv7M4_T_le_v4SPD16_eabi.lib : args_main.obj (.text)
                  00000b74    00000014     driverlib-cm4f.lib : uart.obj (.text:UARTEnable)
                  00000b88    00000014     rtsv7M4_T_le_v4SPD16_eabi.lib : _lock.obj (.text)
                  00000b9c    00000012     driverlib-cm4f.lib : gpio.obj (.text:GPIOPinTypeUART)
                  00000bae    00000010                        : uart.obj (.text:UARTCharGetNonBlocking)
                  00000bbe    0000000e     rtsv7M4_T_le_v4SPD16_eabi.lib : copy_decompress_none.obj (.text:decompress:none)
                  00000bcc    0000000c     driverlib-cm4f.lib : cpu.obj (.text:CPUcpsie)
                  00000bd8    0000000c                        : uart.obj (.text:UARTCharsAvail)
                  00000be4    0000000c     startup_ccs.obj (.text)
                  00000bf0    0000000a     driverlib-cm4f.lib : interrupt.obj (.text:IntMasterEnable)
                  00000bfa    0000000a                        : uart.obj (.text:UARTCharPut)
                  00000c04    0000000a                        : uart.obj (.text:UARTFIFOEnable)
                  00000c0e    0000000a                        : uart.obj (.text:UARTIntStatus)
                  00000c18    00000008                        : uart.obj (.text:UARTIntEnable)
                  00000c20    00000006                        : sysctl.obj (.text:SysCtlDelay)
                  00000c26    00000006                        : uart.obj (.text:UARTFIFOLevelSet)
                  00000c2c    00000006     rtsv7M4_T_le_v4SPD16_eabi.lib : copy_decompress_rle.obj (.text:decompress:rle24)
                  00000c32    00000004     driverlib-cm4f.lib : uart.obj (.text:UARTIntClear)

.const     0    00000c38    00000194     
                  00000c38    00000078     driverlib-cm4f.lib : gpio.obj (.const:g_pulGPIOBaseAddrs)
                  00000cb0    00000070                        : interrupt.obj (.const)
                  00000d20    0000006c                        : sysctl.obj (.const:g_pulXtals)
                  00000d8c    00000040                        : sysctl.obj (.const)

.cinit     0    00000dd0    00000020     
                  00000dd0    0000000f     (.cinit..data.load) [load image, compression = rle]
                  00000ddf    00000001     --HOLE-- [fill = 0]
                  00000de0    00000008     (__TI_handler_table)
                  00000de8    00000008     (__TI_cinit_table)

.stack     0    20000000    00000100     UNINITIALIZED
                  20000000    00000100     --HOLE--

.data      0    20000100    00000014     
                  20000100    00000008     rtsv7M4_T_le_v4SPD16_eabi.lib : _lock.obj (.data)
                  20000108    00000008                                   : exit.obj (.data)
                  20000110    00000004                                   : stkdepth_vars.obj (.data)


LINKER GENERATED COPY TABLES

__TI_cinit_table @ 00000de8 records: 1, size/record: 8, table size: 8
	.data: load addr=00000dd0, load size=0000000f bytes, run addr=20000100, run size=00000014 bytes, compression=rle


LINKER GENERATED HANDLER TABLE

__TI_handler_table @ 00000de0 records: 2, size/record: 4, table size: 8
	index: 0, handler: __TI_decompress_rle24
	index: 1, handler: __TI_decompress_none


GLOBAL SYMBOLS: SORTED ALPHABETICALLY BY Name 

address    name
--------   ----
00000ad1   C$$EXIT
00000bcd   CPUcpsie
00000b11   GPIODirModeSet
000006a5   GPIOPadConfigSet
000009b9   GPIOPinConfigure
00000b9d   GPIOPinTypeUART
0000089d   IntEnable
00000bf1   IntMasterEnable
00000be5   ResetISR
UNDEFED    SHT$$INIT_ARRAY$$Base
UNDEFED    SHT$$INIT_ARRAY$$Limit
0000026d   SysCtlClockGet
00000445   SysCtlClockSet
00000c21   SysCtlDelay
00000961   SysCtlPeripheralEnable
00000baf   UARTCharGetNonBlocking
00000bfb   UARTCharPut
00000bd9   UARTCharsAvail
00000a8d   UARTConfigSetExpClk
00000b41   UARTDisable
00000b75   UARTEnable
00000c05   UARTFIFOEnable
00000c27   UARTFIFOLevelSet
00000c33   UARTIntClear
00000c19   UARTIntEnable
00000c0f   UARTIntStatus
00000625   UARTinterrupcion
20000100   __STACK_END
00000100   __STACK_SIZE
20000100   __STACK_TOP
00000de8   __TI_CINIT_Base
00000df0   __TI_CINIT_Limit
00000de0   __TI_Handler_Table_Base
00000de8   __TI_Handler_Table_Limit
00000001   __TI_args_main
00000809   __TI_auto_init
00000bbf   __TI_decompress_none
00000c2d   __TI_decompress_rle24
00000000   __TI_static_base__
0000076d   __aeabi_memcpy
0000076d   __aeabi_memcpy4
0000076d   __aeabi_memcpy8
ffffffff   __binit__
ffffffff   __c_args__
20000000   __stack
00000b5d   _args_main
00000a01   _c_int00
20000108   _cleanup_ptr
2000010c   _dtors_ptr
20000100   _lock
00000b97   _nop
00000b8f   _register_lock
00000b89   _register_unlock
20000104   _unlock
00000ad5   abort
ffffffff   binit
00000a49   copy_in
00000add   exit
00000000   g_pfnVectors
00000581   main
20000110   main_func_sp
0000076d   memcpy


GLOBAL SYMBOLS: SORTED BY Symbol Address 

address    name
--------   ----
00000000   __TI_static_base__
00000000   g_pfnVectors
00000001   __TI_args_main
00000100   __STACK_SIZE
0000026d   SysCtlClockGet
00000445   SysCtlClockSet
00000581   main
00000625   UARTinterrupcion
000006a5   GPIOPadConfigSet
0000076d   __aeabi_memcpy
0000076d   __aeabi_memcpy4
0000076d   __aeabi_memcpy8
0000076d   memcpy
00000809   __TI_auto_init
0000089d   IntEnable
00000961   SysCtlPeripheralEnable
000009b9   GPIOPinConfigure
00000a01   _c_int00
00000a49   copy_in
00000a8d   UARTConfigSetExpClk
00000ad1   C$$EXIT
00000ad5   abort
00000add   exit
00000b11   GPIODirModeSet
00000b41   UARTDisable
00000b5d   _args_main
00000b75   UARTEnable
00000b89   _register_unlock
00000b8f   _register_lock
00000b97   _nop
00000b9d   GPIOPinTypeUART
00000baf   UARTCharGetNonBlocking
00000bbf   __TI_decompress_none
00000bcd   CPUcpsie
00000bd9   UARTCharsAvail
00000be5   ResetISR
00000bf1   IntMasterEnable
00000bfb   UARTCharPut
00000c05   UARTFIFOEnable
00000c0f   UARTIntStatus
00000c19   UARTIntEnable
00000c21   SysCtlDelay
00000c27   UARTFIFOLevelSet
00000c2d   __TI_decompress_rle24
00000c33   UARTIntClear
00000de0   __TI_Handler_Table_Base
00000de8   __TI_CINIT_Base
00000de8   __TI_Handler_Table_Limit
00000df0   __TI_CINIT_Limit
20000000   __stack
20000100   __STACK_END
20000100   __STACK_TOP
20000100   _lock
20000104   _unlock
20000108   _cleanup_ptr
2000010c   _dtors_ptr
20000110   main_func_sp
ffffffff   __binit__
ffffffff   __c_args__
ffffffff   binit
UNDEFED    SHT$$INIT_ARRAY$$Base
UNDEFED    SHT$$INIT_ARRAY$$Limit

[62 symbols]
