******************************************************************************
                  TI ARM Linker PC v5.0.1                      
******************************************************************************
>> Linked Fri May 16 13:22:07 2014

OUTPUT FILE NAME:   <Comandos_YEI.out>
ENTRY POINT SYMBOL: "_c_int00"  address: 00000715


MEMORY CONFIGURATION

         name            origin    length      used     unused   attr    fill
----------------------  --------  ---------  --------  --------  ----  --------
  FLASH                 00000000   00040000  00000a70  0003f590  R  X
  SRAM                  20000000   00008000  00000124  00007edc  RW X


SEGMENT ALLOCATION MAP

run origin  load origin   length   init length attrs members
----------  ----------- ---------- ----------- ----- -------
00000000    00000000    00000a70   00000a70    r-x
  00000000    00000000    00000914   00000914    r-x .text
  00000914    00000914    00000124   00000124    r-- .const
  00000a38    00000a38    00000038   00000038    r-- .cinit
20000000    20000000    00000100   00000000    rw-
  20000000    20000000    00000100   00000000    rw- .stack
20000100    20000100    00000024   00000014    rw-
  20000100    20000100    00000014   00000014    rw- .data
  20000114    20000114    00000010   00000000    rw- .bss


SECTION ALLOCATION MAP

 output                                  attributes/
section   page    origin      length       input sections
--------  ----  ----------  ----------   ----------------
.text      0    00000000    00000914     
                  00000000    000001d8     driverlib-cm4f.lib : sysctl.obj (.text:SysCtlClockGet)
                  000001d8    0000013c                        : sysctl.obj (.text:SysCtlClockSet)
                  00000314    00000108     main.obj (.text)
                  0000041c    000000c8     driverlib-cm4f.lib : gpio.obj (.text:GPIOPadConfigSet)
                  000004e4    0000009c     rtsv7M4_T_le_v4SPD16_eabi.lib : memcpy_t2.obj (.text)
                  00000580    00000094                                   : auto_init.obj (.text)
                  00000614    0000005e                                   : copy_decompress_rle.obj (.text)
                  00000672    00000002     --HOLE-- [fill = 0]
                  00000674    00000058     driverlib-cm4f.lib : sysctl.obj (.text:SysCtlPeripheralEnable)
                  000006cc    00000048                        : gpio.obj (.text:GPIOPinConfigure)
                  00000714    00000048     rtsv7M4_T_le_v4SPD16_eabi.lib : boot.obj (.text)
                  0000075c    00000044                                   : cpy_tbl.obj (.text)
                  000007a0    00000042     driverlib-cm4f.lib : uart.obj (.text:UARTConfigSetExpClk)
                  000007e2    00000002     --HOLE-- [fill = 0]
                  000007e4    00000040     rtsv7M4_T_le_v4SPD16_eabi.lib : exit.obj (.text)
                  00000824    0000002e     driverlib-cm4f.lib : gpio.obj (.text:GPIODirModeSet)
                  00000852    00000002     --HOLE-- [fill = 0]
                  00000854    0000001c                        : uart.obj (.text:UARTDisable)
                  00000870    00000018     rtsv7M4_T_le_v4SPD16_eabi.lib : args_main.obj (.text)
                  00000888    00000014     driverlib-cm4f.lib : uart.obj (.text:UARTEnable)
                  0000089c    00000014     rtsv7M4_T_le_v4SPD16_eabi.lib : _lock.obj (.text)
                  000008b0    00000012     driverlib-cm4f.lib : gpio.obj (.text:GPIOPinTypeUART)
                  000008c2    00000012     rtsv7M4_T_le_v4SPD16_eabi.lib : copy_zero_init.obj (.text:decompress:ZI)
                  000008d4    00000010     driverlib-cm4f.lib : uart.obj (.text:UARTCharGetNonBlocking)
                  000008e4    0000000e     rtsv7M4_T_le_v4SPD16_eabi.lib : copy_decompress_none.obj (.text:decompress:none)
                  000008f2    0000000c     driverlib-cm4f.lib : uart.obj (.text:UARTCharsAvail)
                  000008fe    0000000a                        : uart.obj (.text:UARTCharPut)
                  00000908    00000006                        : sysctl.obj (.text:SysCtlDelay)
                  0000090e    00000006     rtsv7M4_T_le_v4SPD16_eabi.lib : copy_decompress_rle.obj (.text:decompress:rle24)

.const     0    00000914    00000124     
                  00000914    00000078     driverlib-cm4f.lib : gpio.obj (.const:g_pulGPIOBaseAddrs)
                  0000098c    0000006c                        : sysctl.obj (.const:g_pulXtals)
                  000009f8    00000040                        : sysctl.obj (.const)

.cinit     0    00000a38    00000038     
                  00000a38    0000000f     (.cinit..data.load) [load image, compression = rle]
                  00000a47    00000001     --HOLE-- [fill = 0]
                  00000a48    0000000c     (__TI_handler_table)
                  00000a54    00000004     --HOLE-- [fill = 0]
                  00000a58    00000008     (.cinit..bss.load) [load image, compression = zero_init]
                  00000a60    00000010     (__TI_cinit_table)

.stack     0    20000000    00000100     UNINITIALIZED
                  20000000    00000100     --HOLE--

.data      0    20000100    00000014     
                  20000100    00000008     rtsv7M4_T_le_v4SPD16_eabi.lib : _lock.obj (.data)
                  20000108    00000008                                   : exit.obj (.data)
                  20000110    00000004                                   : stkdepth_vars.obj (.data)

.bss       0    20000114    00000010     UNINITIALIZED
                  20000114    00000010     main.obj (.bss)


LINKER GENERATED COPY TABLES

__TI_cinit_table @ 00000a60 records: 2, size/record: 8, table size: 16
	.data: load addr=00000a38, load size=0000000f bytes, run addr=20000100, run size=00000014 bytes, compression=rle
	.bss: load addr=00000a58, load size=00000008 bytes, run addr=20000114, run size=00000010 bytes, compression=zero_init


LINKER GENERATED HANDLER TABLE

__TI_handler_table @ 00000a48 records: 3, size/record: 4, table size: 12
	index: 0, handler: __TI_decompress_rle24
	index: 1, handler: __TI_decompress_none
	index: 2, handler: __TI_zero_init


GLOBAL SYMBOLS: SORTED ALPHABETICALLY BY Name 

address    name
--------   ----
000007e5   C$$EXIT
00000825   GPIODirModeSet
0000041d   GPIOPadConfigSet
000006cd   GPIOPinConfigure
000008b1   GPIOPinTypeUART
UNDEFED    SHT$$INIT_ARRAY$$Base
UNDEFED    SHT$$INIT_ARRAY$$Limit
00000001   SysCtlClockGet
000001d9   SysCtlClockSet
00000909   SysCtlDelay
00000675   SysCtlPeripheralEnable
000008d5   UARTCharGetNonBlocking
000008ff   UARTCharPut
000008f3   UARTCharsAvail
000007a1   UARTConfigSetExpClk
00000855   UARTDisable
00000889   UARTEnable
20000100   __STACK_END
00000100   __STACK_SIZE
20000100   __STACK_TOP
00000a60   __TI_CINIT_Base
00000a70   __TI_CINIT_Limit
00000a48   __TI_Handler_Table_Base
00000a54   __TI_Handler_Table_Limit
00000001   __TI_args_main
00000581   __TI_auto_init
000008e5   __TI_decompress_none
0000090f   __TI_decompress_rle24
00000000   __TI_static_base__
000008c3   __TI_zero_init
000004e5   __aeabi_memcpy
000004e5   __aeabi_memcpy4
000004e5   __aeabi_memcpy8
ffffffff   __binit__
ffffffff   __c_args__
20000000   __stack
00000871   _args_main
00000715   _c_int00
20000108   _cleanup_ptr
2000010c   _dtors_ptr
20000100   _lock
000008ab   _nop
000008a3   _register_lock
0000089d   _register_unlock
20000104   _unlock
000007e9   abort
ffffffff   binit
20000120   contador2
0000075d   copy_in
000007f1   exit
20000114   i
20000118   j
2000011c   k
00000315   main
20000110   main_func_sp
000004e5   memcpy


GLOBAL SYMBOLS: SORTED BY Symbol Address 

address    name
--------   ----
00000000   __TI_static_base__
00000001   SysCtlClockGet
00000001   __TI_args_main
00000100   __STACK_SIZE
000001d9   SysCtlClockSet
00000315   main
0000041d   GPIOPadConfigSet
000004e5   __aeabi_memcpy
000004e5   __aeabi_memcpy4
000004e5   __aeabi_memcpy8
000004e5   memcpy
00000581   __TI_auto_init
00000675   SysCtlPeripheralEnable
000006cd   GPIOPinConfigure
00000715   _c_int00
0000075d   copy_in
000007a1   UARTConfigSetExpClk
000007e5   C$$EXIT
000007e9   abort
000007f1   exit
00000825   GPIODirModeSet
00000855   UARTDisable
00000871   _args_main
00000889   UARTEnable
0000089d   _register_unlock
000008a3   _register_lock
000008ab   _nop
000008b1   GPIOPinTypeUART
000008c3   __TI_zero_init
000008d5   UARTCharGetNonBlocking
000008e5   __TI_decompress_none
000008f3   UARTCharsAvail
000008ff   UARTCharPut
00000909   SysCtlDelay
0000090f   __TI_decompress_rle24
00000a48   __TI_Handler_Table_Base
00000a54   __TI_Handler_Table_Limit
00000a60   __TI_CINIT_Base
00000a70   __TI_CINIT_Limit
20000000   __stack
20000100   __STACK_END
20000100   __STACK_TOP
20000100   _lock
20000104   _unlock
20000108   _cleanup_ptr
2000010c   _dtors_ptr
20000110   main_func_sp
20000114   i
20000118   j
2000011c   k
20000120   contador2
ffffffff   __binit__
ffffffff   __c_args__
ffffffff   binit
UNDEFED    SHT$$INIT_ARRAY$$Base
UNDEFED    SHT$$INIT_ARRAY$$Limit

[56 symbols]
