******************************************************************************
                  TI ARM Linker PC v5.0.1                      
******************************************************************************
>> Linked Mon Mar 17 10:47:39 2014

OUTPUT FILE NAME:   <Luces_IMU.out>
ENTRY POINT SYMBOL: "_c_int00"  address: 0000413d


MEMORY CONFIGURATION

         name            origin    length      used     unused   attr    fill
----------------------  --------  ---------  --------  --------  ----  --------
  FLASH                 00000000   00040000  000046dc  0003b924  R  X
  SRAM                  20000000   00008000  0000110a  00006ef6  RW X


SEGMENT ALLOCATION MAP

run origin  load origin   length   init length attrs members
----------  ----------- ---------- ----------- ----- -------
00000000    00000000    000046e0   000046e0    r-x
  00000000    00000000    0000026c   0000026c    r-- .intvecs
  0000026c    0000026c    0000423c   0000423c    r-x .text
  000044a8    000044a8    000001a4   000001a4    r-- .const
  00004650    00004650    00000090   00000090    r-- .cinit
20000000    20000000    0000109c   00000000    rw-
  20000000    20000000    0000089c   00000000    rw- .bss
  2000089c    2000089c    00000800   00000000    rw- .stack
2000109c    2000109c    0000006e   0000006e    rw-
  2000109c    2000109c    0000006e   0000006e    rw- .data


SECTION ALLOCATION MAP

 output                                  attributes/
section   page    origin      length       input sections
--------  ----  ----------  ----------   ----------------
.intvecs   0    00000000    0000026c     
                  00000000    0000026c     startup_ccs.obj (.intvecs)

.text      0    0000026c    0000423c     
                  0000026c    00002964     ff.obj (.text)
                  00002bd0    000009d4     diskio.obj (.text)
                  000035a4    00000438     main.obj (.text)
                  000039dc    000001d8     driverlib-cm4f.lib : sysctl.obj (.text:SysCtlClockGet)
                  00003bb4    0000013c                        : sysctl.obj (.text:SysCtlClockSet)
                  00003cf0    00000108     buttons.obj (.text)
                  00003df8    000000c8     driverlib-cm4f.lib : gpio.obj (.text:GPIOPadConfigSet)
                  00003ec0    0000009c     rtsv7M4_T_le_v4SPD16_eabi.lib : memcpy_t2.obj (.text)
                  00003f5c    00000094                                   : auto_init.obj (.text)
                  00003ff0    0000005e                                   : copy_decompress_rle.obj (.text)
                  0000404e    00000002     --HOLE-- [fill = 0]
                  00004050    00000058     driverlib-cm4f.lib : sysctl.obj (.text:SysCtlPeripheralEnable)
                  000040a8    0000004c                        : hibernate.obj (.text:HibernateEnableExpClk)
                  000040f4    00000048                        : gpio.obj (.text:GPIOPinConfigure)
                  0000413c    00000048     rtsv7M4_T_le_v4SPD16_eabi.lib : boot.obj (.text)
                  00004184    00000044     driverlib-cm4f.lib : ssi.obj (.text:SSIConfigSetExpClk)
                  000041c8    00000044     rtsv7M4_T_le_v4SPD16_eabi.lib : cpy_tbl.obj (.text)
                  0000420c    00000042     driverlib-cm4f.lib : uart.obj (.text:UARTConfigSetExpClk)
                  0000424e    00000002     --HOLE-- [fill = 0]
                  00004250    00000040     rtsv7M4_T_le_v4SPD16_eabi.lib : exit.obj (.text)
                  00004290    00000038     driverlib-cm4f.lib : hibernate.obj (.text:HibernateWriteComplete)
                  000042c8    0000002e                        : gpio.obj (.text:GPIODirModeSet)
                  000042f6    00000002     --HOLE-- [fill = 0]
                  000042f8    0000001c                        : uart.obj (.text:UARTDisable)
                  00004314    00000018     rtsv7M4_T_le_v4SPD16_eabi.lib : args_main.obj (.text)
                  0000432c    00000014     driverlib-cm4f.lib : fpu.obj (.text:FPUStackingEnable)
                  00004340    00000014                        : sysctl.obj (.text:SysCtlResetCauseClear)
                  00004354    00000014                        : systick.obj (.text:SysTickEnable)
                  00004368    00000014                        : systick.obj (.text:SysTickIntEnable)
                  0000437c    00000014                        : uart.obj (.text:UARTEnable)
                  00004390    00000014     rtsv7M4_T_le_v4SPD16_eabi.lib : _lock.obj (.text)
                  000043a4    00000012     driverlib-cm4f.lib : gpio.obj (.text:GPIOPinTypeGPIOOutput)
                  000043b6    00000012                        : gpio.obj (.text:GPIOPinTypeSSI)
                  000043c8    00000012                        : gpio.obj (.text:GPIOPinTypeUART)
                  000043da    00000012     rtsv7M4_T_le_v4SPD16_eabi.lib : copy_zero_init.obj (.text:decompress:ZI)
                  000043ec    00000010     driverlib-cm4f.lib : fpu.obj (.text:FPUEnable)
                  000043fc    00000010                        : systick.obj (.text:SysTickPeriodSet)
                  0000440c    0000000e     rtsv7M4_T_le_v4SPD16_eabi.lib : copy_decompress_none.obj (.text:decompress:none)
                  0000441a    0000000c     driverlib-cm4f.lib : cpu.obj (.text:CPUcpsie)
                  00004426    0000000c                        : ssi.obj (.text:SSIDataGet)
                  00004432    00000002     --HOLE-- [fill = 0]
                  00004434    0000000c                        : sysctl.obj (.text:SysCtlResetCauseGet)
                  00004440    0000000c     startup_ccs.obj (.text)
                  0000444c    0000000a     driverlib-cm4f.lib : gpio.obj (.text:GPIOPinRead)
                  00004456    0000000a                        : gpio.obj (.text:GPIOPinWrite)
                  00004460    0000000a                        : interrupt.obj (.text:IntMasterEnable)
                  0000446a    0000000a                        : ssi.obj (.text:SSIDataPut)
                  00004474    0000000a                        : ssi.obj (.text:SSIDisable)
                  0000447e    0000000a                        : ssi.obj (.text:SSIEnable)
                  00004488    0000000a                        : uart.obj (.text:UARTCharGet)
                  00004492    0000000a                        : uart.obj (.text:UARTCharPut)
                  0000449c    00000006                        : sysctl.obj (.text:SysCtlDelay)
                  000044a2    00000006     rtsv7M4_T_le_v4SPD16_eabi.lib : copy_decompress_rle.obj (.text:decompress:rle24)

.const     0    000044a8    000001a4     
                  000044a8    00000080     ff.obj (.const:.string:excvt$1)
                  00004528    00000078     driverlib-cm4f.lib : gpio.obj (.const:g_pulGPIOBaseAddrs)
                  000045a0    0000006c                        : sysctl.obj (.const:g_pulXtals)
                  0000460c    00000040                        : sysctl.obj (.const)

.cinit     0    00004650    00000090     
                  00004650    00000069     (.cinit..data.load) [load image, compression = rle]
                  000046b9    00000003     --HOLE-- [fill = 0]
                  000046bc    0000000c     (__TI_handler_table)
                  000046c8    00000008     (.cinit..bss.load) [load image, compression = zero_init]
                  000046d0    00000010     (__TI_cinit_table)

.bss       0    20000000    0000089c     UNINITIALIZED
                  20000000    00000230     main.obj (.bss:Fatfs)
                  20000230    00000224     main.obj (.bss:Fil)
                  20000454    000001f4     main.obj (.bss:BuffGPS)
                  20000648    000001f4     main.obj (.bss:BuffYEI)
                  2000083c    00000024     main.obj (.bss:g_sAppState)
                  20000860    00000024     main.obj (.bss)
                  20000884    00000009     diskio.obj (.bss)
                  2000088d    00000003     --HOLE--
                  20000890    00000006     ff.obj (.bss)
                  20000896    00000002     --HOLE--
                  20000898    00000004     driverlib-cm4f.lib : hibernate.obj (.bss)

.stack     0    2000089c    00000800     UNINITIALIZED
                  2000089c    00000800     --HOLE--

.data      0    2000109c    0000006e     
                  2000109c    00000033     main.obj (.data:buferA)
                  200010cf    00000001     --HOLE--
                  200010d0    0000001e     main.obj (.data)
                  200010ee    00000002     --HOLE--
                  200010f0    00000008     rtsv7M4_T_le_v4SPD16_eabi.lib : _lock.obj (.data)
                  200010f8    00000008                                   : exit.obj (.data)
                  20001100    00000004                                   : stkdepth_vars.obj (.data)
                  20001104    00000003     buttons.obj (.data)
                  20001107    00000001     --HOLE--
                  20001108    00000002     diskio.obj (.data)


LINKER GENERATED COPY TABLES

__TI_cinit_table @ 000046d0 records: 2, size/record: 8, table size: 16
	.data: load addr=00004650, load size=00000069 bytes, run addr=2000109c, run size=0000006e bytes, compression=rle
	.bss: load addr=000046c8, load size=00000008 bytes, run addr=20000000, run size=0000089c bytes, compression=zero_init


LINKER GENERATED HANDLER TABLE

__TI_handler_table @ 000046bc records: 3, size/record: 4, table size: 12
	index: 0, handler: __TI_decompress_rle24
	index: 1, handler: __TI_decompress_none
	index: 2, handler: __TI_zero_init


GLOBAL SYMBOLS: SORTED ALPHABETICALLY BY Name 

address    name
--------   ----
00003909   AppButtonHandler
20000454   BuffGPS
20000648   BuffYEI
00003d95   ButtonsInit
00003cf1   ButtonsPoll
00004251   C$$EXIT
0000441b   CPUcpsie
000043ed   FPUEnable
0000432d   FPUStackingEnable
20000000   Fatfs
20000230   Fil
000042c9   GPIODirModeSet
00003df9   GPIOPadConfigSet
000040f5   GPIOPinConfigure
0000444d   GPIOPinRead
000043a5   GPIOPinTypeGPIOOutput
000043b7   GPIOPinTypeSSI
000043c9   GPIOPinTypeUART
00004457   GPIOPinWrite
000040a9   HibernateEnableExpClk
00004291   HibernateWriteComplete
00004461   IntMasterEnable
00004441   ResetISR
00002bd1   SELECT
UNDEFED    SHT$$INIT_ARRAY$$Base
UNDEFED    SHT$$INIT_ARRAY$$Limit
00004185   SSIConfigSetExpClk
00004427   SSIDataGet
0000446b   SSIDataPut
00004475   SSIDisable
0000447f   SSIEnable
000039dd   SysCtlClockGet
00003bb5   SysCtlClockSet
0000449d   SysCtlDelay
00004051   SysCtlPeripheralEnable
00004341   SysCtlResetCauseClear
00004435   SysCtlResetCauseGet
00004355   SysTickEnable
00004369   SysTickIntEnable
00003975   SysTickIntHandler
000043fd   SysTickPeriodSet
00004489   UARTCharGet
00004493   UARTCharPut
0000420d   UARTConfigSetExpClk
000042f9   UARTDisable
0000437d   UARTEnable
2000109c   __STACK_END
00000800   __STACK_SIZE
2000099c   __STACK_TOP
000046d0   __TI_CINIT_Base
000046e0   __TI_CINIT_Limit
000046bc   __TI_Handler_Table_Base
000046c8   __TI_Handler_Table_Limit
00000001   __TI_args_main
00003f5d   __TI_auto_init
0000440d   __TI_decompress_none
000044a3   __TI_decompress_rle24
00000000   __TI_static_base__
000043db   __TI_zero_init
00003ec1   __aeabi_memcpy
00003ec1   __aeabi_memcpy4
00003ec1   __aeabi_memcpy8
ffffffff   __binit__
ffffffff   __c_args__
2000089c   __stack
00004315   _args_main
0000413d   _c_int00
200010f8   _cleanup_ptr
200010fc   _dtors_ptr
200010f0   _lock
0000439f   _nop
00004397   _register_lock
00004391   _register_unlock
200010f4   _unlock
00004255   abort
ffffffff   binit
2000109c   buferA
200010df   buferB
200010d0   buferC
20000860   bwGPS
20000864   bwYEI
00000503   clust2sect
000041c9   copy_in
00002f91   disk_initialize
00003349   disk_ioctl
000031a5   disk_read
00003183   disk_status
00003551   disk_timerproc
00003261   disk_write
0000425d   exit
00002963   f_chmod
00002023   f_close
0000241b   f_getfree
00002043   f_lseek
00002779   f_mkdir
000017bd   f_mount
00001811   f_open
00002291   f_opendir
00001a29   f_read
00002341   f_readdir
00002a79   f_rename
000023cb   f_stat
00001f23   f_sync
0000257d   f_truncate
00002679   f_unlink
000029f3   f_utime
00001c7f   f_write
00000000   g_pfnVectors
2000083c   g_sAppState
00000533   get_fat
00003595   get_fattime
2000086c   i
20000870   j
20000874   k
20000878   l
2000087c   m
000035a5   main
20001100   main_func_sp
00003ec1   memcpy
20000880   n
00000657   put_fat
20000868   rc


GLOBAL SYMBOLS: SORTED BY Symbol Address 

address    name
--------   ----
00000000   __TI_static_base__
00000000   g_pfnVectors
00000001   __TI_args_main
00000503   clust2sect
00000533   get_fat
00000657   put_fat
00000800   __STACK_SIZE
000017bd   f_mount
00001811   f_open
00001a29   f_read
00001c7f   f_write
00001f23   f_sync
00002023   f_close
00002043   f_lseek
00002291   f_opendir
00002341   f_readdir
000023cb   f_stat
0000241b   f_getfree
0000257d   f_truncate
00002679   f_unlink
00002779   f_mkdir
00002963   f_chmod
000029f3   f_utime
00002a79   f_rename
00002bd1   SELECT
00002f91   disk_initialize
00003183   disk_status
000031a5   disk_read
00003261   disk_write
00003349   disk_ioctl
00003551   disk_timerproc
00003595   get_fattime
000035a5   main
00003909   AppButtonHandler
00003975   SysTickIntHandler
000039dd   SysCtlClockGet
00003bb5   SysCtlClockSet
00003cf1   ButtonsPoll
00003d95   ButtonsInit
00003df9   GPIOPadConfigSet
00003ec1   __aeabi_memcpy
00003ec1   __aeabi_memcpy4
00003ec1   __aeabi_memcpy8
00003ec1   memcpy
00003f5d   __TI_auto_init
00004051   SysCtlPeripheralEnable
000040a9   HibernateEnableExpClk
000040f5   GPIOPinConfigure
0000413d   _c_int00
00004185   SSIConfigSetExpClk
000041c9   copy_in
0000420d   UARTConfigSetExpClk
00004251   C$$EXIT
00004255   abort
0000425d   exit
00004291   HibernateWriteComplete
000042c9   GPIODirModeSet
000042f9   UARTDisable
00004315   _args_main
0000432d   FPUStackingEnable
00004341   SysCtlResetCauseClear
00004355   SysTickEnable
00004369   SysTickIntEnable
0000437d   UARTEnable
00004391   _register_unlock
00004397   _register_lock
0000439f   _nop
000043a5   GPIOPinTypeGPIOOutput
000043b7   GPIOPinTypeSSI
000043c9   GPIOPinTypeUART
000043db   __TI_zero_init
000043ed   FPUEnable
000043fd   SysTickPeriodSet
0000440d   __TI_decompress_none
0000441b   CPUcpsie
00004427   SSIDataGet
00004435   SysCtlResetCauseGet
00004441   ResetISR
0000444d   GPIOPinRead
00004457   GPIOPinWrite
00004461   IntMasterEnable
0000446b   SSIDataPut
00004475   SSIDisable
0000447f   SSIEnable
00004489   UARTCharGet
00004493   UARTCharPut
0000449d   SysCtlDelay
000044a3   __TI_decompress_rle24
000046bc   __TI_Handler_Table_Base
000046c8   __TI_Handler_Table_Limit
000046d0   __TI_CINIT_Base
000046e0   __TI_CINIT_Limit
20000000   Fatfs
20000230   Fil
20000454   BuffGPS
20000648   BuffYEI
2000083c   g_sAppState
20000860   bwGPS
20000864   bwYEI
20000868   rc
2000086c   i
20000870   j
20000874   k
20000878   l
2000087c   m
20000880   n
2000089c   __stack
2000099c   __STACK_TOP
2000109c   __STACK_END
2000109c   buferA
200010d0   buferC
200010df   buferB
200010f0   _lock
200010f4   _unlock
200010f8   _cleanup_ptr
200010fc   _dtors_ptr
20001100   main_func_sp
ffffffff   __binit__
ffffffff   __c_args__
ffffffff   binit
UNDEFED    SHT$$INIT_ARRAY$$Base
UNDEFED    SHT$$INIT_ARRAY$$Limit

[122 symbols]
