******************************************************************************
                  TI ARM Linker PC v5.0.1                      
******************************************************************************
>> Linked Tue Apr 01 14:29:11 2014

OUTPUT FILE NAME:   <codigoNMEA.out>
ENTRY POINT SYMBOL: "_c_int00"  address: 000001f1


MEMORY CONFIGURATION

         name            origin    length      used     unused   attr    fill
----------------------  --------  ---------  --------  --------  ----  --------
  FLASH                 00000000   00040000  00000520  0003fae0  R  X
  SRAM                  20000000   00008000  00000114  00007eec  RW X


SEGMENT ALLOCATION MAP

run origin  load origin   length   init length attrs members
----------  ----------- ---------- ----------- ----- -------
00000000    00000000    00000524   00000524    r-x
  00000000    00000000    00000310   00000310    r-x .text
  00000310    00000310    000001f4   000001f4    r-- .const
  00000508    00000508    0000001c   0000001c    r-- .cinit
20000000    20000000    00000100   00000000    rw-
  20000000    20000000    00000100   00000000    rw- .stack
20000100    20000100    00000014   00000014    rw-
  20000100    20000100    00000014   00000014    rw- .data


SECTION ALLOCATION MAP

 output                                  attributes/
section   page    origin      length       input sections
--------  ----  ----------  ----------   ----------------
.text      0    00000000    00000310     
                  00000000    0000009c     rtsv7M4_T_le_v4SPD16_eabi.lib : memcpy_t2.obj (.text)
                  0000009c    00000094                                   : auto_init.obj (.text)
                  00000130    00000060     main.obj (.text)
                  00000190    0000005e     rtsv7M4_T_le_v4SPD16_eabi.lib : copy_decompress_rle.obj (.text)
                  000001ee    00000002     --HOLE-- [fill = 0]
                  000001f0    00000048                                   : boot.obj (.text)
                  00000238    00000044                                   : cpy_tbl.obj (.text)
                  0000027c    00000040                                   : exit.obj (.text)
                  000002bc    00000018                                   : args_main.obj (.text)
                  000002d4    00000014                                   : _lock.obj (.text)
                  000002e8    00000014                                   : strlen.obj (.text)
                  000002fc    0000000e                                   : copy_decompress_none.obj (.text:decompress:none)
                  0000030a    00000006                                   : copy_decompress_rle.obj (.text:decompress:rle24)

.const     0    00000310    000001f4     
                  00000310    000001d6     main.obj (.const:.string)
                  000004e6    00000002     --HOLE-- [fill = 0]
                  000004e8    0000001c     main.obj (.const)

.cinit     0    00000508    0000001c     
                  00000508    00000009     (.cinit..data.load) [load image, compression = rle]
                  00000511    00000003     --HOLE-- [fill = 0]
                  00000514    00000008     (__TI_handler_table)
                  0000051c    00000008     (__TI_cinit_table)

.stack     0    20000000    00000100     UNINITIALIZED
                  20000000    00000100     --HOLE--

.data      0    20000100    00000014     
                  20000100    00000008     rtsv7M4_T_le_v4SPD16_eabi.lib : _lock.obj (.data)
                  20000108    00000008                                   : exit.obj (.data)
                  20000110    00000004                                   : stkdepth_vars.obj (.data)


LINKER GENERATED COPY TABLES

__TI_cinit_table @ 0000051c records: 1, size/record: 8, table size: 8
	.data: load addr=00000508, load size=00000009 bytes, run addr=20000100, run size=00000014 bytes, compression=rle


LINKER GENERATED HANDLER TABLE

__TI_handler_table @ 00000514 records: 2, size/record: 4, table size: 8
	index: 0, handler: __TI_decompress_rle24
	index: 1, handler: __TI_decompress_none


GLOBAL SYMBOLS: SORTED ALPHABETICALLY BY Name 

address    name
--------   ----
0000027d   C$$EXIT
UNDEFED    SHT$$INIT_ARRAY$$Base
UNDEFED    SHT$$INIT_ARRAY$$Limit
20000100   __STACK_END
00000100   __STACK_SIZE
20000100   __STACK_TOP
0000051c   __TI_CINIT_Base
00000524   __TI_CINIT_Limit
00000514   __TI_Handler_Table_Base
0000051c   __TI_Handler_Table_Limit
00000001   __TI_args_main
0000009d   __TI_auto_init
000002fd   __TI_decompress_none
0000030b   __TI_decompress_rle24
00000000   __TI_static_base__
00000001   __aeabi_memcpy
00000001   __aeabi_memcpy4
00000001   __aeabi_memcpy8
ffffffff   __binit__
ffffffff   __c_args__
20000000   __stack
000002bd   _args_main
000001f1   _c_int00
20000108   _cleanup_ptr
2000010c   _dtors_ptr
20000100   _lock
000002e3   _nop
000002db   _register_lock
000002d5   _register_unlock
20000104   _unlock
00000281   abort
ffffffff   binit
00000239   copy_in
00000289   exit
00000131   main
20000110   main_func_sp
00000001   memcpy
UNDEFED    nmea_parse
UNDEFED    nmea_parser_destroy
UNDEFED    nmea_parser_init
UNDEFED    nmea_zero_INFO
000002e9   strlen


GLOBAL SYMBOLS: SORTED BY Symbol Address 

address    name
--------   ----
00000000   __TI_static_base__
00000001   __TI_args_main
00000001   __aeabi_memcpy
00000001   __aeabi_memcpy4
00000001   __aeabi_memcpy8
00000001   memcpy
0000009d   __TI_auto_init
00000100   __STACK_SIZE
00000131   main
000001f1   _c_int00
00000239   copy_in
0000027d   C$$EXIT
00000281   abort
00000289   exit
000002bd   _args_main
000002d5   _register_unlock
000002db   _register_lock
000002e3   _nop
000002e9   strlen
000002fd   __TI_decompress_none
0000030b   __TI_decompress_rle24
00000514   __TI_Handler_Table_Base
0000051c   __TI_CINIT_Base
0000051c   __TI_Handler_Table_Limit
00000524   __TI_CINIT_Limit
20000000   __stack
20000100   __STACK_END
20000100   __STACK_TOP
20000100   _lock
20000104   _unlock
20000108   _cleanup_ptr
2000010c   _dtors_ptr
20000110   main_func_sp
ffffffff   __binit__
ffffffff   __c_args__
ffffffff   binit
UNDEFED    SHT$$INIT_ARRAY$$Base
UNDEFED    SHT$$INIT_ARRAY$$Limit
UNDEFED    nmea_parse
UNDEFED    nmea_parser_destroy
UNDEFED    nmea_parser_init
UNDEFED    nmea_zero_INFO

[42 symbols]
