******************************************************************************
                  TMS470 Linker Unix v4.9.5                    
******************************************************************************
>> Linked Thu Mar 26 14:40:17 2015

OUTPUT FILE NAME:   <ejemplo1_I2C.out>
ENTRY POINT SYMBOL: "_c_int00"  address: 00000d1d


MEMORY CONFIGURATION

         name            origin    length      used     unused   attr    fill
----------------------  --------  ---------  --------  --------  ----  --------
  FLASH                 00000000   00040000  000010be  0003ef42  R  X
  SRAM                  20000000   00008000  0000011c  00007ee4  RW X


SEGMENT ALLOCATION MAP

run origin  load origin   length   init length attrs members
----------  ----------- ---------- ----------- ----- -------
00000000    00000000    000010c0   000010c0    r-x
  00000000    00000000    00000f5e   00000f5e    r-x .text
  00000f60    00000f60    00000140   00000140    r-- .const
  000010a0    000010a0    00000020   00000020    r-- .cinit
20000000    20000000    00000100   00000000    rw-
  20000000    20000000    00000100   00000000    rw- .stack
20000100    20000100    0000001c   0000001c    rw-
  20000100    20000100    0000001c   0000001c    rw- .data


SECTION ALLOCATION MAP

 output                                  attributes/
section   page    origin      length       input sections
--------  ----  ----------  ----------   ----------------
.text      0    00000000    00000f5e     
                  00000000    0000035c     uartstdio.obj (.text)
                  0000035c    000002a4     main.obj (.text)
                  00000600    000001d8     driverlib-cm4f.lib : sysctl.obj (.text:SysCtlClockGet)
                  000007d8    0000013c                        : sysctl.obj (.text:SysCtlClockSet)
                  00000914    000000c8                        : gpio.obj (.text:GPIOPadConfigSet)
                  000009dc    0000009c     rtsv7M4_T_le_v4SPD16_eabi.lib : memcpy_t2.obj (.text)
                  00000a78    00000094                                   : auto_init.obj (.text)
                  00000b0c    00000078     driverlib-cm4f.lib : sysctl.obj (.text:SysCtlPeripheralPresent)
                  00000b84    0000005e     rtsv7M4_T_le_v4SPD16_eabi.lib : copy_decompress_rle.obj (.text)
                  00000be2    00000002     --HOLE-- [fill = 0]
                  00000be4    00000058     driverlib-cm4f.lib : sysctl.obj (.text:SysCtlPeripheralEnable)
                  00000c3c    0000004c                        : i2c.obj (.text:I2CMasterInitExpClk)
                  00000c88    0000004c     rtsv7M4_T_le_v4SPD16_eabi.lib : cpy_tbl.obj (.text)
                  00000cd4    00000048     driverlib-cm4f.lib : gpio.obj (.text:GPIOPinConfigure)
                  00000d1c    00000048     rtsv7M4_T_le_v4SPD16_eabi.lib : boot.obj (.text)
                  00000d64    00000044                                   : exit.obj (.text)
                  00000da8    00000042     driverlib-cm4f.lib : uart.obj (.text:UARTConfigSetExpClk)
                  00000dea    00000042     rtsv7M4_T_le_v4SPD16_eabi.lib : u_divt2.obj (.text)
                  00000e2c    0000002e     driverlib-cm4f.lib : gpio.obj (.text:GPIODirModeSet)
                  00000e5a    00000002     --HOLE-- [fill = 0]
                  00000e5c    0000001c                        : uart.obj (.text:UARTDisable)
                  00000e78    00000018     rtsv7M4_T_le_v4SPD16_eabi.lib : _lock.obj (.text)
                  00000e90    00000018                                   : args_main.obj (.text)
                  00000ea8    00000014     driverlib-cm4f.lib : uart.obj (.text:UARTEnable)
                  00000ebc    00000012                        : gpio.obj (.text:GPIOPinTypeI2C)
                  00000ece    00000012                        : gpio.obj (.text:GPIOPinTypeUART)
                  00000ee0    00000012                        : i2c.obj (.text:I2CSlaveEnable)
                  00000ef2    0000000e     rtsv7M4_T_le_v4SPD16_eabi.lib : copy_decompress_none.obj (.text:decompress:none)
                  00000f00    0000000c     driverlib-cm4f.lib : i2c.obj (.text:I2CSlaveInit)
                  00000f0c    0000000a                        : i2c.obj (.text:I2CMasterEnable)
                  00000f16    0000000a                        : uart.obj (.text:UARTCharGet)
                  00000f20    0000000a                        : uart.obj (.text:UARTCharPut)
                  00000f2a    00000008                        : i2c.obj (.text:I2CMasterBusy)
                  00000f32    00000008                        : i2c.obj (.text:I2CMasterSlaveAddrSet)
                  00000f3a    00000006                        : sysctl.obj (.text:SysCtlDelay)
                  00000f40    00000006     rtsv7M4_T_le_v4SPD16_eabi.lib : copy_decompress_rle.obj (.text:decompress:rle24)
                  00000f46    00000004     driverlib-cm4f.lib : i2c.obj (.text:I2CMasterControl)
                  00000f4a    00000004                        : i2c.obj (.text:I2CMasterDataGet)
                  00000f4e    00000004                        : i2c.obj (.text:I2CMasterDataPut)
                  00000f52    00000004                        : i2c.obj (.text:I2CSlaveDataGet)
                  00000f56    00000004                        : i2c.obj (.text:I2CSlaveDataPut)
                  00000f5a    00000004                        : i2c.obj (.text:I2CSlaveStatus)

.const     0    00000f60    00000140     
                  00000f60    00000078     driverlib-cm4f.lib : gpio.obj (.const:g_pulGPIOBaseAddrs)
                  00000fd8    0000006c                        : sysctl.obj (.const:g_pulXtals)
                  00001044    00000040                        : sysctl.obj (.const)
                  00001084    0000001c     uartstdio.obj (.const)

.cinit     0    000010a0    00000020     
                  000010a0    0000000f     (.cinit..data.load) [load image, compression = rle]
                  000010af    00000001     --HOLE-- [fill = 0]
                  000010b0    00000008     (__TI_handler_table)
                  000010b8    00000008     (__TI_cinit_table)

.stack     0    20000000    00000100     UNINITIALIZED
                  20000000    00000100     --HOLE--

.data      0    20000100    0000001c     
                  20000100    00000008     rtsv7M4_T_le_v4SPD16_eabi.lib : _lock.obj (.data)
                  20000108    00000008                                   : exit.obj (.data)
                  20000110    00000005     uartstdio.obj (.data)
                  20000115    00000003     --HOLE--
                  20000118    00000004     rtsv7M4_T_le_v4SPD16_eabi.lib : stkdepth_vars.obj (.data)


LINKER GENERATED COPY TABLES

__TI_cinit_table @ 000010b8 records: 1, size/record: 8, table size: 8
	.data: load addr=000010a0, load size=0000000f bytes, run addr=20000100, run size=0000001c bytes, compression=rle


LINKER GENERATED HANDLER TABLE

__TI_handler_table @ 000010b0 records: 2, size/record: 4, table size: 8
	index: 0, handler: __TI_decompress_rle24
	index: 1, handler: __TI_decompress_none


GLOBAL SYMBOLS: SORTED ALPHABETICALLY BY Name 

address    name
--------   ----
00000d65   C$$EXIT
00000e2d   GPIODirModeSet
00000915   GPIOPadConfigSet
00000cd5   GPIOPinConfigure
00000ebd   GPIOPinTypeI2C
00000ecf   GPIOPinTypeUART
00000f2b   I2CMasterBusy
00000f47   I2CMasterControl
00000f4b   I2CMasterDataGet
00000f4f   I2CMasterDataPut
00000f0d   I2CMasterEnable
00000c3d   I2CMasterInitExpClk
00000f33   I2CMasterSlaveAddrSet
00000f53   I2CSlaveDataGet
00000f57   I2CSlaveDataPut
00000ee1   I2CSlaveEnable
00000f01   I2CSlaveInit
00000f5b   I2CSlaveStatus
0000035d   InitConsole
UNDEFED    SHT$$INIT_ARRAY$$Base
UNDEFED    SHT$$INIT_ARRAY$$Limit
00000601   SysCtlClockGet
000007d9   SysCtlClockSet
00000f3b   SysCtlDelay
00000be5   SysCtlPeripheralEnable
00000b0d   SysCtlPeripheralPresent
00000f17   UARTCharGet
00000f21   UARTCharPut
00000da9   UARTConfigSetExpClk
00000e5d   UARTDisable
00000ea9   UARTEnable
000002c3   UARTStdioConfig
0000030f   UARTStdioInit
000002f9   UARTStdioInitExpClk
000002b5   UARTgetc
00000237   UARTgets
00000033   UARTprintf
00000001   UARTwrite
20000100   __STACK_END
00000100   __STACK_SIZE
20000100   __STACK_TOP
000010b8   __TI_CINIT_Base
000010c0   __TI_CINIT_Limit
000010b0   __TI_Handler_Table_Base
000010b8   __TI_Handler_Table_Limit
00000001   __TI_args_main
00000a79   __TI_auto_init
00000ef3   __TI_decompress_none
00000f41   __TI_decompress_rle24
00000000   __TI_static_base__
000009dd   __aeabi_memcpy
000009dd   __aeabi_memcpy4
000009dd   __aeabi_memcpy8
00000deb   __aeabi_uidivmod
ffffffff   __binit__
ffffffff   __c_args__
20000000   __stack
00000e91   _args_main
00000d1d   _c_int00
20000108   _cleanup_ptr
2000010c   _dtors_ptr
20000100   _lock
00000e85   _nop
00000e7f   _register_lock
00000e79   _register_unlock
20000104   _unlock
00000d69   abort
ffffffff   binit
00000c89   copy_in
00000d71   exit
00000385   main
20000118   main_func_sp
000009dd   memcpy


GLOBAL SYMBOLS: SORTED BY Symbol Address 

address    name
--------   ----
00000000   __TI_static_base__
00000001   UARTwrite
00000001   __TI_args_main
00000033   UARTprintf
00000100   __STACK_SIZE
00000237   UARTgets
000002b5   UARTgetc
000002c3   UARTStdioConfig
000002f9   UARTStdioInitExpClk
0000030f   UARTStdioInit
0000035d   InitConsole
00000385   main
00000601   SysCtlClockGet
000007d9   SysCtlClockSet
00000915   GPIOPadConfigSet
000009dd   __aeabi_memcpy
000009dd   __aeabi_memcpy4
000009dd   __aeabi_memcpy8
000009dd   memcpy
00000a79   __TI_auto_init
00000b0d   SysCtlPeripheralPresent
00000be5   SysCtlPeripheralEnable
00000c3d   I2CMasterInitExpClk
00000c89   copy_in
00000cd5   GPIOPinConfigure
00000d1d   _c_int00
00000d65   C$$EXIT
00000d69   abort
00000d71   exit
00000da9   UARTConfigSetExpClk
00000deb   __aeabi_uidivmod
00000e2d   GPIODirModeSet
00000e5d   UARTDisable
00000e79   _register_unlock
00000e7f   _register_lock
00000e85   _nop
00000e91   _args_main
00000ea9   UARTEnable
00000ebd   GPIOPinTypeI2C
00000ecf   GPIOPinTypeUART
00000ee1   I2CSlaveEnable
00000ef3   __TI_decompress_none
00000f01   I2CSlaveInit
00000f0d   I2CMasterEnable
00000f17   UARTCharGet
00000f21   UARTCharPut
00000f2b   I2CMasterBusy
00000f33   I2CMasterSlaveAddrSet
00000f3b   SysCtlDelay
00000f41   __TI_decompress_rle24
00000f47   I2CMasterControl
00000f4b   I2CMasterDataGet
00000f4f   I2CMasterDataPut
00000f53   I2CSlaveDataGet
00000f57   I2CSlaveDataPut
00000f5b   I2CSlaveStatus
000010b0   __TI_Handler_Table_Base
000010b8   __TI_CINIT_Base
000010b8   __TI_Handler_Table_Limit
000010c0   __TI_CINIT_Limit
20000000   __stack
20000100   __STACK_END
20000100   __STACK_TOP
20000100   _lock
20000104   _unlock
20000108   _cleanup_ptr
2000010c   _dtors_ptr
20000118   main_func_sp
ffffffff   __binit__
ffffffff   __c_args__
ffffffff   binit
UNDEFED    SHT$$INIT_ARRAY$$Base
UNDEFED    SHT$$INIT_ARRAY$$Limit

[73 symbols]
