******************************************************************************
                  TMS470 Linker Unix v4.9.5                    
******************************************************************************
>> Linked Wed Apr  1 16:29:34 2015

OUTPUT FILE NAME:   <MPUyDriverI2C.out>
ENTRY POINT SYMBOL: "_c_int00"  address: 0000161d


MEMORY CONFIGURATION

         name            origin    length      used     unused   attr    fill
----------------------  --------  ---------  --------  --------  ----  --------
  FLASH                 00000000   00040000  00001aa8  0003e558  R  X
  SRAM                  20000000   00008000  000004ac  00007b54  RW X


SEGMENT ALLOCATION MAP

run origin  load origin   length   init length attrs members
----------  ----------- ---------- ----------- ----- -------
00000000    00000000    00001ab0   00001ab0    r-x
  00000000    00000000    000018de   000018de    r-x .text
  000018e0    000018e0    00000182   00000182    r-- .const
  00001a68    00001a68    00000048   00000048    r-- .cinit
20000000    20000000    00000490   00000000    rw-
  20000000    20000000    0000026c   00000000    rw- .vtable
  2000026c    2000026c    00000124   00000000    rw- .bss
  20000390    20000390    00000100   00000000    rw- .stack
20000490    20000490    0000001c   0000001c    rw-
  20000490    20000490    0000001c   0000001c    rw- .data


SECTION ALLOCATION MAP

 output                                  attributes/
section   page    origin      length       input sections
--------  ----  ----------  ----------   ----------------
.text      0    00000000    000018de     
                  00000000    00000a9c     gpio.obj (.text)
                  00000a9c    0000047c     uartstdio.obj (.text)
                  00000f18    00000118     driverlib.lib : sysctl.obj (.text:SysCtlClockGet)
                  00001030    000000f8     mi_driver_I2C.obj (.text)
                  00001128    000000f0     driverlib.lib : sysctl.obj (.text:SysCtlClockSet)
                  00001218    000000d0     main.obj (.text)
                  000012e8    0000009c     rtsv7M4_T_le_v4SPD16_eabi.lib : memcpy_t2.obj (.text)
                  00001384    00000094                                   : auto_init.obj (.text)
                  00001418    00000060     driverlib.lib : interrupt.obj (.text:IntDisable)
                  00001478    00000060                   : interrupt.obj (.text:IntEnable)
                  000014d8    0000005e     rtsv7M4_T_le_v4SPD16_eabi.lib : copy_decompress_rle.obj (.text)
                  00001536    00000002     driverlib.lib : interrupt.obj (.text:_IntDefaultHandler)
                  00001538    00000050                   : sysctl.obj (.text:SysCtlPeripheralReset)
                  00001588    0000004c     rtsv7M4_T_le_v4SPD16_eabi.lib : cpy_tbl.obj (.text)
                  000015d4    00000048     driverlib.lib : i2c.obj (.text:I2CMasterInitExpClk)
                  0000161c    00000048     rtsv7M4_T_le_v4SPD16_eabi.lib : boot.obj (.text)
                  00001664    00000044                                   : exit.obj (.text)
                  000016a8    00000042                                   : u_divt2.obj (.text)
                  000016ea    00000040     driverlib.lib : uart.obj (.text:UARTConfigSetExpClk)
                  0000172a    00000034     sensorlib.lib : i2cm_drv.obj (.text:I2CMInit)
                  0000175e    00000002     --HOLE-- [fill = 0]
                  00001760    00000034     driverlib.lib : interrupt.obj (.text:IntRegister)
                  00001794    00000034                   : sysctl.obj (.text:SysCtlPeripheralEnable)
                  000017c8    00000034                   : sysctl.obj (.text:SysCtlPeripheralPresent)
                  000017fc    0000001c                   : uart.obj (.text:UARTDisable)
                  00001818    00000018     rtsv7M4_T_le_v4SPD16_eabi.lib : _lock.obj (.text)
                  00001830    00000018                                   : args_main.obj (.text)
                  00001848    00000014     driverlib.lib : interrupt.obj (.text:IntUnregister)
                  0000185c    00000014                   : uart.obj (.text:UARTEnable)
                  00001870    00000012     rtsv7M4_T_le_v4SPD16_eabi.lib : copy_zero_init.obj (.text:decompress:ZI)
                  00001882    0000000e                                   : copy_decompress_none.obj (.text:decompress:none)
                  00001890    0000000a     driverlib.lib : i2c.obj (.text:I2CMasterEnable)
                  0000189a    0000000a                   : uart.obj (.text:UARTCharGet)
                  000018a4    0000000a                   : uart.obj (.text:UARTCharPut)
                  000018ae    00000008                   : i2c.obj (.text:I2CMasterBusy)
                  000018b6    00000008                   : i2c.obj (.text:I2CMasterIntEnableEx)
                  000018be    00000008                   : i2c.obj (.text:I2CMasterSlaveAddrSet)
                  000018c6    00000006                   : sysctl.obj (.text:SysCtlDelay)
                  000018cc    00000006     rtsv7M4_T_le_v4SPD16_eabi.lib : copy_decompress_rle.obj (.text:decompress:rle24)
                  000018d2    00000004     driverlib.lib : i2c.obj (.text:I2CMasterControl)
                  000018d6    00000004                   : i2c.obj (.text:I2CMasterDataGet)
                  000018da    00000004                   : i2c.obj (.text:I2CMasterDataPut)

.const     0    000018e0    00000182     
                  000018e0    00000078     gpio.obj (.const:g_pulGPIOBaseAddrs)
                  00001958    00000070     driverlib.lib : interrupt.obj (.const)
                  000019c8    0000006c                   : sysctl.obj (.const:g_pui32Xtals)
                  00001a34    0000001c     uartstdio.obj (.const)
                  00001a50    00000012     uartstdio.obj (.const:.string)

.cinit     0    00001a68    00000048     
                  00001a68    0000000f     (.cinit..data.load) [load image, compression = rle]
                  00001a77    00000001     --HOLE-- [fill = 0]
                  00001a78    0000000c     (__TI_handler_table)
                  00001a84    00000004     --HOLE-- [fill = 0]
                  00001a88    00000008     (.cinit..bss.load) [load image, compression = zero_init]
                  00001a90    00000008     (.cinit..vtable.load) [load image, compression = zero_init]
                  00001a98    00000018     (__TI_cinit_table)

.vtable    0    20000000    0000026c     UNINITIALIZED
                  20000000    0000026c     driverlib.lib : interrupt.obj (.vtable)

.bss       0    2000026c    00000124     UNINITIALIZED
                  2000026c    00000124     main.obj (.bss:g_sI2CInst)

.stack     0    20000390    00000100     UNINITIALIZED
                  20000390    00000100     --HOLE--

.data      0    20000490    0000001c     
                  20000490    00000008     rtsv7M4_T_le_v4SPD16_eabi.lib : _lock.obj (.data)
                  20000498    00000008                                   : exit.obj (.data)
                  200004a0    00000005     uartstdio.obj (.data)
                  200004a5    00000003     --HOLE--
                  200004a8    00000004     rtsv7M4_T_le_v4SPD16_eabi.lib : stkdepth_vars.obj (.data)


LINKER GENERATED COPY TABLES

__TI_cinit_table @ 00001a98 records: 3, size/record: 8, table size: 24
	.data: load addr=00001a68, load size=0000000f bytes, run addr=20000490, run size=0000001c bytes, compression=rle
	.bss: load addr=00001a88, load size=00000008 bytes, run addr=2000026c, run size=00000124 bytes, compression=zero_init
	.vtable: load addr=00001a90, load size=00000008 bytes, run addr=20000000, run size=0000026c bytes, compression=zero_init


LINKER GENERATED HANDLER TABLE

__TI_handler_table @ 00001a78 records: 3, size/record: 4, table size: 12
	index: 0, handler: __TI_zero_init
	index: 1, handler: __TI_decompress_rle24
	index: 2, handler: __TI_decompress_none


GLOBAL SYMBOLS: SORTED ALPHABETICALLY BY Name 

address    name
--------   ----
00001665   C$$EXIT
00000a6d   GPIOADCTriggerDisable
00000a45   GPIOADCTriggerEnable
00000a1f   GPIODMATriggerDisable
00000a01   GPIODMATriggerEnable
00000177   GPIODirModeGet
0000011b   GPIODirModeSet
00000245   GPIOIntTypeGet
000001c3   GPIOIntTypeSet
0000042b   GPIOPadConfigGet
000002c5   GPIOPadConfigSet
0000099f   GPIOPinConfigure
0000057b   GPIOPinIntClear
0000053b   GPIOPinIntDisable
0000051d   GPIOPinIntEnable
00000559   GPIOPinIntStatus
000005cb   GPIOPinRead
00000603   GPIOPinTypeADC
00000627   GPIOPinTypeCAN
0000064b   GPIOPinTypeComparator
0000066f   GPIOPinTypeEPI
00000693   GPIOPinTypeEthernetLED
000006b7   GPIOPinTypeEthernetMII
000006db   GPIOPinTypeFan
000006ff   GPIOPinTypeGPIOInput
00000723   GPIOPinTypeGPIOOutput
00000747   GPIOPinTypeGPIOOutputOD
0000076b   GPIOPinTypeI2C
0000078f   GPIOPinTypeI2CSCL
00000813   GPIOPinTypeI2S
00000837   GPIOPinTypeLPC
0000085b   GPIOPinTypePECIRx
0000087f   GPIOPinTypePECITx
000008a3   GPIOPinTypePWM
000008c7   GPIOPinTypeQEI
000008eb   GPIOPinTypeSSI
0000090f   GPIOPinTypeTimer
00000933   GPIOPinTypeUART
00000957   GPIOPinTypeUSBAnalog
0000097b   GPIOPinTypeUSBDigital
000005e3   GPIOPinWrite
00000593   GPIOPortIntRegister
000005b1   GPIOPortIntUnregister
0000172b   I2CMInit
000018af   I2CMasterBusy
000018d3   I2CMasterControl
000018d7   I2CMasterDataGet
000018db   I2CMasterDataPut
00001891   I2CMasterEnable
000015d5   I2CMasterInitExpClk
000018b7   I2CMasterIntEnableEx
000018bf   I2CMasterSlaveAddrSet
00001419   IntDisable
00001479   IntEnable
00001761   IntRegister
00001849   IntUnregister
UNDEFED    SHT$$INIT_ARRAY$$Base
UNDEFED    SHT$$INIT_ARRAY$$Limit
00000f19   SysCtlClockGet
00001129   SysCtlClockSet
000018c7   SysCtlDelay
00001795   SysCtlPeripheralEnable
000017c9   SysCtlPeripheralPresent
00001539   SysCtlPeripheralReset
0000189b   UARTCharGet
000018a5   UARTCharPut
000016eb   UARTConfigSetExpClk
000017fd   UARTDisable
0000185d   UARTEnable
00000a9d   UARTStdioConfig
00000ae3   UARTStdioInit
00000af9   UARTStdioInitExpClk
00000c0d   UARTgetc
00000b55   UARTgets
00000c35   UARTprintf
00000b0f   UARTwrite
20000490   __STACK_END
00000100   __STACK_SIZE
20000490   __STACK_TOP
00001a98   __TI_CINIT_Base
00001ab0   __TI_CINIT_Limit
00001a78   __TI_Handler_Table_Base
00001a84   __TI_Handler_Table_Limit
00000001   __TI_args_main
00001385   __TI_auto_init
00001883   __TI_decompress_none
000018cd   __TI_decompress_rle24
00000000   __TI_static_base__
00001871   __TI_zero_init
000012e9   __aeabi_memcpy
000012e9   __aeabi_memcpy4
000012e9   __aeabi_memcpy8
000016a9   __aeabi_uidivmod
ffffffff   __binit__
ffffffff   __c_args__
20000390   __stack
00001831   _args_main
0000161d   _c_int00
20000498   _cleanup_ptr
2000049c   _dtors_ptr
20000490   _lock
00001825   _nop
0000181f   _register_lock
00001819   _register_unlock
20000494   _unlock
00001669   abort
ffffffff   binit
00001589   copy_in
00001671   exit
20000000   g_pfnRAMVectors
2000026c   g_sI2CInst
00001031   initI2C1
00001259   main
200004a8   main_func_sp
000012e9   memcpy
00001061   readI2C1
000010bb   writeI2C1


GLOBAL SYMBOLS: SORTED BY Symbol Address 

address    name
--------   ----
00000000   __TI_static_base__
00000001   __TI_args_main
00000100   __STACK_SIZE
0000011b   GPIODirModeSet
00000177   GPIODirModeGet
000001c3   GPIOIntTypeSet
00000245   GPIOIntTypeGet
000002c5   GPIOPadConfigSet
0000042b   GPIOPadConfigGet
0000051d   GPIOPinIntEnable
0000053b   GPIOPinIntDisable
00000559   GPIOPinIntStatus
0000057b   GPIOPinIntClear
00000593   GPIOPortIntRegister
000005b1   GPIOPortIntUnregister
000005cb   GPIOPinRead
000005e3   GPIOPinWrite
00000603   GPIOPinTypeADC
00000627   GPIOPinTypeCAN
0000064b   GPIOPinTypeComparator
0000066f   GPIOPinTypeEPI
00000693   GPIOPinTypeEthernetLED
000006b7   GPIOPinTypeEthernetMII
000006db   GPIOPinTypeFan
000006ff   GPIOPinTypeGPIOInput
00000723   GPIOPinTypeGPIOOutput
00000747   GPIOPinTypeGPIOOutputOD
0000076b   GPIOPinTypeI2C
0000078f   GPIOPinTypeI2CSCL
00000813   GPIOPinTypeI2S
00000837   GPIOPinTypeLPC
0000085b   GPIOPinTypePECIRx
0000087f   GPIOPinTypePECITx
000008a3   GPIOPinTypePWM
000008c7   GPIOPinTypeQEI
000008eb   GPIOPinTypeSSI
0000090f   GPIOPinTypeTimer
00000933   GPIOPinTypeUART
00000957   GPIOPinTypeUSBAnalog
0000097b   GPIOPinTypeUSBDigital
0000099f   GPIOPinConfigure
00000a01   GPIODMATriggerEnable
00000a1f   GPIODMATriggerDisable
00000a45   GPIOADCTriggerEnable
00000a6d   GPIOADCTriggerDisable
00000a9d   UARTStdioConfig
00000ae3   UARTStdioInit
00000af9   UARTStdioInitExpClk
00000b0f   UARTwrite
00000b55   UARTgets
00000c0d   UARTgetc
00000c35   UARTprintf
00000f19   SysCtlClockGet
00001031   initI2C1
00001061   readI2C1
000010bb   writeI2C1
00001129   SysCtlClockSet
00001259   main
000012e9   __aeabi_memcpy
000012e9   __aeabi_memcpy4
000012e9   __aeabi_memcpy8
000012e9   memcpy
00001385   __TI_auto_init
00001419   IntDisable
00001479   IntEnable
00001539   SysCtlPeripheralReset
00001589   copy_in
000015d5   I2CMasterInitExpClk
0000161d   _c_int00
00001665   C$$EXIT
00001669   abort
00001671   exit
000016a9   __aeabi_uidivmod
000016eb   UARTConfigSetExpClk
0000172b   I2CMInit
00001761   IntRegister
00001795   SysCtlPeripheralEnable
000017c9   SysCtlPeripheralPresent
000017fd   UARTDisable
00001819   _register_unlock
0000181f   _register_lock
00001825   _nop
00001831   _args_main
00001849   IntUnregister
0000185d   UARTEnable
00001871   __TI_zero_init
00001883   __TI_decompress_none
00001891   I2CMasterEnable
0000189b   UARTCharGet
000018a5   UARTCharPut
000018af   I2CMasterBusy
000018b7   I2CMasterIntEnableEx
000018bf   I2CMasterSlaveAddrSet
000018c7   SysCtlDelay
000018cd   __TI_decompress_rle24
000018d3   I2CMasterControl
000018d7   I2CMasterDataGet
000018db   I2CMasterDataPut
00001a78   __TI_Handler_Table_Base
00001a84   __TI_Handler_Table_Limit
00001a98   __TI_CINIT_Base
00001ab0   __TI_CINIT_Limit
20000000   g_pfnRAMVectors
2000026c   g_sI2CInst
20000390   __stack
20000490   __STACK_END
20000490   __STACK_TOP
20000490   _lock
20000494   _unlock
20000498   _cleanup_ptr
2000049c   _dtors_ptr
200004a8   main_func_sp
ffffffff   __binit__
ffffffff   __c_args__
ffffffff   binit
UNDEFED    SHT$$INIT_ARRAY$$Base
UNDEFED    SHT$$INIT_ARRAY$$Limit

[117 symbols]
