******************************************************************************
                  TMS470 Linker Unix v4.9.5                    
******************************************************************************
>> Linked Thu Jun  5 14:21:18 2014

OUTPUT FILE NAME:   <ejemplo1_I2C.out>
ENTRY POINT SYMBOL: "_c_int00"  address: 00000e89


MEMORY CONFIGURATION

         name            origin    length      used     unused   attr    fill
----------------------  --------  ---------  --------  --------  ----  --------
  FLASH                 00000000   00040000  0000123c  0003edc4  R  X
  SRAM                  20000000   00008000  0000081c  000077e4  RW X


SEGMENT ALLOCATION MAP

run origin  load origin   length   init length attrs members
----------  ----------- ---------- ----------- ----- -------
00000000    00000000    00001240   00001240    r-x
  00000000    00000000    000010ca   000010ca    r-x .text
  000010cc    000010cc    00000152   00000152    r-- .const
  00001220    00001220    00000020   00000020    r-- .cinit
20000000    20000000    00000800   00000000    rw-
  20000000    20000000    00000800   00000000    rw- .stack
20000800    20000800    0000001c   0000001c    rw-
  20000800    20000800    0000001c   0000001c    rw- .data


SECTION ALLOCATION MAP

 output                                  attributes/
section   page    origin      length       input sections
--------  ----  ----------  ----------   ----------------
.text      0    00000000    000010ca     
                  00000000    0000047c     uartstdio.obj (.text)
                  0000047c    000002f0     main.obj (.text)
                  0000076c    000001d8     driverlib-cm4f.lib : sysctl.obj (.text:SysCtlClockGet)
                  00000944    0000013c                        : sysctl.obj (.text:SysCtlClockSet)
                  00000a80    000000c8                        : gpio.obj (.text:GPIOPadConfigSet)
                  00000b48    0000009c     rtsv7M4_T_le_v4SPD16_eabi.lib : memcpy_t2.obj (.text)
                  00000be4    00000094                                   : auto_init.obj (.text)
                  00000c78    00000078     driverlib-cm4f.lib : sysctl.obj (.text:SysCtlPeripheralPresent)
                  00000cf0    0000005e     rtsv7M4_T_le_v4SPD16_eabi.lib : copy_decompress_rle.obj (.text)
                  00000d4e    00000002     --HOLE-- [fill = 0]
                  00000d50    00000058     driverlib-cm4f.lib : sysctl.obj (.text:SysCtlPeripheralEnable)
                  00000da8    0000004c                        : i2c.obj (.text:I2CMasterInitExpClk)
                  00000df4    0000004c     rtsv7M4_T_le_v4SPD16_eabi.lib : cpy_tbl.obj (.text)
                  00000e40    00000048     driverlib-cm4f.lib : gpio.obj (.text:GPIOPinConfigure)
                  00000e88    00000048     rtsv7M4_T_le_v4SPD16_eabi.lib : boot.obj (.text)
                  00000ed0    00000044                                   : exit.obj (.text)
                  00000f14    00000042     driverlib-cm4f.lib : uart.obj (.text:UARTConfigSetExpClk)
                  00000f56    00000042     rtsv7M4_T_le_v4SPD16_eabi.lib : u_divt2.obj (.text)
                  00000f98    0000002e     driverlib-cm4f.lib : gpio.obj (.text:GPIODirModeSet)
                  00000fc6    00000002     --HOLE-- [fill = 0]
                  00000fc8    0000001c                        : uart.obj (.text:UARTDisable)
                  00000fe4    00000018     rtsv7M4_T_le_v4SPD16_eabi.lib : _lock.obj (.text)
                  00000ffc    00000018                                   : args_main.obj (.text)
                  00001014    00000014     driverlib-cm4f.lib : uart.obj (.text:UARTEnable)
                  00001028    00000012                        : gpio.obj (.text:GPIOPinTypeI2C)
                  0000103a    00000012                        : gpio.obj (.text:GPIOPinTypeUART)
                  0000104c    00000012                        : i2c.obj (.text:I2CSlaveEnable)
                  0000105e    0000000e     rtsv7M4_T_le_v4SPD16_eabi.lib : copy_decompress_none.obj (.text:decompress:none)
                  0000106c    0000000c     driverlib-cm4f.lib : i2c.obj (.text:I2CSlaveInit)
                  00001078    0000000a                        : i2c.obj (.text:I2CMasterEnable)
                  00001082    0000000a                        : uart.obj (.text:UARTCharGet)
                  0000108c    0000000a                        : uart.obj (.text:UARTCharPut)
                  00001096    00000008                        : i2c.obj (.text:I2CMasterBusy)
                  0000109e    00000008                        : i2c.obj (.text:I2CMasterSlaveAddrSet)
                  000010a6    00000006                        : sysctl.obj (.text:SysCtlDelay)
                  000010ac    00000006     rtsv7M4_T_le_v4SPD16_eabi.lib : copy_decompress_rle.obj (.text:decompress:rle24)
                  000010b2    00000004     driverlib-cm4f.lib : i2c.obj (.text:I2CMasterControl)
                  000010b6    00000004                        : i2c.obj (.text:I2CMasterDataGet)
                  000010ba    00000004                        : i2c.obj (.text:I2CMasterDataPut)
                  000010be    00000004                        : i2c.obj (.text:I2CSlaveDataGet)
                  000010c2    00000004                        : i2c.obj (.text:I2CSlaveDataPut)
                  000010c6    00000004                        : i2c.obj (.text:I2CSlaveStatus)

.const     0    000010cc    00000152     
                  000010cc    00000078     driverlib-cm4f.lib : gpio.obj (.const:g_pulGPIOBaseAddrs)
                  00001144    0000006c                        : sysctl.obj (.const:g_pulXtals)
                  000011b0    00000040                        : sysctl.obj (.const)
                  000011f0    0000001c     uartstdio.obj (.const)
                  0000120c    00000012     uartstdio.obj (.const:.string)

.cinit     0    00001220    00000020     
                  00001220    0000000f     (.cinit..data.load) [load image, compression = rle]
                  0000122f    00000001     --HOLE-- [fill = 0]
                  00001230    00000008     (__TI_handler_table)
                  00001238    00000008     (__TI_cinit_table)

.stack     0    20000000    00000800     UNINITIALIZED
                  20000000    00000800     --HOLE--

.data      0    20000800    0000001c     
                  20000800    00000008     rtsv7M4_T_le_v4SPD16_eabi.lib : _lock.obj (.data)
                  20000808    00000008                                   : exit.obj (.data)
                  20000810    00000005     uartstdio.obj (.data)
                  20000815    00000003     --HOLE--
                  20000818    00000004     rtsv7M4_T_le_v4SPD16_eabi.lib : stkdepth_vars.obj (.data)


LINKER GENERATED COPY TABLES

__TI_cinit_table @ 00001238 records: 1, size/record: 8, table size: 8
	.data: load addr=00001220, load size=0000000f bytes, run addr=20000800, run size=0000001c bytes, compression=rle


LINKER GENERATED HANDLER TABLE

__TI_handler_table @ 00001230 records: 2, size/record: 4, table size: 8
	index: 0, handler: __TI_decompress_rle24
	index: 1, handler: __TI_decompress_none


GLOBAL SYMBOLS: SORTED ALPHABETICALLY BY Name 

address    name
--------   ----
00000ed1   C$$EXIT
00000f99   GPIODirModeSet
00000a81   GPIOPadConfigSet
00000e41   GPIOPinConfigure
00001029   GPIOPinTypeI2C
0000103b   GPIOPinTypeUART
00001097   I2CMasterBusy
000010b3   I2CMasterControl
000010b7   I2CMasterDataGet
000010bb   I2CMasterDataPut
00001079   I2CMasterEnable
00000da9   I2CMasterInitExpClk
0000109f   I2CMasterSlaveAddrSet
000010bf   I2CSlaveDataGet
000010c3   I2CSlaveDataPut
0000104d   I2CSlaveEnable
0000106d   I2CSlaveInit
000010c7   I2CSlaveStatus
0000047d   InitConsole
UNDEFED    SHT$$INIT_ARRAY$$Base
UNDEFED    SHT$$INIT_ARRAY$$Limit
0000076d   SysCtlClockGet
00000945   SysCtlClockSet
000010a7   SysCtlDelay
00000d51   SysCtlPeripheralEnable
00000c79   SysCtlPeripheralPresent
00001083   UARTCharGet
0000108d   UARTCharPut
00000f15   UARTConfigSetExpClk
00000fc9   UARTDisable
00001015   UARTEnable
00000001   UARTStdioConfig
00000047   UARTStdioInit
0000005d   UARTStdioInitExpClk
00000171   UARTgetc
000000b9   UARTgets
00000199   UARTprintf
00000073   UARTwrite
20000800   __STACK_END
00000800   __STACK_SIZE
20000100   __STACK_TOP
00001238   __TI_CINIT_Base
00001240   __TI_CINIT_Limit
00001230   __TI_Handler_Table_Base
00001238   __TI_Handler_Table_Limit
00000001   __TI_args_main
00000be5   __TI_auto_init
0000105f   __TI_decompress_none
000010ad   __TI_decompress_rle24
00000000   __TI_static_base__
00000b49   __aeabi_memcpy
00000b49   __aeabi_memcpy4
00000b49   __aeabi_memcpy8
00000f57   __aeabi_uidivmod
ffffffff   __binit__
ffffffff   __c_args__
20000000   __stack
00000ffd   _args_main
00000e89   _c_int00
20000808   _cleanup_ptr
2000080c   _dtors_ptr
20000800   _lock
00000ff1   _nop
00000feb   _register_lock
00000fe5   _register_unlock
20000804   _unlock
00000ed5   abort
ffffffff   binit
00000df5   copy_in
00000edd   exit
000004a5   main
20000818   main_func_sp
00000b49   memcpy


GLOBAL SYMBOLS: SORTED BY Symbol Address 

address    name
--------   ----
00000000   __TI_static_base__
00000001   UARTStdioConfig
00000001   __TI_args_main
00000047   UARTStdioInit
0000005d   UARTStdioInitExpClk
00000073   UARTwrite
000000b9   UARTgets
00000171   UARTgetc
00000199   UARTprintf
0000047d   InitConsole
000004a5   main
0000076d   SysCtlClockGet
00000800   __STACK_SIZE
00000945   SysCtlClockSet
00000a81   GPIOPadConfigSet
00000b49   __aeabi_memcpy
00000b49   __aeabi_memcpy4
00000b49   __aeabi_memcpy8
00000b49   memcpy
00000be5   __TI_auto_init
00000c79   SysCtlPeripheralPresent
00000d51   SysCtlPeripheralEnable
00000da9   I2CMasterInitExpClk
00000df5   copy_in
00000e41   GPIOPinConfigure
00000e89   _c_int00
00000ed1   C$$EXIT
00000ed5   abort
00000edd   exit
00000f15   UARTConfigSetExpClk
00000f57   __aeabi_uidivmod
00000f99   GPIODirModeSet
00000fc9   UARTDisable
00000fe5   _register_unlock
00000feb   _register_lock
00000ff1   _nop
00000ffd   _args_main
00001015   UARTEnable
00001029   GPIOPinTypeI2C
0000103b   GPIOPinTypeUART
0000104d   I2CSlaveEnable
0000105f   __TI_decompress_none
0000106d   I2CSlaveInit
00001079   I2CMasterEnable
00001083   UARTCharGet
0000108d   UARTCharPut
00001097   I2CMasterBusy
0000109f   I2CMasterSlaveAddrSet
000010a7   SysCtlDelay
000010ad   __TI_decompress_rle24
000010b3   I2CMasterControl
000010b7   I2CMasterDataGet
000010bb   I2CMasterDataPut
000010bf   I2CSlaveDataGet
000010c3   I2CSlaveDataPut
000010c7   I2CSlaveStatus
00001230   __TI_Handler_Table_Base
00001238   __TI_CINIT_Base
00001238   __TI_Handler_Table_Limit
00001240   __TI_CINIT_Limit
20000000   __stack
20000100   __STACK_TOP
20000800   __STACK_END
20000800   _lock
20000804   _unlock
20000808   _cleanup_ptr
2000080c   _dtors_ptr
20000818   main_func_sp
ffffffff   __binit__
ffffffff   __c_args__
ffffffff   binit
UNDEFED    SHT$$INIT_ARRAY$$Base
UNDEFED    SHT$$INIT_ARRAY$$Limit

[73 symbols]
