******************************************************************************
                  TI ARM Linker PC v5.0.1                      
******************************************************************************
>> Linked Tue Apr 01 14:29:40 2014

OUTPUT FILE NAME:   <modos_baja_energia.out>
ENTRY POINT SYMBOL: "_c_int00"  address: 000008d1


MEMORY CONFIGURATION

         name            origin    length      used     unused   attr    fill
----------------------  --------  ---------  --------  --------  ----  --------
  FLASH                 00000000   00040000  00000ba4  0003f45c  R  X
  SRAM                  20000000   00008000  00000118  00007ee8  RW X


SEGMENT ALLOCATION MAP

run origin  load origin   length   init length attrs members
----------  ----------- ---------- ----------- ----- -------
00000000    00000000    00000ba8   00000ba8    r-x
  00000000    00000000    0000026c   0000026c    r-- .intvecs
  0000026c    0000026c    00000854   00000854    r-x .text
  00000ac0    00000ac0    000000ac   000000ac    r-- .const
  00000b70    00000b70    00000038   00000038    r-- .cinit
20000000    20000000    00000100   00000000    rw-
  20000000    20000000    00000100   00000000    rw- .stack
20000100    20000100    00000018   00000014    rw-
  20000100    20000100    00000014   00000014    rw- .data
  20000114    20000114    00000004   00000000    rw- .bss


SECTION ALLOCATION MAP

 output                                  attributes/
section   page    origin      length       input sections
--------  ----  ----------  ----------   ----------------
.intvecs   0    00000000    0000026c     
                  00000000    0000026c     startup_ccs.obj (.intvecs)

.text      0    0000026c    00000854     
                  0000026c    000001d8     driverlib-cm4f.lib : sysctl.obj (.text:SysCtlClockGet)
                  00000444    0000013c                        : sysctl.obj (.text:SysCtlClockSet)
                  00000580    000000c8                        : gpio.obj (.text:GPIOPadConfigSet)
                  00000648    0000009c     rtsv7M4_T_le_v4SPD16_eabi.lib : memcpy_t2.obj (.text)
                  000006e4    00000094                                   : auto_init.obj (.text)
                  00000778    0000005e                                   : copy_decompress_rle.obj (.text)
                  000007d6    00000002     --HOLE-- [fill = 0]
                  000007d8    00000058     driverlib-cm4f.lib : sysctl.obj (.text:SysCtlPeripheralEnable)
                  00000830    00000054     main.obj (.text)
                  00000884    0000004c     driverlib-cm4f.lib : hibernate.obj (.text:HibernateEnableExpClk)
                  000008d0    00000048     rtsv7M4_T_le_v4SPD16_eabi.lib : boot.obj (.text)
                  00000918    00000044                                   : cpy_tbl.obj (.text)
                  0000095c    00000040                                   : exit.obj (.text)
                  0000099c    00000038     driverlib-cm4f.lib : hibernate.obj (.text:HibernateWriteComplete)
                  000009d4    0000002e                        : gpio.obj (.text:GPIODirModeSet)
                  00000a02    00000002     --HOLE-- [fill = 0]
                  00000a04    00000018     rtsv7M4_T_le_v4SPD16_eabi.lib : args_main.obj (.text)
                  00000a1c    00000014     driverlib-cm4f.lib : hibernate.obj (.text:HibernateGPIORetentionEnable)
                  00000a30    00000014                        : hibernate.obj (.text:HibernateRequest)
                  00000a44    00000014                        : hibernate.obj (.text:HibernateWakeSet)
                  00000a58    00000014     rtsv7M4_T_le_v4SPD16_eabi.lib : _lock.obj (.text)
                  00000a6c    00000012     driverlib-cm4f.lib : gpio.obj (.text:GPIOPinTypeGPIOOutput)
                  00000a7e    00000012     rtsv7M4_T_le_v4SPD16_eabi.lib : copy_zero_init.obj (.text:decompress:ZI)
                  00000a90    0000000e                                   : copy_decompress_none.obj (.text:decompress:none)
                  00000a9e    0000000c     startup_ccs.obj (.text)
                  00000aaa    0000000a     driverlib-cm4f.lib : gpio.obj (.text:GPIOPinWrite)
                  00000ab4    00000006                        : sysctl.obj (.text:SysCtlDelay)
                  00000aba    00000006     rtsv7M4_T_le_v4SPD16_eabi.lib : copy_decompress_rle.obj (.text:decompress:rle24)

.const     0    00000ac0    000000ac     
                  00000ac0    0000006c     driverlib-cm4f.lib : sysctl.obj (.const:g_pulXtals)
                  00000b2c    00000040                        : sysctl.obj (.const)

.cinit     0    00000b70    00000038     
                  00000b70    0000000f     (.cinit..data.load) [load image, compression = rle]
                  00000b7f    00000001     --HOLE-- [fill = 0]
                  00000b80    0000000c     (__TI_handler_table)
                  00000b8c    00000004     --HOLE-- [fill = 0]
                  00000b90    00000008     (.cinit..bss.load) [load image, compression = zero_init]
                  00000b98    00000010     (__TI_cinit_table)

.stack     0    20000000    00000100     UNINITIALIZED
                  20000000    00000100     --HOLE--

.data      0    20000100    00000014     
                  20000100    00000008     rtsv7M4_T_le_v4SPD16_eabi.lib : _lock.obj (.data)
                  20000108    00000008                                   : exit.obj (.data)
                  20000110    00000004                                   : stkdepth_vars.obj (.data)

.bss       0    20000114    00000004     UNINITIALIZED
                  20000114    00000004     driverlib-cm4f.lib : hibernate.obj (.bss)


LINKER GENERATED COPY TABLES

__TI_cinit_table @ 00000b98 records: 2, size/record: 8, table size: 16
	.data: load addr=00000b70, load size=0000000f bytes, run addr=20000100, run size=00000014 bytes, compression=rle
	.bss: load addr=00000b90, load size=00000008 bytes, run addr=20000114, run size=00000004 bytes, compression=zero_init


LINKER GENERATED HANDLER TABLE

__TI_handler_table @ 00000b80 records: 3, size/record: 4, table size: 12
	index: 0, handler: __TI_decompress_rle24
	index: 1, handler: __TI_decompress_none
	index: 2, handler: __TI_zero_init


GLOBAL SYMBOLS: SORTED ALPHABETICALLY BY Name 

address    name
--------   ----
0000095d   C$$EXIT
000009d5   GPIODirModeSet
00000581   GPIOPadConfigSet
00000a6d   GPIOPinTypeGPIOOutput
00000aab   GPIOPinWrite
00000885   HibernateEnableExpClk
00000a1d   HibernateGPIORetentionEnable
00000a31   HibernateRequest
00000a45   HibernateWakeSet
0000099d   HibernateWriteComplete
00000a9f   ResetISR
UNDEFED    SHT$$INIT_ARRAY$$Base
UNDEFED    SHT$$INIT_ARRAY$$Limit
0000026d   SysCtlClockGet
00000445   SysCtlClockSet
00000ab5   SysCtlDelay
000007d9   SysCtlPeripheralEnable
20000100   __STACK_END
00000100   __STACK_SIZE
20000100   __STACK_TOP
00000b98   __TI_CINIT_Base
00000ba8   __TI_CINIT_Limit
00000b80   __TI_Handler_Table_Base
00000b8c   __TI_Handler_Table_Limit
00000001   __TI_args_main
000006e5   __TI_auto_init
00000a91   __TI_decompress_none
00000abb   __TI_decompress_rle24
00000000   __TI_static_base__
00000a7f   __TI_zero_init
00000649   __aeabi_memcpy
00000649   __aeabi_memcpy4
00000649   __aeabi_memcpy8
ffffffff   __binit__
ffffffff   __c_args__
20000000   __stack
00000a05   _args_main
000008d1   _c_int00
20000108   _cleanup_ptr
2000010c   _dtors_ptr
20000100   _lock
00000a67   _nop
00000a5f   _register_lock
00000a59   _register_unlock
20000104   _unlock
00000961   abort
ffffffff   binit
00000919   copy_in
00000969   exit
00000000   g_pfnVectors
00000831   main
20000110   main_func_sp
00000649   memcpy


GLOBAL SYMBOLS: SORTED BY Symbol Address 

address    name
--------   ----
00000000   __TI_static_base__
00000000   g_pfnVectors
00000001   __TI_args_main
00000100   __STACK_SIZE
0000026d   SysCtlClockGet
00000445   SysCtlClockSet
00000581   GPIOPadConfigSet
00000649   __aeabi_memcpy
00000649   __aeabi_memcpy4
00000649   __aeabi_memcpy8
00000649   memcpy
000006e5   __TI_auto_init
000007d9   SysCtlPeripheralEnable
00000831   main
00000885   HibernateEnableExpClk
000008d1   _c_int00
00000919   copy_in
0000095d   C$$EXIT
00000961   abort
00000969   exit
0000099d   HibernateWriteComplete
000009d5   GPIODirModeSet
00000a05   _args_main
00000a1d   HibernateGPIORetentionEnable
00000a31   HibernateRequest
00000a45   HibernateWakeSet
00000a59   _register_unlock
00000a5f   _register_lock
00000a67   _nop
00000a6d   GPIOPinTypeGPIOOutput
00000a7f   __TI_zero_init
00000a91   __TI_decompress_none
00000a9f   ResetISR
00000aab   GPIOPinWrite
00000ab5   SysCtlDelay
00000abb   __TI_decompress_rle24
00000b80   __TI_Handler_Table_Base
00000b8c   __TI_Handler_Table_Limit
00000b98   __TI_CINIT_Base
00000ba8   __TI_CINIT_Limit
20000000   __stack
20000100   __STACK_END
20000100   __STACK_TOP
20000100   _lock
20000104   _unlock
20000108   _cleanup_ptr
2000010c   _dtors_ptr
20000110   main_func_sp
ffffffff   __binit__
ffffffff   __c_args__
ffffffff   binit
UNDEFED    SHT$$INIT_ARRAY$$Base
UNDEFED    SHT$$INIT_ARRAY$$Limit

[53 symbols]
