******************************************************************************
                  TI ARM Linker PC v5.0.1                      
******************************************************************************
>> Linked Sun Jul 14 18:39:05 2013

OUTPUT FILE NAME:   <interrupt_lab4.out>
ENTRY POINT SYMBOL: "_c_int00"  address: 00000935


MEMORY CONFIGURATION

         name            origin    length      used     unused   attr    fill
----------------------  --------  ---------  --------  --------  ----  --------
  FLASH                 00000000   00040000  00000c4e  0003f3b2  R  X
  SRAM                  20000000   00008000  00000114  00007eec  RW X


SEGMENT ALLOCATION MAP

run origin  load origin   length   init length attrs members
----------  ----------- ---------- ----------- ----- -------
00000000    00000000    00000c50   00000c50    r-x
  00000000    00000000    0000026c   0000026c    r-- .intvecs
  0000026c    0000026c    000008a6   000008a6    r-x .text
  00000b14    00000b14    0000011c   0000011c    r-- .const
  00000c30    00000c30    00000020   00000020    r-- .cinit
20000000    20000000    00000100   00000000    rw-
  20000000    20000000    00000100   00000000    rw- .stack
20000100    20000100    00000014   00000014    rw-
  20000100    20000100    00000014   00000014    rw- .data


SECTION ALLOCATION MAP

 output                                  attributes/
section   page    origin      length       input sections
--------  ----  ----------  ----------   ----------------
.intvecs   0    00000000    0000026c     
                  00000000    0000026c     startup_ccs.obj (.intvecs)

.text      0    0000026c    000008a6     
                  0000026c    000001d8     driverlib-cm4f.lib : sysctl.obj (.text:SysCtlClockGet)
                  00000444    0000013c                        : sysctl.obj (.text:SysCtlClockSet)
                  00000580    000000c8                        : gpio.obj (.text:GPIOPadConfigSet)
                  00000648    000000a0     main.obj (.text)
                  000006e8    0000009c     rtsv7M4_T_le_v4SPD16_eabi.lib : memcpy_t2.obj (.text)
                  00000784    00000094                                   : auto_init.obj (.text)
                  00000818    00000064     driverlib-cm4f.lib : interrupt.obj (.text:IntEnable)
                  0000087c    0000005e     rtsv7M4_T_le_v4SPD16_eabi.lib : copy_decompress_rle.obj (.text)
                  000008da    00000002     --HOLE-- [fill = 0]
                  000008dc    00000058     driverlib-cm4f.lib : sysctl.obj (.text:SysCtlPeripheralEnable)
                  00000934    00000048     rtsv7M4_T_le_v4SPD16_eabi.lib : boot.obj (.text)
                  0000097c    00000044                                   : cpy_tbl.obj (.text)
                  000009c0    00000040                                   : exit.obj (.text)
                  00000a00    0000002e     driverlib-cm4f.lib : gpio.obj (.text:GPIODirModeSet)
                  00000a2e    00000002     --HOLE-- [fill = 0]
                  00000a30    00000028                        : timer.obj (.text:TimerConfigure)
                  00000a58    00000018     rtsv7M4_T_le_v4SPD16_eabi.lib : args_main.obj (.text)
                  00000a70    00000014                                   : _lock.obj (.text)
                  00000a84    00000012     driverlib-cm4f.lib : gpio.obj (.text:GPIOPinTypeGPIOOutput)
                  00000a96    00000012                        : timer.obj (.text:TimerLoadSet)
                  00000aa8    0000000e                        : timer.obj (.text:TimerEnable)
                  00000ab6    0000000e     rtsv7M4_T_le_v4SPD16_eabi.lib : copy_decompress_none.obj (.text:decompress:none)
                  00000ac4    0000000c     driverlib-cm4f.lib : cpu.obj (.text:CPUcpsie)
                  00000ad0    0000000c     startup_ccs.obj (.text)
                  00000adc    0000000a     driverlib-cm4f.lib : gpio.obj (.text:GPIOPinRead)
                  00000ae6    0000000a                        : gpio.obj (.text:GPIOPinWrite)
                  00000af0    0000000a                        : interrupt.obj (.text:IntMasterEnable)
                  00000afa    00000008                        : timer.obj (.text:TimerIntEnable)
                  00000b02    00000006                        : sysctl.obj (.text:SysCtlDelay)
                  00000b08    00000006     rtsv7M4_T_le_v4SPD16_eabi.lib : copy_decompress_rle.obj (.text:decompress:rle24)
                  00000b0e    00000004     driverlib-cm4f.lib : timer.obj (.text:TimerIntClear)

.const     0    00000b14    0000011c     
                  00000b14    00000070     driverlib-cm4f.lib : interrupt.obj (.const)
                  00000b84    0000006c                        : sysctl.obj (.const:g_pulXtals)
                  00000bf0    00000040                        : sysctl.obj (.const)

.cinit     0    00000c30    00000020     
                  00000c30    0000000f     (.cinit..data.load) [load image, compression = rle]
                  00000c3f    00000001     --HOLE-- [fill = 0]
                  00000c40    00000008     (__TI_handler_table)
                  00000c48    00000008     (__TI_cinit_table)

.stack     0    20000000    00000100     UNINITIALIZED
                  20000000    00000100     --HOLE--

.data      0    20000100    00000014     
                  20000100    00000008     rtsv7M4_T_le_v4SPD16_eabi.lib : _lock.obj (.data)
                  20000108    00000008                                   : exit.obj (.data)
                  20000110    00000004                                   : stkdepth_vars.obj (.data)


LINKER GENERATED COPY TABLES

__TI_cinit_table @ 00000c48 records: 1, size/record: 8, table size: 8
	.data: load addr=00000c30, load size=0000000f bytes, run addr=20000100, run size=00000014 bytes, compression=rle


LINKER GENERATED HANDLER TABLE

__TI_handler_table @ 00000c40 records: 2, size/record: 4, table size: 8
	index: 0, handler: __TI_decompress_rle24
	index: 1, handler: __TI_decompress_none


GLOBAL SYMBOLS: SORTED ALPHABETICALLY BY Name 

address    name
--------   ----
000009c1   C$$EXIT
00000ac5   CPUcpsie
00000a01   GPIODirModeSet
00000581   GPIOPadConfigSet
00000add   GPIOPinRead
00000a85   GPIOPinTypeGPIOOutput
00000ae7   GPIOPinWrite
00000819   IntEnable
00000af1   IntMasterEnable
00000ad1   ResetISR
UNDEFED    SHT$$INIT_ARRAY$$Base
UNDEFED    SHT$$INIT_ARRAY$$Limit
0000026d   SysCtlClockGet
00000445   SysCtlClockSet
00000b03   SysCtlDelay
000008dd   SysCtlPeripheralEnable
000006a9   Timer0IntHandler
00000a31   TimerConfigure
00000aa9   TimerEnable
00000b0f   TimerIntClear
00000afb   TimerIntEnable
00000a97   TimerLoadSet
20000100   __STACK_END
00000100   __STACK_SIZE
20000100   __STACK_TOP
00000c48   __TI_CINIT_Base
00000c50   __TI_CINIT_Limit
00000c40   __TI_Handler_Table_Base
00000c48   __TI_Handler_Table_Limit
00000001   __TI_args_main
00000785   __TI_auto_init
00000ab7   __TI_decompress_none
00000b09   __TI_decompress_rle24
00000000   __TI_static_base__
000006e9   __aeabi_memcpy
000006e9   __aeabi_memcpy4
000006e9   __aeabi_memcpy8
ffffffff   __binit__
ffffffff   __c_args__
20000000   __stack
00000a59   _args_main
00000935   _c_int00
20000108   _cleanup_ptr
2000010c   _dtors_ptr
20000100   _lock
00000a7f   _nop
00000a77   _register_lock
00000a71   _register_unlock
20000104   _unlock
000009c5   abort
ffffffff   binit
0000097d   copy_in
000009cd   exit
00000000   g_pfnVectors
00000649   main
20000110   main_func_sp
000006e9   memcpy


GLOBAL SYMBOLS: SORTED BY Symbol Address 

address    name
--------   ----
00000000   __TI_static_base__
00000000   g_pfnVectors
00000001   __TI_args_main
00000100   __STACK_SIZE
0000026d   SysCtlClockGet
00000445   SysCtlClockSet
00000581   GPIOPadConfigSet
00000649   main
000006a9   Timer0IntHandler
000006e9   __aeabi_memcpy
000006e9   __aeabi_memcpy4
000006e9   __aeabi_memcpy8
000006e9   memcpy
00000785   __TI_auto_init
00000819   IntEnable
000008dd   SysCtlPeripheralEnable
00000935   _c_int00
0000097d   copy_in
000009c1   C$$EXIT
000009c5   abort
000009cd   exit
00000a01   GPIODirModeSet
00000a31   TimerConfigure
00000a59   _args_main
00000a71   _register_unlock
00000a77   _register_lock
00000a7f   _nop
00000a85   GPIOPinTypeGPIOOutput
00000a97   TimerLoadSet
00000aa9   TimerEnable
00000ab7   __TI_decompress_none
00000ac5   CPUcpsie
00000ad1   ResetISR
00000add   GPIOPinRead
00000ae7   GPIOPinWrite
00000af1   IntMasterEnable
00000afb   TimerIntEnable
00000b03   SysCtlDelay
00000b09   __TI_decompress_rle24
00000b0f   TimerIntClear
00000c40   __TI_Handler_Table_Base
00000c48   __TI_CINIT_Base
00000c48   __TI_Handler_Table_Limit
00000c50   __TI_CINIT_Limit
20000000   __stack
20000100   __STACK_END
20000100   __STACK_TOP
20000100   _lock
20000104   _unlock
20000108   _cleanup_ptr
2000010c   _dtors_ptr
20000110   main_func_sp
ffffffff   __binit__
ffffffff   __c_args__
ffffffff   binit
UNDEFED    SHT$$INIT_ARRAY$$Base
UNDEFED    SHT$$INIT_ARRAY$$Limit

[57 symbols]
