******************************************************************************
                  TI ARM Linker PC v5.0.1                      
******************************************************************************
>> Linked Mon Mar 17 10:42:36 2014

OUTPUT FILE NAME:   <manejo_GPS.out>
ENTRY POINT SYMBOL: "_c_int00"  address: 00000a75


MEMORY CONFIGURATION

         name            origin    length      used     unused   attr    fill
----------------------  --------  ---------  --------  --------  ----  --------
  FLASH                 00000000   00040000  00000eb0  0003f150  R  X
  SRAM                  20000000   00008000  00000148  00007eb8  RW X


SEGMENT ALLOCATION MAP

run origin  load origin   length   init length attrs members
----------  ----------- ---------- ----------- ----- -------
00000000    00000000    00000eb0   00000eb0    r-x
  00000000    00000000    0000026c   0000026c    r-- .intvecs
  0000026c    0000026c    00000a50   00000a50    r-x .text
  00000cbc    00000cbc    00000194   00000194    r-- .const
  00000e50    00000e50    00000060   00000060    r-- .cinit
20000000    20000000    00000100   00000000    rw-
  20000000    20000000    00000100   00000000    rw- .stack
20000100    20000100    00000048   00000040    rw-
  20000100    20000100    00000040   00000040    rw- .data
  20000140    20000140    00000008   00000000    rw- .bss


SECTION ALLOCATION MAP

 output                                  attributes/
section   page    origin      length       input sections
--------  ----  ----------  ----------   ----------------
.intvecs   0    00000000    0000026c     
                  00000000    0000026c     startup_ccs.obj (.intvecs)

.text      0    0000026c    00000a50     
                  0000026c    000001d8     driverlib-cm4f.lib : sysctl.obj (.text:SysCtlClockGet)
                  00000444    00000198     main.obj (.text)
                  000005dc    0000013c     driverlib-cm4f.lib : sysctl.obj (.text:SysCtlClockSet)
                  00000718    000000c8                        : gpio.obj (.text:GPIOPadConfigSet)
                  000007e0    0000009c     rtsv7M4_T_le_v4SPD16_eabi.lib : memcpy_t2.obj (.text)
                  0000087c    00000094                                   : auto_init.obj (.text)
                  00000910    00000064     driverlib-cm4f.lib : interrupt.obj (.text:IntEnable)
                  00000974    0000005e     rtsv7M4_T_le_v4SPD16_eabi.lib : copy_decompress_rle.obj (.text)
                  000009d2    00000002     --HOLE-- [fill = 0]
                  000009d4    00000058     driverlib-cm4f.lib : sysctl.obj (.text:SysCtlPeripheralEnable)
                  00000a2c    00000048                        : gpio.obj (.text:GPIOPinConfigure)
                  00000a74    00000048     rtsv7M4_T_le_v4SPD16_eabi.lib : boot.obj (.text)
                  00000abc    00000044                                   : cpy_tbl.obj (.text)
                  00000b00    00000042     driverlib-cm4f.lib : uart.obj (.text:UARTConfigSetExpClk)
                  00000b42    00000002     --HOLE-- [fill = 0]
                  00000b44    00000040     rtsv7M4_T_le_v4SPD16_eabi.lib : exit.obj (.text)
                  00000b84    0000002e     driverlib-cm4f.lib : gpio.obj (.text:GPIODirModeSet)
                  00000bb2    00000002     --HOLE-- [fill = 0]
                  00000bb4    0000001c                        : uart.obj (.text:UARTDisable)
                  00000bd0    00000018     rtsv7M4_T_le_v4SPD16_eabi.lib : args_main.obj (.text)
                  00000be8    00000014     driverlib-cm4f.lib : uart.obj (.text:UARTEnable)
                  00000bfc    00000014     rtsv7M4_T_le_v4SPD16_eabi.lib : _lock.obj (.text)
                  00000c10    00000012     driverlib-cm4f.lib : gpio.obj (.text:GPIOPinTypeUART)
                  00000c22    00000012     rtsv7M4_T_le_v4SPD16_eabi.lib : copy_zero_init.obj (.text:decompress:ZI)
                  00000c34    00000010     driverlib-cm4f.lib : uart.obj (.text:UARTCharGetNonBlocking)
                  00000c44    0000000e     rtsv7M4_T_le_v4SPD16_eabi.lib : copy_decompress_none.obj (.text:decompress:none)
                  00000c52    0000000c     driverlib-cm4f.lib : cpu.obj (.text:CPUcpsie)
                  00000c5e    0000000c                        : uart.obj (.text:UARTCharsAvail)
                  00000c6a    0000000c     startup_ccs.obj (.text)
                  00000c76    0000000a     driverlib-cm4f.lib : interrupt.obj (.text:IntMasterEnable)
                  00000c80    0000000a                        : uart.obj (.text:UARTCharPut)
                  00000c8a    0000000a                        : uart.obj (.text:UARTFIFOEnable)
                  00000c94    0000000a                        : uart.obj (.text:UARTIntStatus)
                  00000c9e    00000008                        : uart.obj (.text:UARTIntEnable)
                  00000ca6    00000006                        : sysctl.obj (.text:SysCtlDelay)
                  00000cac    00000006                        : uart.obj (.text:UARTFIFOLevelSet)
                  00000cb2    00000006     rtsv7M4_T_le_v4SPD16_eabi.lib : copy_decompress_rle.obj (.text:decompress:rle24)
                  00000cb8    00000004     driverlib-cm4f.lib : uart.obj (.text:UARTIntClear)

.const     0    00000cbc    00000194     
                  00000cbc    00000078     driverlib-cm4f.lib : gpio.obj (.const:g_pulGPIOBaseAddrs)
                  00000d34    00000070                        : interrupt.obj (.const)
                  00000da4    0000006c                        : sysctl.obj (.const:g_pulXtals)
                  00000e10    00000040                        : sysctl.obj (.const)

.cinit     0    00000e50    00000060     
                  00000e50    0000003b     (.cinit..data.load) [load image, compression = rle]
                  00000e8b    00000001     --HOLE-- [fill = 0]
                  00000e8c    0000000c     (__TI_handler_table)
                  00000e98    00000008     (.cinit..bss.load) [load image, compression = zero_init]
                  00000ea0    00000010     (__TI_cinit_table)

.stack     0    20000000    00000100     UNINITIALIZED
                  20000000    00000100     --HOLE--

.data      0    20000100    00000040     
                  20000100    0000002b     main.obj (.data)
                  2000012b    00000001     --HOLE--
                  2000012c    00000008     rtsv7M4_T_le_v4SPD16_eabi.lib : _lock.obj (.data)
                  20000134    00000008                                   : exit.obj (.data)
                  2000013c    00000004                                   : stkdepth_vars.obj (.data)

.bss       0    20000140    00000008     UNINITIALIZED
                  20000140    00000008     main.obj (.bss)


LINKER GENERATED COPY TABLES

__TI_cinit_table @ 00000ea0 records: 2, size/record: 8, table size: 16
	.data: load addr=00000e50, load size=0000003b bytes, run addr=20000100, run size=00000040 bytes, compression=rle
	.bss: load addr=00000e98, load size=00000008 bytes, run addr=20000140, run size=00000008 bytes, compression=zero_init


LINKER GENERATED HANDLER TABLE

__TI_handler_table @ 00000e8c records: 3, size/record: 4, table size: 12
	index: 0, handler: __TI_decompress_rle24
	index: 1, handler: __TI_decompress_none
	index: 2, handler: __TI_zero_init


GLOBAL SYMBOLS: SORTED ALPHABETICALLY BY Name 

address    name
--------   ----
00000b45   C$$EXIT
00000c53   CPUcpsie
00000b85   GPIODirModeSet
00000719   GPIOPadConfigSet
00000a2d   GPIOPinConfigure
00000c11   GPIOPinTypeUART
0000059b   GPIOinterrupcion
00000911   IntEnable
00000c77   IntMasterEnable
00000c6b   ResetISR
UNDEFED    SHT$$INIT_ARRAY$$Base
UNDEFED    SHT$$INIT_ARRAY$$Limit
0000026d   SysCtlClockGet
000005dd   SysCtlClockSet
00000ca7   SysCtlDelay
000009d5   SysCtlPeripheralEnable
00000c35   UARTCharGetNonBlocking
00000c81   UARTCharPut
00000c5f   UARTCharsAvail
00000b01   UARTConfigSetExpClk
00000bb5   UARTDisable
00000be9   UARTEnable
00000c8b   UARTFIFOEnable
00000cad   UARTFIFOLevelSet
00000cb9   UARTIntClear
00000c9f   UARTIntEnable
00000c95   UARTIntStatus
00000541   UARTinterrupcion
20000100   __STACK_END
00000100   __STACK_SIZE
20000100   __STACK_TOP
00000ea0   __TI_CINIT_Base
00000eb0   __TI_CINIT_Limit
00000e8c   __TI_Handler_Table_Base
00000e98   __TI_Handler_Table_Limit
00000001   __TI_args_main
0000087d   __TI_auto_init
00000c45   __TI_decompress_none
00000cb3   __TI_decompress_rle24
00000000   __TI_static_base__
00000c23   __TI_zero_init
000007e1   __aeabi_memcpy
000007e1   __aeabi_memcpy4
000007e1   __aeabi_memcpy8
ffffffff   __binit__
ffffffff   __c_args__
20000000   __stack
00000bd1   _args_main
00000a75   _c_int00
20000134   _cleanup_ptr
20000138   _dtors_ptr
2000012c   _lock
00000c0b   _nop
00000c03   _register_lock
00000bfd   _register_unlock
20000130   _unlock
00000b49   abort
ffffffff   binit
20000100   buferA
2000010f   buferB
2000011e   buferC
00000abd   copy_in
00000b51   exit
00000000   g_pfnVectors
20000144   m
00000445   main
2000013c   main_func_sp
000007e1   memcpy
20000140   n


GLOBAL SYMBOLS: SORTED BY Symbol Address 

address    name
--------   ----
00000000   __TI_static_base__
00000000   g_pfnVectors
00000001   __TI_args_main
00000100   __STACK_SIZE
0000026d   SysCtlClockGet
00000445   main
00000541   UARTinterrupcion
0000059b   GPIOinterrupcion
000005dd   SysCtlClockSet
00000719   GPIOPadConfigSet
000007e1   __aeabi_memcpy
000007e1   __aeabi_memcpy4
000007e1   __aeabi_memcpy8
000007e1   memcpy
0000087d   __TI_auto_init
00000911   IntEnable
000009d5   SysCtlPeripheralEnable
00000a2d   GPIOPinConfigure
00000a75   _c_int00
00000abd   copy_in
00000b01   UARTConfigSetExpClk
00000b45   C$$EXIT
00000b49   abort
00000b51   exit
00000b85   GPIODirModeSet
00000bb5   UARTDisable
00000bd1   _args_main
00000be9   UARTEnable
00000bfd   _register_unlock
00000c03   _register_lock
00000c0b   _nop
00000c11   GPIOPinTypeUART
00000c23   __TI_zero_init
00000c35   UARTCharGetNonBlocking
00000c45   __TI_decompress_none
00000c53   CPUcpsie
00000c5f   UARTCharsAvail
00000c6b   ResetISR
00000c77   IntMasterEnable
00000c81   UARTCharPut
00000c8b   UARTFIFOEnable
00000c95   UARTIntStatus
00000c9f   UARTIntEnable
00000ca7   SysCtlDelay
00000cad   UARTFIFOLevelSet
00000cb3   __TI_decompress_rle24
00000cb9   UARTIntClear
00000e8c   __TI_Handler_Table_Base
00000e98   __TI_Handler_Table_Limit
00000ea0   __TI_CINIT_Base
00000eb0   __TI_CINIT_Limit
20000000   __stack
20000100   __STACK_END
20000100   __STACK_TOP
20000100   buferA
2000010f   buferB
2000011e   buferC
2000012c   _lock
20000130   _unlock
20000134   _cleanup_ptr
20000138   _dtors_ptr
2000013c   main_func_sp
20000140   n
20000144   m
ffffffff   __binit__
ffffffff   __c_args__
ffffffff   binit
UNDEFED    SHT$$INIT_ARRAY$$Base
UNDEFED    SHT$$INIT_ARRAY$$Limit

[69 symbols]
