******************************************************************************
                  TI ARM Linker PC v5.0.1                      
******************************************************************************
>> Linked Mon Jul 08 20:15:48 2013

OUTPUT FILE NAME:   <Sensor_espacial.out>
ENTRY POINT SYMBOL: "_c_int00"  address: 000006d1


MEMORY CONFIGURATION

         name            origin    length      used     unused   attr    fill
----------------------  --------  ---------  --------  --------  ----  --------
  FLASH                 00000000   00040000  00000a3c  0003f5c4  R  X
  SRAM                  20000000   00008000  00000114  00007eec  RW X


SEGMENT ALLOCATION MAP

run origin  load origin   length   init length attrs members
----------  ----------- ---------- ----------- ----- -------
00000000    00000000    00000a40   00000a40    r-x
  00000000    00000000    000008f8   000008f8    r-x .text
  000008f8    000008f8    00000124   00000124    r-- .const
  00000a20    00000a20    00000020   00000020    r-- .cinit
20000000    20000000    00000100   00000000    rw-
  20000000    20000000    00000100   00000000    rw- .stack
20000100    20000100    00000014   00000014    rw-
  20000100    20000100    00000014   00000014    rw- .data


SECTION ALLOCATION MAP

 output                                  attributes/
section   page    origin      length       input sections
--------  ----  ----------  ----------   ----------------
.text      0    00000000    000008f8     
                  00000000    000001d8     driverlib-cm4f.lib : sysctl.obj (.text:SysCtlClockGet)
                  000001d8    0000013c                        : sysctl.obj (.text:SysCtlClockSet)
                  00000314    000000c8                        : gpio.obj (.text:GPIOPadConfigSet)
                  000003dc    000000c4     main.obj (.text)
                  000004a0    0000009c     rtsv7M4_T_le_v4SPD16_eabi.lib : memcpy_t2.obj (.text)
                  0000053c    00000094                                   : auto_init.obj (.text)
                  000005d0    0000005e                                   : copy_decompress_rle.obj (.text)
                  0000062e    00000002     --HOLE-- [fill = 0]
                  00000630    00000058     driverlib-cm4f.lib : sysctl.obj (.text:SysCtlPeripheralEnable)
                  00000688    00000048                        : gpio.obj (.text:GPIOPinConfigure)
                  000006d0    00000048     rtsv7M4_T_le_v4SPD16_eabi.lib : boot.obj (.text)
                  00000718    00000044     driverlib-cm4f.lib : ssi.obj (.text:SSIConfigSetExpClk)
                  0000075c    00000044     rtsv7M4_T_le_v4SPD16_eabi.lib : cpy_tbl.obj (.text)
                  000007a0    00000042     driverlib-cm4f.lib : uart.obj (.text:UARTConfigSetExpClk)
                  000007e2    00000002     --HOLE-- [fill = 0]
                  000007e4    00000040     rtsv7M4_T_le_v4SPD16_eabi.lib : exit.obj (.text)
                  00000824    0000002e     driverlib-cm4f.lib : gpio.obj (.text:GPIODirModeSet)
                  00000852    00000002     --HOLE-- [fill = 0]
                  00000854    0000001c                        : uart.obj (.text:UARTDisable)
                  00000870    00000018     rtsv7M4_T_le_v4SPD16_eabi.lib : args_main.obj (.text)
                  00000888    00000014     driverlib-cm4f.lib : uart.obj (.text:UARTEnable)
                  0000089c    00000014     rtsv7M4_T_le_v4SPD16_eabi.lib : _lock.obj (.text)
                  000008b0    00000012     driverlib-cm4f.lib : gpio.obj (.text:GPIOPinTypeSSI)
                  000008c2    00000012                        : gpio.obj (.text:GPIOPinTypeUART)
                  000008d4    0000000e     rtsv7M4_T_le_v4SPD16_eabi.lib : copy_decompress_none.obj (.text:decompress:none)
                  000008e2    0000000a     driverlib-cm4f.lib : ssi.obj (.text:SSIEnable)
                  000008ec    00000006                        : sysctl.obj (.text:SysCtlDelay)
                  000008f2    00000006     rtsv7M4_T_le_v4SPD16_eabi.lib : copy_decompress_rle.obj (.text:decompress:rle24)

.const     0    000008f8    00000124     
                  000008f8    00000078     driverlib-cm4f.lib : gpio.obj (.const:g_pulGPIOBaseAddrs)
                  00000970    0000006c                        : sysctl.obj (.const:g_pulXtals)
                  000009dc    00000040                        : sysctl.obj (.const)

.cinit     0    00000a20    00000020     
                  00000a20    0000000f     (.cinit..data.load) [load image, compression = rle]
                  00000a2f    00000001     --HOLE-- [fill = 0]
                  00000a30    00000008     (__TI_handler_table)
                  00000a38    00000008     (__TI_cinit_table)

.stack     0    20000000    00000100     UNINITIALIZED
                  20000000    00000100     --HOLE--

.data      0    20000100    00000014     
                  20000100    00000008     rtsv7M4_T_le_v4SPD16_eabi.lib : _lock.obj (.data)
                  20000108    00000008                                   : exit.obj (.data)
                  20000110    00000004                                   : stkdepth_vars.obj (.data)


LINKER GENERATED COPY TABLES

__TI_cinit_table @ 00000a38 records: 1, size/record: 8, table size: 8
	.data: load addr=00000a20, load size=0000000f bytes, run addr=20000100, run size=00000014 bytes, compression=rle


LINKER GENERATED HANDLER TABLE

__TI_handler_table @ 00000a30 records: 2, size/record: 4, table size: 8
	index: 0, handler: __TI_decompress_rle24
	index: 1, handler: __TI_decompress_none


GLOBAL SYMBOLS: SORTED ALPHABETICALLY BY Name 

address    name
--------   ----
000007e5   C$$EXIT
00000825   GPIODirModeSet
00000315   GPIOPadConfigSet
00000689   GPIOPinConfigure
000008b1   GPIOPinTypeSSI
000008c3   GPIOPinTypeUART
UNDEFED    SHT$$INIT_ARRAY$$Base
UNDEFED    SHT$$INIT_ARRAY$$Limit
00000719   SSIConfigSetExpClk
000008e3   SSIEnable
00000001   SysCtlClockGet
000001d9   SysCtlClockSet
000008ed   SysCtlDelay
00000631   SysCtlPeripheralEnable
000007a1   UARTConfigSetExpClk
00000855   UARTDisable
00000889   UARTEnable
20000100   __STACK_END
00000100   __STACK_SIZE
20000100   __STACK_TOP
00000a38   __TI_CINIT_Base
00000a40   __TI_CINIT_Limit
00000a30   __TI_Handler_Table_Base
00000a38   __TI_Handler_Table_Limit
00000001   __TI_args_main
0000053d   __TI_auto_init
000008d5   __TI_decompress_none
000008f3   __TI_decompress_rle24
00000000   __TI_static_base__
000004a1   __aeabi_memcpy
000004a1   __aeabi_memcpy4
000004a1   __aeabi_memcpy8
ffffffff   __binit__
ffffffff   __c_args__
20000000   __stack
00000871   _args_main
000006d1   _c_int00
20000108   _cleanup_ptr
2000010c   _dtors_ptr
20000100   _lock
000008ab   _nop
000008a3   _register_lock
0000089d   _register_unlock
20000104   _unlock
000007e9   abort
ffffffff   binit
0000075d   copy_in
000007f1   exit
000003dd   main
20000110   main_func_sp
000004a1   memcpy


GLOBAL SYMBOLS: SORTED BY Symbol Address 

address    name
--------   ----
00000000   __TI_static_base__
00000001   SysCtlClockGet
00000001   __TI_args_main
00000100   __STACK_SIZE
000001d9   SysCtlClockSet
00000315   GPIOPadConfigSet
000003dd   main
000004a1   __aeabi_memcpy
000004a1   __aeabi_memcpy4
000004a1   __aeabi_memcpy8
000004a1   memcpy
0000053d   __TI_auto_init
00000631   SysCtlPeripheralEnable
00000689   GPIOPinConfigure
000006d1   _c_int00
00000719   SSIConfigSetExpClk
0000075d   copy_in
000007a1   UARTConfigSetExpClk
000007e5   C$$EXIT
000007e9   abort
000007f1   exit
00000825   GPIODirModeSet
00000855   UARTDisable
00000871   _args_main
00000889   UARTEnable
0000089d   _register_unlock
000008a3   _register_lock
000008ab   _nop
000008b1   GPIOPinTypeSSI
000008c3   GPIOPinTypeUART
000008d5   __TI_decompress_none
000008e3   SSIEnable
000008ed   SysCtlDelay
000008f3   __TI_decompress_rle24
00000a30   __TI_Handler_Table_Base
00000a38   __TI_CINIT_Base
00000a38   __TI_Handler_Table_Limit
00000a40   __TI_CINIT_Limit
20000000   __stack
20000100   __STACK_END
20000100   __STACK_TOP
20000100   _lock
20000104   _unlock
20000108   _cleanup_ptr
2000010c   _dtors_ptr
20000110   main_func_sp
ffffffff   __binit__
ffffffff   __c_args__
ffffffff   binit
UNDEFED    SHT$$INIT_ARRAY$$Base
UNDEFED    SHT$$INIT_ARRAY$$Limit

[51 symbols]
