******************************************************************************
                  TI ARM Linker PC v5.0.1                      
******************************************************************************
>> Linked Tue Sep 03 16:03:51 2013

OUTPUT FILE NAME:   <guarda_GPSyYEI.out>
ENTRY POINT SYMBOL: "_c_int00"  address: 00003f25


MEMORY CONFIGURATION

         name            origin    length      used     unused   attr    fill
----------------------  --------  ---------  --------  --------  ----  --------
  FLASH                 00000000   00040000  00004486  0003bb7a  R  X
  SRAM                  20000000   00008000  000005ca  00007a36  RW X


SEGMENT ALLOCATION MAP

run origin  load origin   length   init length attrs members
----------  ----------- ---------- ----------- ----- -------
00000000    00000000    00004488   00004488    r-x
  00000000    00000000    0000026c   0000026c    r-- .intvecs
  0000026c    0000026c    00004036   00004036    r-x .text
  000042a4    000042a4    000001a4   000001a4    r-- .const
  00004448    00004448    00000040   00000040    r-- .cinit
20000000    20000000    000005b0   00000000    rw-
  20000000    20000000    000004b0   00000000    rw- .bss
  200004b0    200004b0    00000100   00000000    rw- .stack
200005b0    200005b0    0000001a   0000001a    rw-
  200005b0    200005b0    0000001a   0000001a    rw- .data


SECTION ALLOCATION MAP

 output                                  attributes/
section   page    origin      length       input sections
--------  ----  ----------  ----------   ----------------
.intvecs   0    00000000    0000026c     
                  00000000    0000026c     startup_ccs.obj (.intvecs)

.text      0    0000026c    00004036     
                  0000026c    00002964     ff.obj (.text)
                  00002bd0    000009d4     diskio.obj (.text)
                  000035a4    00000220     main.obj (.text)
                  000037c4    000001d8     driverlib-cm4f.lib : sysctl.obj (.text:SysCtlClockGet)
                  0000399c    0000013c                        : sysctl.obj (.text:SysCtlClockSet)
                  00003ad8    00000108     buttons.obj (.text)
                  00003be0    000000c8     driverlib-cm4f.lib : gpio.obj (.text:GPIOPadConfigSet)
                  00003ca8    0000009c     rtsv7M4_T_le_v4SPD16_eabi.lib : memcpy_t2.obj (.text)
                  00003d44    00000094                                   : auto_init.obj (.text)
                  00003dd8    0000005e                                   : copy_decompress_rle.obj (.text)
                  00003e36    00000002     --HOLE-- [fill = 0]
                  00003e38    00000058     driverlib-cm4f.lib : sysctl.obj (.text:SysCtlPeripheralEnable)
                  00003e90    0000004c                        : hibernate.obj (.text:HibernateEnableExpClk)
                  00003edc    00000048                        : gpio.obj (.text:GPIOPinConfigure)
                  00003f24    00000048     rtsv7M4_T_le_v4SPD16_eabi.lib : boot.obj (.text)
                  00003f6c    00000044     driverlib-cm4f.lib : ssi.obj (.text:SSIConfigSetExpClk)
                  00003fb0    00000044     rtsv7M4_T_le_v4SPD16_eabi.lib : cpy_tbl.obj (.text)
                  00003ff4    00000042     driverlib-cm4f.lib : uart.obj (.text:UARTConfigSetExpClk)
                  00004036    00000002     --HOLE-- [fill = 0]
                  00004038    00000040     rtsv7M4_T_le_v4SPD16_eabi.lib : exit.obj (.text)
                  00004078    00000038     driverlib-cm4f.lib : hibernate.obj (.text:HibernateWriteComplete)
                  000040b0    0000002e                        : gpio.obj (.text:GPIODirModeSet)
                  000040de    00000002     --HOLE-- [fill = 0]
                  000040e0    0000001c                        : uart.obj (.text:UARTDisable)
                  000040fc    00000018     rtsv7M4_T_le_v4SPD16_eabi.lib : args_main.obj (.text)
                  00004114    00000014     driverlib-cm4f.lib : fpu.obj (.text:FPUStackingEnable)
                  00004128    00000014                        : sysctl.obj (.text:SysCtlResetCauseClear)
                  0000413c    00000014                        : systick.obj (.text:SysTickEnable)
                  00004150    00000014                        : systick.obj (.text:SysTickIntEnable)
                  00004164    00000014                        : uart.obj (.text:UARTEnable)
                  00004178    00000014     rtsv7M4_T_le_v4SPD16_eabi.lib : _lock.obj (.text)
                  0000418c    00000012     driverlib-cm4f.lib : gpio.obj (.text:GPIOPinTypeGPIOOutput)
                  0000419e    00000012                        : gpio.obj (.text:GPIOPinTypeSSI)
                  000041b0    00000012                        : gpio.obj (.text:GPIOPinTypeUART)
                  000041c2    00000012     rtsv7M4_T_le_v4SPD16_eabi.lib : copy_zero_init.obj (.text:decompress:ZI)
                  000041d4    00000010     driverlib-cm4f.lib : fpu.obj (.text:FPUEnable)
                  000041e4    00000010                        : systick.obj (.text:SysTickPeriodSet)
                  000041f4    00000010                        : uart.obj (.text:UARTCharGetNonBlocking)
                  00004204    0000000e     rtsv7M4_T_le_v4SPD16_eabi.lib : copy_decompress_none.obj (.text:decompress:none)
                  00004212    0000000c     driverlib-cm4f.lib : cpu.obj (.text:CPUcpsie)
                  0000421e    0000000c                        : ssi.obj (.text:SSIDataGet)
                  0000422a    00000002     --HOLE-- [fill = 0]
                  0000422c    0000000c                        : sysctl.obj (.text:SysCtlResetCauseGet)
                  00004238    0000000c                        : uart.obj (.text:UARTCharsAvail)
                  00004244    0000000c     startup_ccs.obj (.text)
                  00004250    0000000a     driverlib-cm4f.lib : gpio.obj (.text:GPIOPinRead)
                  0000425a    0000000a                        : gpio.obj (.text:GPIOPinWrite)
                  00004264    0000000a                        : interrupt.obj (.text:IntMasterEnable)
                  0000426e    0000000a                        : ssi.obj (.text:SSIDataPut)
                  00004278    0000000a                        : ssi.obj (.text:SSIDisable)
                  00004282    0000000a                        : ssi.obj (.text:SSIEnable)
                  0000428c    0000000a                        : uart.obj (.text:UARTCharPut)
                  00004296    00000006                        : sysctl.obj (.text:SysCtlDelay)
                  0000429c    00000006     rtsv7M4_T_le_v4SPD16_eabi.lib : copy_decompress_rle.obj (.text:decompress:rle24)

.const     0    000042a4    000001a4     
                  000042a4    00000080     ff.obj (.const:.string:excvt$1)
                  00004324    00000078     driverlib-cm4f.lib : gpio.obj (.const:g_pulGPIOBaseAddrs)
                  0000439c    0000006c                        : sysctl.obj (.const:g_pulXtals)
                  00004408    00000040                        : sysctl.obj (.const)

.cinit     0    00004448    00000040     
                  00004448    00000015     (.cinit..data.load) [load image, compression = rle]
                  0000445d    00000003     --HOLE-- [fill = 0]
                  00004460    0000000c     (__TI_handler_table)
                  0000446c    00000004     --HOLE-- [fill = 0]
                  00004470    00000008     (.cinit..bss.load) [load image, compression = zero_init]
                  00004478    00000010     (__TI_cinit_table)

.bss       0    20000000    000004b0     UNINITIALIZED
                  20000000    00000230     main.obj (.bss:Fatfs)
                  20000230    00000224     main.obj (.bss:Fil)
                  20000454    00000024     main.obj (.bss:g_sAppState)
                  20000478    00000020     main.obj (.bss)
                  20000498    00000009     diskio.obj (.bss)
                  200004a1    00000003     --HOLE--
                  200004a4    00000006     ff.obj (.bss)
                  200004aa    00000002     --HOLE--
                  200004ac    00000004     driverlib-cm4f.lib : hibernate.obj (.bss)

.stack     0    200004b0    00000100     UNINITIALIZED
                  200004b0    00000100     --HOLE--

.data      0    200005b0    0000001a     
                  200005b0    00000008     rtsv7M4_T_le_v4SPD16_eabi.lib : _lock.obj (.data)
                  200005b8    00000008                                   : exit.obj (.data)
                  200005c0    00000004                                   : stkdepth_vars.obj (.data)
                  200005c4    00000003     buttons.obj (.data)
                  200005c7    00000001     --HOLE--
                  200005c8    00000002     diskio.obj (.data)


LINKER GENERATED COPY TABLES

__TI_cinit_table @ 00004478 records: 2, size/record: 8, table size: 16
	.data: load addr=00004448, load size=00000015 bytes, run addr=200005b0, run size=0000001a bytes, compression=rle
	.bss: load addr=00004470, load size=00000008 bytes, run addr=20000000, run size=000004b0 bytes, compression=zero_init


LINKER GENERATED HANDLER TABLE

__TI_handler_table @ 00004460 records: 3, size/record: 4, table size: 12
	index: 0, handler: __TI_decompress_rle24
	index: 1, handler: __TI_decompress_none
	index: 2, handler: __TI_zero_init


GLOBAL SYMBOLS: SORTED ALPHABETICALLY BY Name 

address    name
--------   ----
00003721   AppButtonHandler
20000480   BuffGPS
20000484   BuffYEI
00003b7d   ButtonsInit
00003ad9   ButtonsPoll
00004039   C$$EXIT
00004213   CPUcpsie
000041d5   FPUEnable
00004115   FPUStackingEnable
20000000   Fatfs
20000230   Fil
000040b1   GPIODirModeSet
00003be1   GPIOPadConfigSet
00003edd   GPIOPinConfigure
00004251   GPIOPinRead
0000418d   GPIOPinTypeGPIOOutput
0000419f   GPIOPinTypeSSI
000041b1   GPIOPinTypeUART
0000425b   GPIOPinWrite
00003e91   HibernateEnableExpClk
00004079   HibernateWriteComplete
00004265   IntMasterEnable
00004245   ResetISR
00002bd1   SELECT
UNDEFED    SHT$$INIT_ARRAY$$Base
UNDEFED    SHT$$INIT_ARRAY$$Limit
00003f6d   SSIConfigSetExpClk
0000421f   SSIDataGet
0000426f   SSIDataPut
00004279   SSIDisable
00004283   SSIEnable
000037c5   SysCtlClockGet
0000399d   SysCtlClockSet
00004297   SysCtlDelay
00003e39   SysCtlPeripheralEnable
00004129   SysCtlResetCauseClear
0000422d   SysCtlResetCauseGet
0000413d   SysTickEnable
00004151   SysTickIntEnable
0000374b   SysTickIntHandler
000041e5   SysTickPeriodSet
000041f5   UARTCharGetNonBlocking
0000428d   UARTCharPut
00004239   UARTCharsAvail
00003ff5   UARTConfigSetExpClk
000040e1   UARTDisable
00004165   UARTEnable
200005b0   __STACK_END
00000100   __STACK_SIZE
200005b0   __STACK_TOP
00004478   __TI_CINIT_Base
00004488   __TI_CINIT_Limit
00004460   __TI_Handler_Table_Base
0000446c   __TI_Handler_Table_Limit
00000001   __TI_args_main
00003d45   __TI_auto_init
00004205   __TI_decompress_none
0000429d   __TI_decompress_rle24
00000000   __TI_static_base__
000041c3   __TI_zero_init
00003ca9   __aeabi_memcpy
00003ca9   __aeabi_memcpy4
00003ca9   __aeabi_memcpy8
ffffffff   __binit__
ffffffff   __c_args__
200004b0   __stack
000040fd   _args_main
00003f25   _c_int00
200005b8   _cleanup_ptr
200005bc   _dtors_ptr
200005b0   _lock
00004187   _nop
0000417f   _register_lock
00004179   _register_unlock
200005b4   _unlock
0000403d   abort
ffffffff   binit
20000478   bwGPS
2000047c   bwYEI
00000503   clust2sect
2000048c   cont_gen
20000490   cont_genYEI
00003fb1   copy_in
00002f91   disk_initialize
00003349   disk_ioctl
000031a5   disk_read
00003183   disk_status
00003551   disk_timerproc
00003261   disk_write
00004045   exit
00002963   f_chmod
00002023   f_close
0000241b   f_getfree
00002043   f_lseek
00002779   f_mkdir
000017bd   f_mount
00001811   f_open
00002291   f_opendir
00001a29   f_read
00002341   f_readdir
00002a79   f_rename
000023cb   f_stat
00001f23   f_sync
0000257d   f_truncate
00002679   f_unlink
000029f3   f_utime
00001c7f   f_write
00000000   g_pfnVectors
20000454   g_sAppState
00000533   get_fat
00003595   get_fattime
20000494   i
000035a5   main
200005c0   main_func_sp
00003ca9   memcpy
00000657   put_fat
20000488   rc


GLOBAL SYMBOLS: SORTED BY Symbol Address 

address    name
--------   ----
00000000   __TI_static_base__
00000000   g_pfnVectors
00000001   __TI_args_main
00000100   __STACK_SIZE
00000503   clust2sect
00000533   get_fat
00000657   put_fat
000017bd   f_mount
00001811   f_open
00001a29   f_read
00001c7f   f_write
00001f23   f_sync
00002023   f_close
00002043   f_lseek
00002291   f_opendir
00002341   f_readdir
000023cb   f_stat
0000241b   f_getfree
0000257d   f_truncate
00002679   f_unlink
00002779   f_mkdir
00002963   f_chmod
000029f3   f_utime
00002a79   f_rename
00002bd1   SELECT
00002f91   disk_initialize
00003183   disk_status
000031a5   disk_read
00003261   disk_write
00003349   disk_ioctl
00003551   disk_timerproc
00003595   get_fattime
000035a5   main
00003721   AppButtonHandler
0000374b   SysTickIntHandler
000037c5   SysCtlClockGet
0000399d   SysCtlClockSet
00003ad9   ButtonsPoll
00003b7d   ButtonsInit
00003be1   GPIOPadConfigSet
00003ca9   __aeabi_memcpy
00003ca9   __aeabi_memcpy4
00003ca9   __aeabi_memcpy8
00003ca9   memcpy
00003d45   __TI_auto_init
00003e39   SysCtlPeripheralEnable
00003e91   HibernateEnableExpClk
00003edd   GPIOPinConfigure
00003f25   _c_int00
00003f6d   SSIConfigSetExpClk
00003fb1   copy_in
00003ff5   UARTConfigSetExpClk
00004039   C$$EXIT
0000403d   abort
00004045   exit
00004079   HibernateWriteComplete
000040b1   GPIODirModeSet
000040e1   UARTDisable
000040fd   _args_main
00004115   FPUStackingEnable
00004129   SysCtlResetCauseClear
0000413d   SysTickEnable
00004151   SysTickIntEnable
00004165   UARTEnable
00004179   _register_unlock
0000417f   _register_lock
00004187   _nop
0000418d   GPIOPinTypeGPIOOutput
0000419f   GPIOPinTypeSSI
000041b1   GPIOPinTypeUART
000041c3   __TI_zero_init
000041d5   FPUEnable
000041e5   SysTickPeriodSet
000041f5   UARTCharGetNonBlocking
00004205   __TI_decompress_none
00004213   CPUcpsie
0000421f   SSIDataGet
0000422d   SysCtlResetCauseGet
00004239   UARTCharsAvail
00004245   ResetISR
00004251   GPIOPinRead
0000425b   GPIOPinWrite
00004265   IntMasterEnable
0000426f   SSIDataPut
00004279   SSIDisable
00004283   SSIEnable
0000428d   UARTCharPut
00004297   SysCtlDelay
0000429d   __TI_decompress_rle24
00004460   __TI_Handler_Table_Base
0000446c   __TI_Handler_Table_Limit
00004478   __TI_CINIT_Base
00004488   __TI_CINIT_Limit
20000000   Fatfs
20000230   Fil
20000454   g_sAppState
20000478   bwGPS
2000047c   bwYEI
20000480   BuffGPS
20000484   BuffYEI
20000488   rc
2000048c   cont_gen
20000490   cont_genYEI
20000494   i
200004b0   __stack
200005b0   __STACK_END
200005b0   __STACK_TOP
200005b0   _lock
200005b4   _unlock
200005b8   _cleanup_ptr
200005bc   _dtors_ptr
200005c0   main_func_sp
ffffffff   __binit__
ffffffff   __c_args__
ffffffff   binit
UNDEFED    SHT$$INIT_ARRAY$$Base
UNDEFED    SHT$$INIT_ARRAY$$Limit

[117 symbols]
