******************************************************************************
                  TI ARM Linker PC v5.0.1                      
******************************************************************************
>> Linked Tue Apr 01 14:28:53 2014

OUTPUT FILE NAME:   <SPI_master.out>
ENTRY POINT SYMBOL: "_c_int00"  address: 000007b1


MEMORY CONFIGURATION

         name            origin    length      used     unused   attr    fill
----------------------  --------  ---------  --------  --------  ----  --------
  FLASH                 00000000   00040000  00000ad8  0003f528  R  X
  SRAM                  20000000   00008000  00000114  00007eec  RW X


SEGMENT ALLOCATION MAP

run origin  load origin   length   init length attrs members
----------  ----------- ---------- ----------- ----- -------
00000000    00000000    00000ad8   00000ad8    r-x
  00000000    00000000    00000994   00000994    r-x .text
  00000994    00000994    00000124   00000124    r-- .const
  00000ab8    00000ab8    00000020   00000020    r-- .cinit
20000000    20000000    00000100   00000000    rw-
  20000000    20000000    00000100   00000000    rw- .stack
20000100    20000100    00000014   00000014    rw-
  20000100    20000100    00000014   00000014    rw- .data


SECTION ALLOCATION MAP

 output                                  attributes/
section   page    origin      length       input sections
--------  ----  ----------  ----------   ----------------
.text      0    00000000    00000994     
                  00000000    000001d8     driverlib-cm4f.lib : sysctl.obj (.text:SysCtlClockGet)
                  000001d8    000001a4     main.obj (.text)
                  0000037c    0000013c     driverlib-cm4f.lib : sysctl.obj (.text:SysCtlClockSet)
                  000004b8    000000c8                        : gpio.obj (.text:GPIOPadConfigSet)
                  00000580    0000009c     rtsv7M4_T_le_v4SPD16_eabi.lib : memcpy_t2.obj (.text)
                  0000061c    00000094                                   : auto_init.obj (.text)
                  000006b0    0000005e                                   : copy_decompress_rle.obj (.text)
                  0000070e    00000002     --HOLE-- [fill = 0]
                  00000710    00000058     driverlib-cm4f.lib : sysctl.obj (.text:SysCtlPeripheralEnable)
                  00000768    00000048                        : gpio.obj (.text:GPIOPinConfigure)
                  000007b0    00000048     rtsv7M4_T_le_v4SPD16_eabi.lib : boot.obj (.text)
                  000007f8    00000044     driverlib-cm4f.lib : ssi.obj (.text:SSIConfigSetExpClk)
                  0000083c    00000044     rtsv7M4_T_le_v4SPD16_eabi.lib : cpy_tbl.obj (.text)
                  00000880    00000040                                   : exit.obj (.text)
                  000008c0    0000002e     driverlib-cm4f.lib : gpio.obj (.text:GPIODirModeSet)
                  000008ee    00000002     --HOLE-- [fill = 0]
                  000008f0    00000018     rtsv7M4_T_le_v4SPD16_eabi.lib : args_main.obj (.text)
                  00000908    00000014                                   : _lock.obj (.text)
                  0000091c    00000012     driverlib-cm4f.lib : gpio.obj (.text:GPIOPinTypeSSI)
                  0000092e    00000012                        : gpio.obj (.text:GPIOPinTypeUART)
                  00000940    00000012                        : ssi.obj (.text:SSIDataGetNonBlocking)
                  00000952    0000000e     rtsv7M4_T_le_v4SPD16_eabi.lib : copy_decompress_none.obj (.text:decompress:none)
                  00000960    0000000c     driverlib-cm4f.lib : ssi.obj (.text:SSIDataGet)
                  0000096c    0000000a                        : ssi.obj (.text:SSIDataPut)
                  00000976    0000000a                        : ssi.obj (.text:SSIEnable)
                  00000980    00000008                        : ssi.obj (.text:SSIBusy)
                  00000988    00000006                        : sysctl.obj (.text:SysCtlDelay)
                  0000098e    00000006     rtsv7M4_T_le_v4SPD16_eabi.lib : copy_decompress_rle.obj (.text:decompress:rle24)

.const     0    00000994    00000124     
                  00000994    00000078     driverlib-cm4f.lib : gpio.obj (.const:g_pulGPIOBaseAddrs)
                  00000a0c    0000006c                        : sysctl.obj (.const:g_pulXtals)
                  00000a78    00000040                        : sysctl.obj (.const)

.cinit     0    00000ab8    00000020     
                  00000ab8    0000000f     (.cinit..data.load) [load image, compression = rle]
                  00000ac7    00000001     --HOLE-- [fill = 0]
                  00000ac8    00000008     (__TI_handler_table)
                  00000ad0    00000008     (__TI_cinit_table)

.stack     0    20000000    00000100     UNINITIALIZED
                  20000000    00000100     --HOLE--

.data      0    20000100    00000014     
                  20000100    00000008     rtsv7M4_T_le_v4SPD16_eabi.lib : _lock.obj (.data)
                  20000108    00000008                                   : exit.obj (.data)
                  20000110    00000004                                   : stkdepth_vars.obj (.data)


LINKER GENERATED COPY TABLES

__TI_cinit_table @ 00000ad0 records: 1, size/record: 8, table size: 8
	.data: load addr=00000ab8, load size=0000000f bytes, run addr=20000100, run size=00000014 bytes, compression=rle


LINKER GENERATED HANDLER TABLE

__TI_handler_table @ 00000ac8 records: 2, size/record: 4, table size: 8
	index: 0, handler: __TI_decompress_rle24
	index: 1, handler: __TI_decompress_none


GLOBAL SYMBOLS: SORTED ALPHABETICALLY BY Name 

address    name
--------   ----
00000881   C$$EXIT
000008c1   GPIODirModeSet
000004b9   GPIOPadConfigSet
00000769   GPIOPinConfigure
0000091d   GPIOPinTypeSSI
0000092f   GPIOPinTypeUART
000001d9   InitConsole
UNDEFED    SHT$$INIT_ARRAY$$Base
UNDEFED    SHT$$INIT_ARRAY$$Limit
00000981   SSIBusy
000007f9   SSIConfigSetExpClk
00000961   SSIDataGet
00000941   SSIDataGetNonBlocking
0000096d   SSIDataPut
00000977   SSIEnable
00000001   SysCtlClockGet
0000037d   SysCtlClockSet
00000989   SysCtlDelay
00000711   SysCtlPeripheralEnable
UNDEFED    UARTStdioInit
UNDEFED    UARTprintf
20000100   __STACK_END
00000100   __STACK_SIZE
20000100   __STACK_TOP
00000ad0   __TI_CINIT_Base
00000ad8   __TI_CINIT_Limit
00000ac8   __TI_Handler_Table_Base
00000ad0   __TI_Handler_Table_Limit
00000001   __TI_args_main
0000061d   __TI_auto_init
00000953   __TI_decompress_none
0000098f   __TI_decompress_rle24
00000000   __TI_static_base__
00000581   __aeabi_memcpy
00000581   __aeabi_memcpy4
00000581   __aeabi_memcpy8
ffffffff   __binit__
ffffffff   __c_args__
20000000   __stack
000008f1   _args_main
000007b1   _c_int00
20000108   _cleanup_ptr
2000010c   _dtors_ptr
20000100   _lock
00000917   _nop
0000090f   _register_lock
00000909   _register_unlock
20000104   _unlock
00000885   abort
ffffffff   binit
0000083d   copy_in
0000088d   exit
00000201   main
20000110   main_func_sp
00000581   memcpy


GLOBAL SYMBOLS: SORTED BY Symbol Address 

address    name
--------   ----
00000000   __TI_static_base__
00000001   SysCtlClockGet
00000001   __TI_args_main
00000100   __STACK_SIZE
000001d9   InitConsole
00000201   main
0000037d   SysCtlClockSet
000004b9   GPIOPadConfigSet
00000581   __aeabi_memcpy
00000581   __aeabi_memcpy4
00000581   __aeabi_memcpy8
00000581   memcpy
0000061d   __TI_auto_init
00000711   SysCtlPeripheralEnable
00000769   GPIOPinConfigure
000007b1   _c_int00
000007f9   SSIConfigSetExpClk
0000083d   copy_in
00000881   C$$EXIT
00000885   abort
0000088d   exit
000008c1   GPIODirModeSet
000008f1   _args_main
00000909   _register_unlock
0000090f   _register_lock
00000917   _nop
0000091d   GPIOPinTypeSSI
0000092f   GPIOPinTypeUART
00000941   SSIDataGetNonBlocking
00000953   __TI_decompress_none
00000961   SSIDataGet
0000096d   SSIDataPut
00000977   SSIEnable
00000981   SSIBusy
00000989   SysCtlDelay
0000098f   __TI_decompress_rle24
00000ac8   __TI_Handler_Table_Base
00000ad0   __TI_CINIT_Base
00000ad0   __TI_Handler_Table_Limit
00000ad8   __TI_CINIT_Limit
20000000   __stack
20000100   __STACK_END
20000100   __STACK_TOP
20000100   _lock
20000104   _unlock
20000108   _cleanup_ptr
2000010c   _dtors_ptr
20000110   main_func_sp
ffffffff   __binit__
ffffffff   __c_args__
ffffffff   binit
UNDEFED    SHT$$INIT_ARRAY$$Base
UNDEFED    SHT$$INIT_ARRAY$$Limit
UNDEFED    UARTStdioInit
UNDEFED    UARTprintf

[55 symbols]
