******************************************************************************
                  TMS470 Linker Unix v4.9.5                    
******************************************************************************
>> Linked Thu Mar 26 12:24:15 2015

OUTPUT FILE NAME:   <Prueba_GPS.out>
ENTRY POINT SYMBOL: "_c_int00"  address: 00000855


MEMORY CONFIGURATION

         name            origin    length      used     unused   attr    fill
----------------------  --------  ---------  --------  --------  ----  --------
  FLASH                 00000000   00040000  00000c44  0003f3bc  R  X
  SRAM                  20000000   00008000  00000148  00007eb8  RW X


SEGMENT ALLOCATION MAP

run origin  load origin   length   init length attrs members
----------  ----------- ---------- ----------- ----- -------
00000000    00000000    00000c48   00000c48    r-x
  00000000    00000000    00000a50   00000a50    r-x .text
  00000a50    00000a50    00000194   00000194    r-- .const
  00000be8    00000be8    00000060   00000060    r-- .cinit
20000000    20000000    00000100   00000000    rw-
  20000000    20000000    00000100   00000000    rw- .stack
20000100    20000100    00000048   00000040    rw-
  20000100    20000100    00000040   00000040    rw- .data
  20000140    20000140    00000008   00000000    rw- .bss


SECTION ALLOCATION MAP

 output                                  attributes/
section   page    origin      length       input sections
--------  ----  ----------  ----------   ----------------
.text      0    00000000    00000a50     
                  00000000    000001d8     driverlib-cm4f.lib : sysctl.obj (.text:SysCtlClockGet)
                  000001d8    00000198     main.obj (.text)
                  00000370    0000013c     driverlib-cm4f.lib : sysctl.obj (.text:SysCtlClockSet)
                  000004ac    000000c8                        : gpio.obj (.text:GPIOPadConfigSet)
                  00000574    0000009c     rtsv7M4_T_le_v4SPD16_eabi.lib : memcpy_t2.obj (.text)
                  00000610    00000094                                   : auto_init.obj (.text)
                  000006a4    00000064     driverlib-cm4f.lib : interrupt.obj (.text:IntEnable)
                  00000708    0000005e     rtsv7M4_T_le_v4SPD16_eabi.lib : copy_decompress_rle.obj (.text)
                  00000766    00000002     --HOLE-- [fill = 0]
                  00000768    00000058     driverlib-cm4f.lib : sysctl.obj (.text:SysCtlPeripheralEnable)
                  000007c0    0000004c     rtsv7M4_T_le_v4SPD16_eabi.lib : cpy_tbl.obj (.text)
                  0000080c    00000048     driverlib-cm4f.lib : gpio.obj (.text:GPIOPinConfigure)
                  00000854    00000048     rtsv7M4_T_le_v4SPD16_eabi.lib : boot.obj (.text)
                  0000089c    00000044                                   : exit.obj (.text)
                  000008e0    00000042     driverlib-cm4f.lib : uart.obj (.text:UARTConfigSetExpClk)
                  00000922    0000002e                        : gpio.obj (.text:GPIODirModeSet)
                  00000950    0000001c                        : uart.obj (.text:UARTDisable)
                  0000096c    00000018     rtsv7M4_T_le_v4SPD16_eabi.lib : _lock.obj (.text)
                  00000984    00000018                                   : args_main.obj (.text)
                  0000099c    00000014     driverlib-cm4f.lib : uart.obj (.text:UARTEnable)
                  000009b0    00000012                        : gpio.obj (.text:GPIOPinTypeUART)
                  000009c2    00000012     rtsv7M4_T_le_v4SPD16_eabi.lib : copy_zero_init.obj (.text:decompress:ZI)
                  000009d4    00000010     driverlib-cm4f.lib : uart.obj (.text:UARTCharGetNonBlocking)
                  000009e4    0000000e     rtsv7M4_T_le_v4SPD16_eabi.lib : copy_decompress_none.obj (.text:decompress:none)
                  000009f2    0000000c     driverlib-cm4f.lib : cpu.obj (.text:CPUcpsie)
                  000009fe    0000000c                        : uart.obj (.text:UARTCharsAvail)
                  00000a0a    0000000a                        : interrupt.obj (.text:IntMasterEnable)
                  00000a14    0000000a                        : uart.obj (.text:UARTCharPut)
                  00000a1e    0000000a                        : uart.obj (.text:UARTFIFOEnable)
                  00000a28    0000000a                        : uart.obj (.text:UARTIntStatus)
                  00000a32    00000008                        : uart.obj (.text:UARTIntEnable)
                  00000a3a    00000006                        : sysctl.obj (.text:SysCtlDelay)
                  00000a40    00000006                        : uart.obj (.text:UARTFIFOLevelSet)
                  00000a46    00000006     rtsv7M4_T_le_v4SPD16_eabi.lib : copy_decompress_rle.obj (.text:decompress:rle24)
                  00000a4c    00000004     driverlib-cm4f.lib : uart.obj (.text:UARTIntClear)

.const     0    00000a50    00000194     
                  00000a50    00000078     driverlib-cm4f.lib : gpio.obj (.const:g_pulGPIOBaseAddrs)
                  00000ac8    00000070                        : interrupt.obj (.const)
                  00000b38    0000006c                        : sysctl.obj (.const:g_pulXtals)
                  00000ba4    00000040                        : sysctl.obj (.const)

.cinit     0    00000be8    00000060     
                  00000be8    0000003b     (.cinit..data.load) [load image, compression = rle]
                  00000c23    00000001     --HOLE-- [fill = 0]
                  00000c24    0000000c     (__TI_handler_table)
                  00000c30    00000008     (.cinit..bss.load) [load image, compression = zero_init]
                  00000c38    00000010     (__TI_cinit_table)

.stack     0    20000000    00000100     UNINITIALIZED
                  20000000    00000100     --HOLE--

.data      0    20000100    00000040     
                  20000100    0000002b     main.obj (.data)
                  2000012b    00000001     --HOLE--
                  2000012c    00000008     rtsv7M4_T_le_v4SPD16_eabi.lib : _lock.obj (.data)
                  20000134    00000008                                   : exit.obj (.data)
                  2000013c    00000004                                   : stkdepth_vars.obj (.data)

.bss       0    20000140    00000008     UNINITIALIZED
                  20000140    00000008     main.obj (.bss)


LINKER GENERATED COPY TABLES

__TI_cinit_table @ 00000c38 records: 2, size/record: 8, table size: 16
	.data: load addr=00000be8, load size=0000003b bytes, run addr=20000100, run size=00000040 bytes, compression=rle
	.bss: load addr=00000c30, load size=00000008 bytes, run addr=20000140, run size=00000008 bytes, compression=zero_init


LINKER GENERATED HANDLER TABLE

__TI_handler_table @ 00000c24 records: 3, size/record: 4, table size: 12
	index: 0, handler: __TI_decompress_rle24
	index: 1, handler: __TI_decompress_none
	index: 2, handler: __TI_zero_init


GLOBAL SYMBOLS: SORTED ALPHABETICALLY BY Name 

address    name
--------   ----
0000089d   C$$EXIT
000009f3   CPUcpsie
00000923   GPIODirModeSet
000004ad   GPIOPadConfigSet
0000080d   GPIOPinConfigure
000009b1   GPIOPinTypeUART
0000032f   GPIOinterrupcion
000006a5   IntEnable
00000a0b   IntMasterEnable
UNDEFED    SHT$$INIT_ARRAY$$Base
UNDEFED    SHT$$INIT_ARRAY$$Limit
00000001   SysCtlClockGet
00000371   SysCtlClockSet
00000a3b   SysCtlDelay
00000769   SysCtlPeripheralEnable
000009d5   UARTCharGetNonBlocking
00000a15   UARTCharPut
000009ff   UARTCharsAvail
000008e1   UARTConfigSetExpClk
00000951   UARTDisable
0000099d   UARTEnable
00000a1f   UARTFIFOEnable
00000a41   UARTFIFOLevelSet
00000a4d   UARTIntClear
00000a33   UARTIntEnable
00000a29   UARTIntStatus
000002d5   UARTinterrupcion
20000100   __STACK_END
00000100   __STACK_SIZE
20000100   __STACK_TOP
00000c38   __TI_CINIT_Base
00000c48   __TI_CINIT_Limit
00000c24   __TI_Handler_Table_Base
00000c30   __TI_Handler_Table_Limit
00000001   __TI_args_main
00000611   __TI_auto_init
000009e5   __TI_decompress_none
00000a47   __TI_decompress_rle24
00000000   __TI_static_base__
000009c3   __TI_zero_init
00000575   __aeabi_memcpy
00000575   __aeabi_memcpy4
00000575   __aeabi_memcpy8
ffffffff   __binit__
ffffffff   __c_args__
20000000   __stack
00000985   _args_main
00000855   _c_int00
20000134   _cleanup_ptr
20000138   _dtors_ptr
2000012c   _lock
00000979   _nop
00000973   _register_lock
0000096d   _register_unlock
20000130   _unlock
000008a1   abort
ffffffff   binit
20000100   buferA
2000010f   buferB
2000011e   buferC
000007c1   copy_in
000008a9   exit
20000144   m
000001d9   main
2000013c   main_func_sp
00000575   memcpy
20000140   n


GLOBAL SYMBOLS: SORTED BY Symbol Address 

address    name
--------   ----
00000000   __TI_static_base__
00000001   SysCtlClockGet
00000001   __TI_args_main
00000100   __STACK_SIZE
000001d9   main
000002d5   UARTinterrupcion
0000032f   GPIOinterrupcion
00000371   SysCtlClockSet
000004ad   GPIOPadConfigSet
00000575   __aeabi_memcpy
00000575   __aeabi_memcpy4
00000575   __aeabi_memcpy8
00000575   memcpy
00000611   __TI_auto_init
000006a5   IntEnable
00000769   SysCtlPeripheralEnable
000007c1   copy_in
0000080d   GPIOPinConfigure
00000855   _c_int00
0000089d   C$$EXIT
000008a1   abort
000008a9   exit
000008e1   UARTConfigSetExpClk
00000923   GPIODirModeSet
00000951   UARTDisable
0000096d   _register_unlock
00000973   _register_lock
00000979   _nop
00000985   _args_main
0000099d   UARTEnable
000009b1   GPIOPinTypeUART
000009c3   __TI_zero_init
000009d5   UARTCharGetNonBlocking
000009e5   __TI_decompress_none
000009f3   CPUcpsie
000009ff   UARTCharsAvail
00000a0b   IntMasterEnable
00000a15   UARTCharPut
00000a1f   UARTFIFOEnable
00000a29   UARTIntStatus
00000a33   UARTIntEnable
00000a3b   SysCtlDelay
00000a41   UARTFIFOLevelSet
00000a47   __TI_decompress_rle24
00000a4d   UARTIntClear
00000c24   __TI_Handler_Table_Base
00000c30   __TI_Handler_Table_Limit
00000c38   __TI_CINIT_Base
00000c48   __TI_CINIT_Limit
20000000   __stack
20000100   __STACK_END
20000100   __STACK_TOP
20000100   buferA
2000010f   buferB
2000011e   buferC
2000012c   _lock
20000130   _unlock
20000134   _cleanup_ptr
20000138   _dtors_ptr
2000013c   main_func_sp
20000140   n
20000144   m
ffffffff   __binit__
ffffffff   __c_args__
ffffffff   binit
UNDEFED    SHT$$INIT_ARRAY$$Base
UNDEFED    SHT$$INIT_ARRAY$$Limit

[67 symbols]
