******************************************************************************
                  TI ARM Linker PC v5.0.1                      
******************************************************************************
>> Linked Mon Sep 16 17:03:19 2013

OUTPUT FILE NAME:   <Guarda_hasta_switch.out>
ENTRY POINT SYMBOL: "_c_int00"  address: 00003f29


MEMORY CONFIGURATION

         name            origin    length      used     unused   attr    fill
----------------------  --------  ---------  --------  --------  ----  --------
  FLASH                 00000000   00040000  00004516  0003baea  R  X
  SRAM                  20000000   00008000  000005b6  00007a4a  RW X


SEGMENT ALLOCATION MAP

run origin  load origin   length   init length attrs members
----------  ----------- ---------- ----------- ----- -------
00000000    00000000    00004518   00004518    r-x
  00000000    00000000    0000026c   0000026c    r-- .intvecs
  0000026c    0000026c    00004056   00004056    r-x .text
  000042c4    000042c4    00000214   00000214    r-- .const
  000044d8    000044d8    00000040   00000040    r-- .cinit
20000000    20000000    0000059c   00000000    rw-
  20000000    20000000    0000049c   00000000    rw- .bss
  2000049c    2000049c    00000100   00000000    rw- .stack
2000059c    2000059c    0000001a   0000001a    rw-
  2000059c    2000059c    0000001a   0000001a    rw- .data


SECTION ALLOCATION MAP

 output                                  attributes/
section   page    origin      length       input sections
--------  ----  ----------  ----------   ----------------
.intvecs   0    00000000    0000026c     
                  00000000    0000026c     startup_ccs.obj (.intvecs)

.text      0    0000026c    00004056     
                  0000026c    00002964     ff.obj (.text)
                  00002bd0    000009d4     diskio.obj (.text)
                  000035a4    000001d8     driverlib-cm4f.lib : sysctl.obj (.text:SysCtlClockGet)
                  0000377c    000001c0     main.obj (.text)
                  0000393c    0000013c     driverlib-cm4f.lib : sysctl.obj (.text:SysCtlClockSet)
                  00003a78    00000108     buttons.obj (.text)
                  00003b80    000000c8     driverlib-cm4f.lib : gpio.obj (.text:GPIOPadConfigSet)
                  00003c48    0000009c     rtsv7M4_T_le_v4SPD16_eabi.lib : memcpy_t2.obj (.text)
                  00003ce4    00000094                                   : auto_init.obj (.text)
                  00003d78    00000064     driverlib-cm4f.lib : interrupt.obj (.text:IntEnable)
                  00003ddc    0000005e     rtsv7M4_T_le_v4SPD16_eabi.lib : copy_decompress_rle.obj (.text)
                  00003e3a    00000002     --HOLE-- [fill = 0]
                  00003e3c    00000058     driverlib-cm4f.lib : sysctl.obj (.text:SysCtlPeripheralEnable)
                  00003e94    0000004c                        : hibernate.obj (.text:HibernateEnableExpClk)
                  00003ee0    00000048                        : gpio.obj (.text:GPIOPinConfigure)
                  00003f28    00000048     rtsv7M4_T_le_v4SPD16_eabi.lib : boot.obj (.text)
                  00003f70    00000044     driverlib-cm4f.lib : ssi.obj (.text:SSIConfigSetExpClk)
                  00003fb4    00000044     rtsv7M4_T_le_v4SPD16_eabi.lib : cpy_tbl.obj (.text)
                  00003ff8    00000042     driverlib-cm4f.lib : uart.obj (.text:UARTConfigSetExpClk)
                  0000403a    00000002     --HOLE-- [fill = 0]
                  0000403c    00000040     rtsv7M4_T_le_v4SPD16_eabi.lib : exit.obj (.text)
                  0000407c    00000038     driverlib-cm4f.lib : hibernate.obj (.text:HibernateWriteComplete)
                  000040b4    0000002e                        : gpio.obj (.text:GPIODirModeSet)
                  000040e2    00000002     --HOLE-- [fill = 0]
                  000040e4    0000001c                        : uart.obj (.text:UARTDisable)
                  00004100    00000018     rtsv7M4_T_le_v4SPD16_eabi.lib : args_main.obj (.text)
                  00004118    00000014     driverlib-cm4f.lib : fpu.obj (.text:FPUStackingEnable)
                  0000412c    00000014                        : sysctl.obj (.text:SysCtlResetCauseClear)
                  00004140    00000014                        : systick.obj (.text:SysTickEnable)
                  00004154    00000014                        : systick.obj (.text:SysTickIntEnable)
                  00004168    00000014                        : uart.obj (.text:UARTEnable)
                  0000417c    00000014     rtsv7M4_T_le_v4SPD16_eabi.lib : _lock.obj (.text)
                  00004190    00000012     driverlib-cm4f.lib : gpio.obj (.text:GPIOPinTypeGPIOOutput)
                  000041a2    00000012                        : gpio.obj (.text:GPIOPinTypeSSI)
                  000041b4    00000012                        : gpio.obj (.text:GPIOPinTypeUART)
                  000041c6    00000012     rtsv7M4_T_le_v4SPD16_eabi.lib : copy_zero_init.obj (.text:decompress:ZI)
                  000041d8    00000010     driverlib-cm4f.lib : fpu.obj (.text:FPUEnable)
                  000041e8    00000010                        : systick.obj (.text:SysTickPeriodSet)
                  000041f8    00000010                        : uart.obj (.text:UARTCharGetNonBlocking)
                  00004208    0000000e     rtsv7M4_T_le_v4SPD16_eabi.lib : copy_decompress_none.obj (.text:decompress:none)
                  00004216    0000000c     driverlib-cm4f.lib : cpu.obj (.text:CPUcpsie)
                  00004222    0000000c                        : ssi.obj (.text:SSIDataGet)
                  0000422e    00000002     --HOLE-- [fill = 0]
                  00004230    0000000c                        : sysctl.obj (.text:SysCtlResetCauseGet)
                  0000423c    0000000c                        : uart.obj (.text:UARTCharsAvail)
                  00004248    0000000c     startup_ccs.obj (.text)
                  00004254    0000000a     driverlib-cm4f.lib : gpio.obj (.text:GPIOPinRead)
                  0000425e    0000000a                        : gpio.obj (.text:GPIOPinWrite)
                  00004268    0000000a                        : interrupt.obj (.text:IntMasterEnable)
                  00004272    0000000a                        : ssi.obj (.text:SSIDataPut)
                  0000427c    0000000a                        : ssi.obj (.text:SSIDisable)
                  00004286    0000000a                        : ssi.obj (.text:SSIEnable)
                  00004290    0000000a                        : uart.obj (.text:UARTFIFOEnable)
                  0000429a    0000000a                        : uart.obj (.text:UARTIntStatus)
                  000042a4    00000008                        : uart.obj (.text:UARTIntEnable)
                  000042ac    00000006                        : sysctl.obj (.text:SysCtlDelay)
                  000042b2    00000006                        : uart.obj (.text:UARTFIFOLevelSet)
                  000042b8    00000006     rtsv7M4_T_le_v4SPD16_eabi.lib : copy_decompress_rle.obj (.text:decompress:rle24)
                  000042be    00000004     driverlib-cm4f.lib : uart.obj (.text:UARTIntClear)

.const     0    000042c4    00000214     
                  000042c4    00000080     ff.obj (.const:.string:excvt$1)
                  00004344    00000078     driverlib-cm4f.lib : gpio.obj (.const:g_pulGPIOBaseAddrs)
                  000043bc    00000070                        : interrupt.obj (.const)
                  0000442c    0000006c                        : sysctl.obj (.const:g_pulXtals)
                  00004498    00000040                        : sysctl.obj (.const)

.cinit     0    000044d8    00000040     
                  000044d8    00000015     (.cinit..data.load) [load image, compression = rle]
                  000044ed    00000003     --HOLE-- [fill = 0]
                  000044f0    0000000c     (__TI_handler_table)
                  000044fc    00000004     --HOLE-- [fill = 0]
                  00004500    00000008     (.cinit..bss.load) [load image, compression = zero_init]
                  00004508    00000010     (__TI_cinit_table)

.bss       0    20000000    0000049c     UNINITIALIZED
                  20000000    00000230     main.obj (.bss:Fatfs)
                  20000230    00000224     main.obj (.bss:Fil)
                  20000454    00000024     main.obj (.bss:g_sAppState)
                  20000478    0000000a     main.obj (.bss)
                  20000482    00000002     --HOLE--
                  20000484    00000009     diskio.obj (.bss)
                  2000048d    00000003     --HOLE--
                  20000490    00000006     ff.obj (.bss)
                  20000496    00000002     --HOLE--
                  20000498    00000004     driverlib-cm4f.lib : hibernate.obj (.bss)

.stack     0    2000049c    00000100     UNINITIALIZED
                  2000049c    00000100     --HOLE--

.data      0    2000059c    0000001a     
                  2000059c    00000008     rtsv7M4_T_le_v4SPD16_eabi.lib : _lock.obj (.data)
                  200005a4    00000008                                   : exit.obj (.data)
                  200005ac    00000004                                   : stkdepth_vars.obj (.data)
                  200005b0    00000003     buttons.obj (.data)
                  200005b3    00000001     --HOLE--
                  200005b4    00000002     diskio.obj (.data)


LINKER GENERATED COPY TABLES

__TI_cinit_table @ 00004508 records: 2, size/record: 8, table size: 16
	.data: load addr=000044d8, load size=00000015 bytes, run addr=2000059c, run size=0000001a bytes, compression=rle
	.bss: load addr=00004500, load size=00000008 bytes, run addr=20000000, run size=0000049c bytes, compression=zero_init


LINKER GENERATED HANDLER TABLE

__TI_handler_table @ 000044f0 records: 3, size/record: 4, table size: 12
	index: 0, handler: __TI_decompress_rle24
	index: 1, handler: __TI_decompress_none
	index: 2, handler: __TI_zero_init


GLOBAL SYMBOLS: SORTED ALPHABETICALLY BY Name 

address    name
--------   ----
00003853   AppButtonHandler
2000047c   Buff
00003b1d   ButtonsInit
00003a79   ButtonsPoll
0000403d   C$$EXIT
00004217   CPUcpsie
000041d9   FPUEnable
00004119   FPUStackingEnable
20000000   Fatfs
20000230   Fil
000040b5   GPIODirModeSet
00003b81   GPIOPadConfigSet
00003ee1   GPIOPinConfigure
00004255   GPIOPinRead
00004191   GPIOPinTypeGPIOOutput
000041a3   GPIOPinTypeSSI
000041b5   GPIOPinTypeUART
0000425f   GPIOPinWrite
00003e95   HibernateEnableExpClk
0000407d   HibernateWriteComplete
00003d79   IntEnable
00004269   IntMasterEnable
00004249   ResetISR
00002bd1   SELECT
UNDEFED    SHT$$INIT_ARRAY$$Base
UNDEFED    SHT$$INIT_ARRAY$$Limit
00003f71   SSIConfigSetExpClk
00004223   SSIDataGet
00004273   SSIDataPut
0000427d   SSIDisable
00004287   SSIEnable
000035a5   SysCtlClockGet
0000393d   SysCtlClockSet
000042ad   SysCtlDelay
00003e3d   SysCtlPeripheralEnable
0000412d   SysCtlResetCauseClear
00004231   SysCtlResetCauseGet
00004141   SysTickEnable
00004155   SysTickIntEnable
0000387d   SysTickIntHandler
000041e9   SysTickPeriodSet
000041f9   UARTCharGetNonBlocking
0000423d   UARTCharsAvail
00003ff9   UARTConfigSetExpClk
000040e5   UARTDisable
00004169   UARTEnable
00004291   UARTFIFOEnable
000042b3   UARTFIFOLevelSet
000042bf   UARTIntClear
000042a5   UARTIntEnable
0000429b   UARTIntStatus
2000059c   __STACK_END
00000100   __STACK_SIZE
2000059c   __STACK_TOP
00004508   __TI_CINIT_Base
00004518   __TI_CINIT_Limit
000044f0   __TI_Handler_Table_Base
000044fc   __TI_Handler_Table_Limit
00000001   __TI_args_main
00003ce5   __TI_auto_init
00004209   __TI_decompress_none
000042b9   __TI_decompress_rle24
00000000   __TI_static_base__
000041c7   __TI_zero_init
00003c49   __aeabi_memcpy
00003c49   __aeabi_memcpy4
00003c49   __aeabi_memcpy8
ffffffff   __binit__
ffffffff   __c_args__
2000049c   __stack
00004101   _args_main
00003f29   _c_int00
200005a4   _cleanup_ptr
200005a8   _dtors_ptr
2000059c   _lock
0000418b   _nop
00004183   _register_lock
0000417d   _register_unlock
200005a0   _unlock
00004041   abort
ffffffff   binit
20000478   bw
20000481   cThisChar
00000503   clust2sect
00003fb5   copy_in
00002f91   disk_initialize
00003349   disk_ioctl
000031a5   disk_read
00003183   disk_status
00003551   disk_timerproc
00003261   disk_write
00004049   exit
00002963   f_chmod
00002023   f_close
0000241b   f_getfree
00002043   f_lseek
00002779   f_mkdir
000017bd   f_mount
00001811   f_open
00002291   f_opendir
00001a29   f_read
00002341   f_readdir
00002a79   f_rename
000023cb   f_stat
00001f23   f_sync
0000257d   f_truncate
00002679   f_unlink
000029f3   f_utime
00001c7f   f_write
00000000   g_pfnVectors
20000454   g_sAppState
00000533   get_fat
00003595   get_fattime
00003891   interrupcionUART1
0000377d   main
200005ac   main_func_sp
00003c49   memcpy
00000657   put_fat
20000480   rc


GLOBAL SYMBOLS: SORTED BY Symbol Address 

address    name
--------   ----
00000000   __TI_static_base__
00000000   g_pfnVectors
00000001   __TI_args_main
00000100   __STACK_SIZE
00000503   clust2sect
00000533   get_fat
00000657   put_fat
000017bd   f_mount
00001811   f_open
00001a29   f_read
00001c7f   f_write
00001f23   f_sync
00002023   f_close
00002043   f_lseek
00002291   f_opendir
00002341   f_readdir
000023cb   f_stat
0000241b   f_getfree
0000257d   f_truncate
00002679   f_unlink
00002779   f_mkdir
00002963   f_chmod
000029f3   f_utime
00002a79   f_rename
00002bd1   SELECT
00002f91   disk_initialize
00003183   disk_status
000031a5   disk_read
00003261   disk_write
00003349   disk_ioctl
00003551   disk_timerproc
00003595   get_fattime
000035a5   SysCtlClockGet
0000377d   main
00003853   AppButtonHandler
0000387d   SysTickIntHandler
00003891   interrupcionUART1
0000393d   SysCtlClockSet
00003a79   ButtonsPoll
00003b1d   ButtonsInit
00003b81   GPIOPadConfigSet
00003c49   __aeabi_memcpy
00003c49   __aeabi_memcpy4
00003c49   __aeabi_memcpy8
00003c49   memcpy
00003ce5   __TI_auto_init
00003d79   IntEnable
00003e3d   SysCtlPeripheralEnable
00003e95   HibernateEnableExpClk
00003ee1   GPIOPinConfigure
00003f29   _c_int00
00003f71   SSIConfigSetExpClk
00003fb5   copy_in
00003ff9   UARTConfigSetExpClk
0000403d   C$$EXIT
00004041   abort
00004049   exit
0000407d   HibernateWriteComplete
000040b5   GPIODirModeSet
000040e5   UARTDisable
00004101   _args_main
00004119   FPUStackingEnable
0000412d   SysCtlResetCauseClear
00004141   SysTickEnable
00004155   SysTickIntEnable
00004169   UARTEnable
0000417d   _register_unlock
00004183   _register_lock
0000418b   _nop
00004191   GPIOPinTypeGPIOOutput
000041a3   GPIOPinTypeSSI
000041b5   GPIOPinTypeUART
000041c7   __TI_zero_init
000041d9   FPUEnable
000041e9   SysTickPeriodSet
000041f9   UARTCharGetNonBlocking
00004209   __TI_decompress_none
00004217   CPUcpsie
00004223   SSIDataGet
00004231   SysCtlResetCauseGet
0000423d   UARTCharsAvail
00004249   ResetISR
00004255   GPIOPinRead
0000425f   GPIOPinWrite
00004269   IntMasterEnable
00004273   SSIDataPut
0000427d   SSIDisable
00004287   SSIEnable
00004291   UARTFIFOEnable
0000429b   UARTIntStatus
000042a5   UARTIntEnable
000042ad   SysCtlDelay
000042b3   UARTFIFOLevelSet
000042b9   __TI_decompress_rle24
000042bf   UARTIntClear
000044f0   __TI_Handler_Table_Base
000044fc   __TI_Handler_Table_Limit
00004508   __TI_CINIT_Base
00004518   __TI_CINIT_Limit
20000000   Fatfs
20000230   Fil
20000454   g_sAppState
20000478   bw
2000047c   Buff
20000480   rc
20000481   cThisChar
2000049c   __stack
2000059c   __STACK_END
2000059c   __STACK_TOP
2000059c   _lock
200005a0   _unlock
200005a4   _cleanup_ptr
200005a8   _dtors_ptr
200005ac   main_func_sp
ffffffff   __binit__
ffffffff   __c_args__
ffffffff   binit
UNDEFED    SHT$$INIT_ARRAY$$Base
UNDEFED    SHT$$INIT_ARRAY$$Limit

[119 symbols]
